#
# A fatal error has been detected by the Java Runtime Environment:
#
#  SIGSEGV (0xb) at pc=0x0000766dca024302, pid=14928, tid=14934
#
# JRE version: OpenJDK Runtime Environment (11.0.27+6) (build 11.0.27+6-post-Ubuntu-0ubuntu124.04)
# Java VM: OpenJDK 64-Bit Server VM (11.0.27+6-post-Ubuntu-0ubuntu124.04, mixed mode, sharing, tiered, compressed oops, g1 gc, linux-amd64)
# Problematic frame:
# C  [libLLVM-13.so+0xc24302]  LLVMIsConstant+0x2
#
# Core dump will be written. Default location: Core dumps may be processed with "/usr/share/apport/apport -p%p -s%s -c%c -d%d -P%P -u%u -g%g -- %E" (or dumping to /home/asus/桌面/Lab/core.14928)
#
# If you would like to submit a bug report, please visit:
#   https://bugs.launchpad.net/ubuntu/+source/openjdk-lts
# The crash happened outside the Java Virtual Machine in native code.
# See problematic frame for where to report the bug.
#

---------------  S U M M A R Y ------------

Command Line: -javaagent:/snap/intellij-idea-ultimate/604/lib/idea_rt.jar=35725 -Dfile.encoding=UTF-8 Main tests/test1.sysy tests/test1.ll

Host: 13th Gen Intel(R) Core(TM) i9-13900H, 128 cores, 7G, Ubuntu 24.04.2 LTS
Time: Wed May 21 17:11:52 2025 CST elapsed time: 0.280340 seconds (0d 0h 0m 0s)

---------------  T H R E A D  ---------------

Current thread (0x0000766e40016800):  JavaThread "main" [_thread_in_native, id=14934, stack(0x0000766e46500000,0x0000766e46600000)]

Stack: [0x0000766e46500000,0x0000766e46600000],  sp=0x0000766e465fe6b8,  free space=1017k
Native frames: (J=compiled Java code, A=aot compiled Java code, j=interpreted, Vv=VM code, C=native code)
C  [libLLVM-13.so+0xc24302]  LLVMIsConstant+0x2
j  optimization.DeadCodeEliminationPass.simplifyConstantBranches(Loptimization/cfg/ControlFlowGraph;Lorg/bytedeco/llvm/LLVM/LLVMValueRef;)V+79
j  optimization.DeadCodeEliminationPass.run(Lorg/bytedeco/llvm/LLVM/LLVMModuleRef;)Lorg/bytedeco/llvm/LLVM/LLVMModuleRef;+39
j  optimization.IROptimizer.optimize(Lorg/bytedeco/llvm/LLVM/LLVMModuleRef;)Lorg/bytedeco/llvm/LLVM/LLVMModuleRef;+225
j  Main.main([Ljava/lang/String;)V+143
v  ~StubRoutines::call_stub
V  [libjvm.so+0x87a653]  JavaCalls::call_helper(JavaValue*, methodHandle const&, JavaCallArguments*, Thread*)+0x373
V  [libjvm.so+0x8ff69c]  jni_invoke_static(JNIEnv_*, JavaValue*, _jobject*, JNICallType, _jmethodID*, JNI_ArgumentPusher*, Thread*) [clone .constprop.1]+0x31c
V  [libjvm.so+0x902a72]  jni_CallStaticVoidMethod+0x162
C  [libjli.so+0x5a7e]  JavaMain+0xd7e
C  [libjli.so+0x9a6d]  ThreadJavaMain+0xd
C  [libc.so.6+0x9caa4]

Java frames: (J=compiled Java code, j=interpreted, Vv=VM code)
j  org.bytedeco.llvm.global.LLVM.LLVMIsConstant(Lorg/bytedeco/llvm/LLVM/LLVMValueRef;)I+0
j  optimization.DeadCodeEliminationPass.simplifyConstantBranches(Loptimization/cfg/ControlFlowGraph;Lorg/bytedeco/llvm/LLVM/LLVMValueRef;)V+79
j  optimization.DeadCodeEliminationPass.run(Lorg/bytedeco/llvm/LLVM/LLVMModuleRef;)Lorg/bytedeco/llvm/LLVM/LLVMModuleRef;+39
j  optimization.IROptimizer.optimize(Lorg/bytedeco/llvm/LLVM/LLVMModuleRef;)Lorg/bytedeco/llvm/LLVM/LLVMModuleRef;+225
j  Main.main([Ljava/lang/String;)V+143
v  ~StubRoutines::call_stub

siginfo: si_signo: 11 (SIGSEGV), si_code: 1 (SEGV_MAPERR), si_addr: 0x0000766926a13570

Register to memory mapping:

RAX=0x0 is NULL
RBX={method} {0x0000766e19c28fa0} 'LLVMIsConstant' '(Lorg/bytedeco/llvm/LLVM/LLVMValueRef;)I' in 'org/bytedeco/llvm/global/LLVM'
RCX=0x00000000000000e0 is an unknown value
RDX=0x0000000000000042 is an unknown value
RSP=0x0000766e465fe6b8 is pointing into the stack for thread: 0x0000766e40016800
RBP=0x0000766e465fe710 is pointing into the stack for thread: 0x0000766e40016800
RSI=0x0000766e465fe730 is pointing into the stack for thread: 0x0000766e40016800
RDI=0x0000766926a13560 is an unknown value
R8 =0x0000766e40016b50 points into unknown readable memory: 0x0000766e4785bb60 | 60 bb 85 47 6e 76 00 00
R9 =0x000000008b9b8660 is an oop: org.bytedeco.llvm.LLVM.LLVMValueRef 
{0x000000008b9b8660} - klass: 'org/bytedeco/llvm/LLVM/LLVMValueRef'
 - ---- fields (total size 6 words):
 - private 'deallocator' 'Lorg/bytedeco/javacpp/Pointer$Deallocator;' @12  NULL (0)
 - protected 'address' 'J' @16  130193991742816 (26a13560 7669)
 - protected 'position' 'J' @24  0 (0 0)
 - protected 'limit' 'J' @32  0 (0 0)
 - protected 'capacity' 'J' @40  0 (0 0)
R10=0x0000000000000014 is an unknown value
R11=0x0000766e478bfba4: <offset 0x00000000012bfba4> in /usr/lib/jvm/java-11-openjdk-amd64/lib/server/libjvm.so at 0x0000766e46600000
R12=0x0 is NULL
R13=0x0000766e19c28f98 is pointing into metadata
R14=0x0000766e465fe730 is pointing into the stack for thread: 0x0000766e40016800
R15=0x0000766e40016800 is a thread


Registers:
RAX=0x0000000000000000, RBX=0x0000766e19c28fa0, RCX=0x00000000000000e0, RDX=0x0000000000000042
RSP=0x0000766e465fe6b8, RBP=0x0000766e465fe710, RSI=0x0000766e465fe730, RDI=0x0000766926a13560
R8 =0x0000766e40016b50, R9 =0x000000008b9b8660, R10=0x0000000000000014, R11=0x0000766e478bfba4
R12=0x0000000000000000, R13=0x0000766e19c28f98, R14=0x0000766e465fe730, R15=0x0000766e40016800
RIP=0x0000766dca024302, EFLAGS=0x0000000000010246, CSGSFS=0x002b000000000033, ERR=0x0000000000000004
  TRAPNO=0x000000000000000e

Top of Stack: (sp=0x0000766e465fe6b8)
0x0000766e465fe6b8:   0000766e2860fa10 0000000000000000
0x0000766e465fe6c8:   0000766e465fe6c8 0000000000000000
0x0000766e465fe6d8:   0000766e465fe730 0000766e19c78b00
0x0000766e465fe6e8:   0000000000000000 000000008c2bc438 

Instructions: (pc=0x0000766dca024302)
0x0000766dca024202:   ff ff 07 48 c1 e2 05 48 29 d7 48 01 f8 c3 f6 47
0x0000766dca024212:   17 40 74 5a 48 8b 7f f8 89 f6 48 c1 e6 05 48 01
0x0000766dca024222:   f7 48 83 3f 00 74 14 48 8b 47 08 48 8b 4f 10 48
0x0000766dca024232:   89 01 48 85 c0 74 04 48 89 48 10 48 89 17 48 85
0x0000766dca024242:   d2 74 21 48 8b 42 08 48 8d 4a 08 48 89 47 08 48
0x0000766dca024252:   85 c0 74 08 48 8d 77 08 48 89 70 10 48 89 4f 10
0x0000766dca024262:   48 89 7a 08 c3 66 0f 1f 84 00 00 00 00 00 8b 47
0x0000766dca024272:   14 25 ff ff ff 07 48 c1 e0 05 48 29 c7 eb 99 66
0x0000766dca024282:   2e 0f 1f 84 00 00 00 00 00 0f 1f 44 00 00 80 7f
0x0000766dca024292:   10 15 74 0a 8b 47 14 25 ff ff ff 07 c3 90 48 8b
0x0000766dca0242a2:   4f 18 b8 01 00 00 00 0f b6 11 83 ea 01 83 fa 01
0x0000766dca0242b2:   76 ea 8b 41 08 c3 0f 1f 84 00 00 00 00 00 e9 7b
0x0000766dca0242c2:   8e ff ff 66 2e 0f 1f 84 00 00 00 00 00 90 e9 8b
0x0000766dca0242d2:   ae ff ff 66 2e 0f 1f 84 00 00 00 00 00 90 e9 4b
0x0000766dca0242e2:   e4 fe ff 66 2e 0f 1f 84 00 00 00 00 00 90 e9 db
0x0000766dca0242f2:   e9 fe ff 66 2e 0f 1f 84 00 00 00 00 00 90 31 c0
0x0000766dca024302:   80 7f 10 12 0f 96 c0 c3 66 0f 1f 44 00 00 80 7f
0x0000766dca024312:   10 12 77 1a 48 83 ec 08 e8 f1 6e fe ff 48 83 c4
0x0000766dca024322:   08 0f b6 c0 c3 66 0f 1f 84 00 00 00 00 00 31 c0
0x0000766dca024332:   c3 66 2e 0f 1f 84 00 00 00 00 00 0f 1f 00 0f b6
0x0000766dca024342:   47 10 83 e8 0a 83 f8 01 0f 96 c0 0f b6 c0 c3 66
0x0000766dca024352:   2e 0f 1f 84 00 00 00 00 00 0f 1f 44 00 00 31 c0
0x0000766dca024362:   80 7f 10 0b 0f 94 c0 c3 66 0f 1f 44 00 00 e9 bb
0x0000766dca024372:   de fe ff 66 2e 0f 1f 84 00 00 00 00 00 90 e9 9b
0x0000766dca024382:   65 0d 00 66 2e 0f 1f 84 00 00 00 00 00 90 41 b8
0x0000766dca024392:   01 00 00 00 31 c9 e9 b3 a8 0d 00 0f 1f 00 55 89
0x0000766dca0243a2:   d2 48 89 fd e8 75 65 0d 00 48 89 ef 5d 48 89 c6
0x0000766dca0243b2:   e9 b9 cb 0d 00 66 0f 1f 84 00 00 00 00 00 41 54
0x0000766dca0243c2:   55 48 89 fd 53 48 8b 05 d2 b6 e3 05 89 f3 48 85
0x0000766dca0243d2:   c0 74 2b 4c 8b 25 c4 b6 e3 05 48 89 ee 89 da 4c
0x0000766dca0243e2:   89 e7 e8 37 65 0d 00 5b 4c 89 e7 5d 48 89 c6 41
0x0000766dca0243f2:   5c e9 78 cb 0d 00 0f 1f 84 00 00 00 00 00 48 8d 


Stack slot to memory mapping:
stack at sp + 0 slots: 0x0000766e2860fa10 is at code_begin+944 in an Interpreter codelet
method entry point (kind = native)  [0x0000766e2860f660, 0x0000766e2860ffe0]  2432 bytes
stack at sp + 1 slots: 0x0 is NULL
stack at sp + 2 slots: 0x0000766e465fe6c8 is pointing into the stack for thread: 0x0000766e40016800
stack at sp + 3 slots: 0x0 is NULL
stack at sp + 4 slots: 0x0000766e465fe730 is pointing into the stack for thread: 0x0000766e40016800
stack at sp + 5 slots: 0x0000766e19c78b00 is pointing into metadata
stack at sp + 6 slots: 0x0 is NULL
stack at sp + 7 slots: 0x000000008c2bc438 points into unknown readable memory: 0x0000003941a79c01 | 01 9c a7 41 39 00 00 00


---------------  P R O C E S S  ---------------

Threads class SMR info:
_java_thread_list=0x0000766e40317c50, length=13, elements={
0x0000766e40016800, 0x0000766e40178800, 0x0000766e4017a800, 0x0000766e40180000,
0x0000766e40182000, 0x0000766e40184000, 0x0000766e40186000, 0x0000766e40188800,
0x0000766e401ae000, 0x0000766df4076000, 0x0000766e4026f000, 0x0000766df8001000,
0x0000766e40316800
}

Java Threads: ( => current thread )
=>0x0000766e40016800 JavaThread "main" [_thread_in_native, id=14934, stack(0x0000766e46500000,0x0000766e46600000)]
  0x0000766e40178800 JavaThread "Reference Handler" daemon [_thread_blocked, id=14944, stack(0x0000766e4446d000,0x0000766e4456d000)]
  0x0000766e4017a800 JavaThread "Finalizer" daemon [_thread_blocked, id=14945, stack(0x0000766e4436d000,0x0000766e4446d000)]
  0x0000766e40180000 JavaThread "Signal Dispatcher" daemon [_thread_blocked, id=14946, stack(0x0000766e4426d000,0x0000766e4436d000)]
  0x0000766e40182000 JavaThread "Service Thread" daemon [_thread_blocked, id=14947, stack(0x0000766e4416d000,0x0000766e4426d000)]
  0x0000766e40184000 JavaThread "C2 CompilerThread0" daemon [_thread_blocked, id=14948, stack(0x0000766e4406d000,0x0000766e4416d000)]
  0x0000766e40186000 JavaThread "C1 CompilerThread0" daemon [_thread_blocked, id=14949, stack(0x0000766e3ff00000,0x0000766e40000000)]
  0x0000766e40188800 JavaThread "Sweeper thread" daemon [_thread_blocked, id=14950, stack(0x0000766e28500000,0x0000766e28600000)]
  0x0000766e401ae000 JavaThread "Common-Cleaner" daemon [_thread_blocked, id=14953, stack(0x0000766e28400000,0x0000766e28500000)]
  0x0000766df4076000 JavaThread "C2 CompilerThread1" daemon [_thread_blocked, id=14954, stack(0x0000766e28300000,0x0000766e28400000)]
  0x0000766e4026f000 JavaThread "Monitor Ctrl-Break" daemon [_thread_in_native, id=14956, stack(0x0000766e28200000,0x0000766e28300000)]
  0x0000766df8001000 JavaThread "Attach Listener" daemon [_thread_blocked, id=14958, stack(0x0000766e20150000,0x0000766e20250000)]
  0x0000766e40316800 JavaThread "JavaCPP Deallocator" daemon [_thread_blocked, id=14959, stack(0x0000766e20050000,0x0000766e20150000)]

Other Threads:
  0x0000766e40175800 VMThread "VM Thread" [stack: 0x0000766e4456e000,0x0000766e4466e000] [id=14943]
  0x0000766e40271800 WatcherThread [stack: 0x0000766e28100000,0x0000766e28200000] [id=14957]
  0x0000766e40030000 GCTaskThread "GC Thread#0" [stack: 0x0000766e45f2a000,0x0000766e4602a000] [id=14938]
  0x0000766e40061000 ConcurrentGCThread "G1 Main Marker" [stack: 0x0000766e44e52000,0x0000766e44f52000] [id=14939]
  0x0000766e40063000 ConcurrentGCThread "G1 Conc#0" [stack: 0x0000766e44d51000,0x0000766e44e51000] [id=14940]
  0x0000766e400db000 ConcurrentGCThread "G1 Refine#0" [stack: 0x0000766e4484c000,0x0000766e4494c000] [id=14941]
  0x0000766e400dd000 ConcurrentGCThread "G1 Young RemSet Sampling" [stack: 0x0000766e4474b000,0x0000766e4484b000] [id=14942]

Threads with active compile tasks:

VM state:at safepoint (normal execution)

VM Mutex/Monitor currently owned by a thread:  ([mutex/lock_event])
[0x0000766e40014500] Safepoint_lock - owner thread: 0x0000766e40175800
[0x0000766e40014590] Threads_lock - owner thread: 0x0000766e40175800

Heap address: 0x0000000084a00000, size: 1974 MB, Compressed Oops mode: 32-bit
Narrow klass base: 0x0000000800000000, Narrow klass shift: 3
Compressed class space size: 1073741824 Address: 0x0000000840000000

Heap:
 garbage-first heap   total 129024K, used 13008K [0x0000000084a00000, 0x0000000100000000)
  region size 1024K, 14 young (14336K), 0 survivors (0K)
 Metaspace       used 4429K, capacity 6742K, committed 6912K, reserved 1056768K
  class space    used 482K, capacity 716K, committed 768K, reserved 1048576K
Heap Regions: E=young(eden), S=young(survivor), O=old, HS=humongous(starts), HC=humongous(continues), CS=collection set, F=free, A=archive, TAMS=top-at-mark-start (previous, next)
|   0|0x0000000084a00000, 0x0000000084a00000, 0x0000000084b00000|  0%| F|  |TAMS 0x0000000084a00000, 0x0000000084a00000| Untracked 
|   1|0x0000000084b00000, 0x0000000084b00000, 0x0000000084c00000|  0%| F|  |TAMS 0x0000000084b00000, 0x0000000084b00000| Untracked 
|   2|0x0000000084c00000, 0x0000000084c00000, 0x0000000084d00000|  0%| F|  |TAMS 0x0000000084c00000, 0x0000000084c00000| Untracked 
|   3|0x0000000084d00000, 0x0000000084d00000, 0x0000000084e00000|  0%| F|  |TAMS 0x0000000084d00000, 0x0000000084d00000| Untracked 
|   4|0x0000000084e00000, 0x0000000084e00000, 0x0000000084f00000|  0%| F|  |TAMS 0x0000000084e00000, 0x0000000084e00000| Untracked 
|   5|0x0000000084f00000, 0x0000000084f00000, 0x0000000085000000|  0%| F|  |TAMS 0x0000000084f00000, 0x0000000084f00000| Untracked 
|   6|0x0000000085000000, 0x0000000085000000, 0x0000000085100000|  0%| F|  |TAMS 0x0000000085000000, 0x0000000085000000| Untracked 
|   7|0x0000000085100000, 0x0000000085100000, 0x0000000085200000|  0%| F|  |TAMS 0x0000000085100000, 0x0000000085100000| Untracked 
|   8|0x0000000085200000, 0x0000000085200000, 0x0000000085300000|  0%| F|  |TAMS 0x0000000085200000, 0x0000000085200000| Untracked 
|   9|0x0000000085300000, 0x0000000085300000, 0x0000000085400000|  0%| F|  |TAMS 0x0000000085300000, 0x0000000085300000| Untracked 
|  10|0x0000000085400000, 0x0000000085400000, 0x0000000085500000|  0%| F|  |TAMS 0x0000000085400000, 0x0000000085400000| Untracked 
|  11|0x0000000085500000, 0x0000000085500000, 0x0000000085600000|  0%| F|  |TAMS 0x0000000085500000, 0x0000000085500000| Untracked 
|  12|0x0000000085600000, 0x0000000085600000, 0x0000000085700000|  0%| F|  |TAMS 0x0000000085600000, 0x0000000085600000| Untracked 
|  13|0x0000000085700000, 0x0000000085700000, 0x0000000085800000|  0%| F|  |TAMS 0x0000000085700000, 0x0000000085700000| Untracked 
|  14|0x0000000085800000, 0x0000000085800000, 0x0000000085900000|  0%| F|  |TAMS 0x0000000085800000, 0x0000000085800000| Untracked 
|  15|0x0000000085900000, 0x0000000085900000, 0x0000000085a00000|  0%| F|  |TAMS 0x0000000085900000, 0x0000000085900000| Untracked 
|  16|0x0000000085a00000, 0x0000000085a00000, 0x0000000085b00000|  0%| F|  |TAMS 0x0000000085a00000, 0x0000000085a00000| Untracked 
|  17|0x0000000085b00000, 0x0000000085b00000, 0x0000000085c00000|  0%| F|  |TAMS 0x0000000085b00000, 0x0000000085b00000| Untracked 
|  18|0x0000000085c00000, 0x0000000085c00000, 0x0000000085d00000|  0%| F|  |TAMS 0x0000000085c00000, 0x0000000085c00000| Untracked 
|  19|0x0000000085d00000, 0x0000000085d00000, 0x0000000085e00000|  0%| F|  |TAMS 0x0000000085d00000, 0x0000000085d00000| Untracked 
|  20|0x0000000085e00000, 0x0000000085e00000, 0x0000000085f00000|  0%| F|  |TAMS 0x0000000085e00000, 0x0000000085e00000| Untracked 
|  21|0x0000000085f00000, 0x0000000085f00000, 0x0000000086000000|  0%| F|  |TAMS 0x0000000085f00000, 0x0000000085f00000| Untracked 
|  22|0x0000000086000000, 0x0000000086000000, 0x0000000086100000|  0%| F|  |TAMS 0x0000000086000000, 0x0000000086000000| Untracked 
|  23|0x0000000086100000, 0x0000000086100000, 0x0000000086200000|  0%| F|  |TAMS 0x0000000086100000, 0x0000000086100000| Untracked 
|  24|0x0000000086200000, 0x0000000086200000, 0x0000000086300000|  0%| F|  |TAMS 0x0000000086200000, 0x0000000086200000| Untracked 
|  25|0x0000000086300000, 0x0000000086300000, 0x0000000086400000|  0%| F|  |TAMS 0x0000000086300000, 0x0000000086300000| Untracked 
|  26|0x0000000086400000, 0x0000000086400000, 0x0000000086500000|  0%| F|  |TAMS 0x0000000086400000, 0x0000000086400000| Untracked 
|  27|0x0000000086500000, 0x0000000086500000, 0x0000000086600000|  0%| F|  |TAMS 0x0000000086500000, 0x0000000086500000| Untracked 
|  28|0x0000000086600000, 0x0000000086600000, 0x0000000086700000|  0%| F|  |TAMS 0x0000000086600000, 0x0000000086600000| Untracked 
|  29|0x0000000086700000, 0x0000000086700000, 0x0000000086800000|  0%| F|  |TAMS 0x0000000086700000, 0x0000000086700000| Untracked 
|  30|0x0000000086800000, 0x0000000086800000, 0x0000000086900000|  0%| F|  |TAMS 0x0000000086800000, 0x0000000086800000| Untracked 
|  31|0x0000000086900000, 0x0000000086900000, 0x0000000086a00000|  0%| F|  |TAMS 0x0000000086900000, 0x0000000086900000| Untracked 
|  32|0x0000000086a00000, 0x0000000086a00000, 0x0000000086b00000|  0%| F|  |TAMS 0x0000000086a00000, 0x0000000086a00000| Untracked 
|  33|0x0000000086b00000, 0x0000000086b00000, 0x0000000086c00000|  0%| F|  |TAMS 0x0000000086b00000, 0x0000000086b00000| Untracked 
|  34|0x0000000086c00000, 0x0000000086c00000, 0x0000000086d00000|  0%| F|  |TAMS 0x0000000086c00000, 0x0000000086c00000| Untracked 
|  35|0x0000000086d00000, 0x0000000086d00000, 0x0000000086e00000|  0%| F|  |TAMS 0x0000000086d00000, 0x0000000086d00000| Untracked 
|  36|0x0000000086e00000, 0x0000000086e00000, 0x0000000086f00000|  0%| F|  |TAMS 0x0000000086e00000, 0x0000000086e00000| Untracked 
|  37|0x0000000086f00000, 0x0000000086f00000, 0x0000000087000000|  0%| F|  |TAMS 0x0000000086f00000, 0x0000000086f00000| Untracked 
|  38|0x0000000087000000, 0x0000000087000000, 0x0000000087100000|  0%| F|  |TAMS 0x0000000087000000, 0x0000000087000000| Untracked 
|  39|0x0000000087100000, 0x0000000087100000, 0x0000000087200000|  0%| F|  |TAMS 0x0000000087100000, 0x0000000087100000| Untracked 
|  40|0x0000000087200000, 0x0000000087200000, 0x0000000087300000|  0%| F|  |TAMS 0x0000000087200000, 0x0000000087200000| Untracked 
|  41|0x0000000087300000, 0x0000000087300000, 0x0000000087400000|  0%| F|  |TAMS 0x0000000087300000, 0x0000000087300000| Untracked 
|  42|0x0000000087400000, 0x0000000087400000, 0x0000000087500000|  0%| F|  |TAMS 0x0000000087400000, 0x0000000087400000| Untracked 
|  43|0x0000000087500000, 0x0000000087500000, 0x0000000087600000|  0%| F|  |TAMS 0x0000000087500000, 0x0000000087500000| Untracked 
|  44|0x0000000087600000, 0x0000000087600000, 0x0000000087700000|  0%| F|  |TAMS 0x0000000087600000, 0x0000000087600000| Untracked 
|  45|0x0000000087700000, 0x0000000087700000, 0x0000000087800000|  0%| F|  |TAMS 0x0000000087700000, 0x0000000087700000| Untracked 
|  46|0x0000000087800000, 0x0000000087800000, 0x0000000087900000|  0%| F|  |TAMS 0x0000000087800000, 0x0000000087800000| Untracked 
|  47|0x0000000087900000, 0x0000000087900000, 0x0000000087a00000|  0%| F|  |TAMS 0x0000000087900000, 0x0000000087900000| Untracked 
|  48|0x0000000087a00000, 0x0000000087a00000, 0x0000000087b00000|  0%| F|  |TAMS 0x0000000087a00000, 0x0000000087a00000| Untracked 
|  49|0x0000000087b00000, 0x0000000087b00000, 0x0000000087c00000|  0%| F|  |TAMS 0x0000000087b00000, 0x0000000087b00000| Untracked 
|  50|0x0000000087c00000, 0x0000000087c00000, 0x0000000087d00000|  0%| F|  |TAMS 0x0000000087c00000, 0x0000000087c00000| Untracked 
|  51|0x0000000087d00000, 0x0000000087d00000, 0x0000000087e00000|  0%| F|  |TAMS 0x0000000087d00000, 0x0000000087d00000| Untracked 
|  52|0x0000000087e00000, 0x0000000087e00000, 0x0000000087f00000|  0%| F|  |TAMS 0x0000000087e00000, 0x0000000087e00000| Untracked 
|  53|0x0000000087f00000, 0x0000000087f00000, 0x0000000088000000|  0%| F|  |TAMS 0x0000000087f00000, 0x0000000087f00000| Untracked 
|  54|0x0000000088000000, 0x0000000088000000, 0x0000000088100000|  0%| F|  |TAMS 0x0000000088000000, 0x0000000088000000| Untracked 
|  55|0x0000000088100000, 0x0000000088100000, 0x0000000088200000|  0%| F|  |TAMS 0x0000000088100000, 0x0000000088100000| Untracked 
|  56|0x0000000088200000, 0x0000000088200000, 0x0000000088300000|  0%| F|  |TAMS 0x0000000088200000, 0x0000000088200000| Untracked 
|  57|0x0000000088300000, 0x0000000088300000, 0x0000000088400000|  0%| F|  |TAMS 0x0000000088300000, 0x0000000088300000| Untracked 
|  58|0x0000000088400000, 0x0000000088400000, 0x0000000088500000|  0%| F|  |TAMS 0x0000000088400000, 0x0000000088400000| Untracked 
|  59|0x0000000088500000, 0x0000000088500000, 0x0000000088600000|  0%| F|  |TAMS 0x0000000088500000, 0x0000000088500000| Untracked 
|  60|0x0000000088600000, 0x0000000088600000, 0x0000000088700000|  0%| F|  |TAMS 0x0000000088600000, 0x0000000088600000| Untracked 
|  61|0x0000000088700000, 0x0000000088700000, 0x0000000088800000|  0%| F|  |TAMS 0x0000000088700000, 0x0000000088700000| Untracked 
|  62|0x0000000088800000, 0x0000000088800000, 0x0000000088900000|  0%| F|  |TAMS 0x0000000088800000, 0x0000000088800000| Untracked 
|  63|0x0000000088900000, 0x0000000088900000, 0x0000000088a00000|  0%| F|  |TAMS 0x0000000088900000, 0x0000000088900000| Untracked 
|  64|0x0000000088a00000, 0x0000000088a00000, 0x0000000088b00000|  0%| F|  |TAMS 0x0000000088a00000, 0x0000000088a00000| Untracked 
|  65|0x0000000088b00000, 0x0000000088b00000, 0x0000000088c00000|  0%| F|  |TAMS 0x0000000088b00000, 0x0000000088b00000| Untracked 
|  66|0x0000000088c00000, 0x0000000088c00000, 0x0000000088d00000|  0%| F|  |TAMS 0x0000000088c00000, 0x0000000088c00000| Untracked 
|  67|0x0000000088d00000, 0x0000000088d00000, 0x0000000088e00000|  0%| F|  |TAMS 0x0000000088d00000, 0x0000000088d00000| Untracked 
|  68|0x0000000088e00000, 0x0000000088e00000, 0x0000000088f00000|  0%| F|  |TAMS 0x0000000088e00000, 0x0000000088e00000| Untracked 
|  69|0x0000000088f00000, 0x0000000088f00000, 0x0000000089000000|  0%| F|  |TAMS 0x0000000088f00000, 0x0000000088f00000| Untracked 
|  70|0x0000000089000000, 0x0000000089000000, 0x0000000089100000|  0%| F|  |TAMS 0x0000000089000000, 0x0000000089000000| Untracked 
|  71|0x0000000089100000, 0x0000000089100000, 0x0000000089200000|  0%| F|  |TAMS 0x0000000089100000, 0x0000000089100000| Untracked 
|  72|0x0000000089200000, 0x0000000089200000, 0x0000000089300000|  0%| F|  |TAMS 0x0000000089200000, 0x0000000089200000| Untracked 
|  73|0x0000000089300000, 0x0000000089300000, 0x0000000089400000|  0%| F|  |TAMS 0x0000000089300000, 0x0000000089300000| Untracked 
|  74|0x0000000089400000, 0x0000000089400000, 0x0000000089500000|  0%| F|  |TAMS 0x0000000089400000, 0x0000000089400000| Untracked 
|  75|0x0000000089500000, 0x0000000089500000, 0x0000000089600000|  0%| F|  |TAMS 0x0000000089500000, 0x0000000089500000| Untracked 
|  76|0x0000000089600000, 0x0000000089600000, 0x0000000089700000|  0%| F|  |TAMS 0x0000000089600000, 0x0000000089600000| Untracked 
|  77|0x0000000089700000, 0x0000000089700000, 0x0000000089800000|  0%| F|  |TAMS 0x0000000089700000, 0x0000000089700000| Untracked 
|  78|0x0000000089800000, 0x0000000089800000, 0x0000000089900000|  0%| F|  |TAMS 0x0000000089800000, 0x0000000089800000| Untracked 
|  79|0x0000000089900000, 0x0000000089900000, 0x0000000089a00000|  0%| F|  |TAMS 0x0000000089900000, 0x0000000089900000| Untracked 
|  80|0x0000000089a00000, 0x0000000089a00000, 0x0000000089b00000|  0%| F|  |TAMS 0x0000000089a00000, 0x0000000089a00000| Untracked 
|  81|0x0000000089b00000, 0x0000000089b00000, 0x0000000089c00000|  0%| F|  |TAMS 0x0000000089b00000, 0x0000000089b00000| Untracked 
|  82|0x0000000089c00000, 0x0000000089c00000, 0x0000000089d00000|  0%| F|  |TAMS 0x0000000089c00000, 0x0000000089c00000| Untracked 
|  83|0x0000000089d00000, 0x0000000089d00000, 0x0000000089e00000|  0%| F|  |TAMS 0x0000000089d00000, 0x0000000089d00000| Untracked 
|  84|0x0000000089e00000, 0x0000000089e00000, 0x0000000089f00000|  0%| F|  |TAMS 0x0000000089e00000, 0x0000000089e00000| Untracked 
|  85|0x0000000089f00000, 0x0000000089f00000, 0x000000008a000000|  0%| F|  |TAMS 0x0000000089f00000, 0x0000000089f00000| Untracked 
|  86|0x000000008a000000, 0x000000008a000000, 0x000000008a100000|  0%| F|  |TAMS 0x000000008a000000, 0x000000008a000000| Untracked 
|  87|0x000000008a100000, 0x000000008a100000, 0x000000008a200000|  0%| F|  |TAMS 0x000000008a100000, 0x000000008a100000| Untracked 
|  88|0x000000008a200000, 0x000000008a200000, 0x000000008a300000|  0%| F|  |TAMS 0x000000008a200000, 0x000000008a200000| Untracked 
|  89|0x000000008a300000, 0x000000008a300000, 0x000000008a400000|  0%| F|  |TAMS 0x000000008a300000, 0x000000008a300000| Untracked 
|  90|0x000000008a400000, 0x000000008a400000, 0x000000008a500000|  0%| F|  |TAMS 0x000000008a400000, 0x000000008a400000| Untracked 
|  91|0x000000008a500000, 0x000000008a500000, 0x000000008a600000|  0%| F|  |TAMS 0x000000008a500000, 0x000000008a500000| Untracked 
|  92|0x000000008a600000, 0x000000008a600000, 0x000000008a700000|  0%| F|  |TAMS 0x000000008a600000, 0x000000008a600000| Untracked 
|  93|0x000000008a700000, 0x000000008a700000, 0x000000008a800000|  0%| F|  |TAMS 0x000000008a700000, 0x000000008a700000| Untracked 
|  94|0x000000008a800000, 0x000000008a800000, 0x000000008a900000|  0%| F|  |TAMS 0x000000008a800000, 0x000000008a800000| Untracked 
|  95|0x000000008a900000, 0x000000008a900000, 0x000000008aa00000|  0%| F|  |TAMS 0x000000008a900000, 0x000000008a900000| Untracked 
|  96|0x000000008aa00000, 0x000000008aa00000, 0x000000008ab00000|  0%| F|  |TAMS 0x000000008aa00000, 0x000000008aa00000| Untracked 
|  97|0x000000008ab00000, 0x000000008ab00000, 0x000000008ac00000|  0%| F|  |TAMS 0x000000008ab00000, 0x000000008ab00000| Untracked 
|  98|0x000000008ac00000, 0x000000008ac00000, 0x000000008ad00000|  0%| F|  |TAMS 0x000000008ac00000, 0x000000008ac00000| Untracked 
|  99|0x000000008ad00000, 0x000000008ad00000, 0x000000008ae00000|  0%| F|  |TAMS 0x000000008ad00000, 0x000000008ad00000| Untracked 
| 100|0x000000008ae00000, 0x000000008ae00000, 0x000000008af00000|  0%| F|  |TAMS 0x000000008ae00000, 0x000000008ae00000| Untracked 
| 101|0x000000008af00000, 0x000000008af00000, 0x000000008b000000|  0%| F|  |TAMS 0x000000008af00000, 0x000000008af00000| Untracked 
| 102|0x000000008b000000, 0x000000008b000000, 0x000000008b100000|  0%| F|  |TAMS 0x000000008b000000, 0x000000008b000000| Untracked 
| 103|0x000000008b100000, 0x000000008b100000, 0x000000008b200000|  0%| F|  |TAMS 0x000000008b100000, 0x000000008b100000| Untracked 
| 104|0x000000008b200000, 0x000000008b200000, 0x000000008b300000|  0%| F|  |TAMS 0x000000008b200000, 0x000000008b200000| Untracked 
| 105|0x000000008b300000, 0x000000008b300000, 0x000000008b400000|  0%| F|  |TAMS 0x000000008b300000, 0x000000008b300000| Untracked 
| 106|0x000000008b400000, 0x000000008b400000, 0x000000008b500000|  0%| F|  |TAMS 0x000000008b400000, 0x000000008b400000| Untracked 
| 107|0x000000008b500000, 0x000000008b500000, 0x000000008b600000|  0%| F|  |TAMS 0x000000008b500000, 0x000000008b500000| Untracked 
| 108|0x000000008b600000, 0x000000008b600000, 0x000000008b700000|  0%| F|  |TAMS 0x000000008b600000, 0x000000008b600000| Untracked 
| 109|0x000000008b700000, 0x000000008b700000, 0x000000008b800000|  0%| F|  |TAMS 0x000000008b700000, 0x000000008b700000| Untracked 
| 110|0x000000008b800000, 0x000000008b8905f8, 0x000000008b900000| 56%| E|  |TAMS 0x000000008b800000, 0x000000008b800000| Complete 
| 111|0x000000008b900000, 0x000000008ba00000, 0x000000008ba00000|100%| E|CS|TAMS 0x000000008b900000, 0x000000008b900000| Complete 
| 112|0x000000008ba00000, 0x000000008bb00000, 0x000000008bb00000|100%| E|CS|TAMS 0x000000008ba00000, 0x000000008ba00000| Complete 
| 113|0x000000008bb00000, 0x000000008bc00000, 0x000000008bc00000|100%| E|CS|TAMS 0x000000008bb00000, 0x000000008bb00000| Complete 
| 114|0x000000008bc00000, 0x000000008bd00000, 0x000000008bd00000|100%| E|CS|TAMS 0x000000008bc00000, 0x000000008bc00000| Complete 
| 115|0x000000008bd00000, 0x000000008be00000, 0x000000008be00000|100%| E|CS|TAMS 0x000000008bd00000, 0x000000008bd00000| Complete 
| 116|0x000000008be00000, 0x000000008bf00000, 0x000000008bf00000|100%| E|CS|TAMS 0x000000008be00000, 0x000000008be00000| Complete 
| 117|0x000000008bf00000, 0x000000008c000000, 0x000000008c000000|100%| E|CS|TAMS 0x000000008bf00000, 0x000000008bf00000| Complete 
| 118|0x000000008c000000, 0x000000008c100000, 0x000000008c100000|100%| E|CS|TAMS 0x000000008c000000, 0x000000008c000000| Complete 
| 119|0x000000008c100000, 0x000000008c200000, 0x000000008c200000|100%| E|CS|TAMS 0x000000008c100000, 0x000000008c100000| Complete 
| 120|0x000000008c200000, 0x000000008c300000, 0x000000008c300000|100%| E|CS|TAMS 0x000000008c200000, 0x000000008c200000| Complete 
| 121|0x000000008c300000, 0x000000008c400000, 0x000000008c400000|100%| E|CS|TAMS 0x000000008c300000, 0x000000008c300000| Complete 
| 122|0x000000008c400000, 0x000000008c500000, 0x000000008c500000|100%| E|  |TAMS 0x000000008c400000, 0x000000008c400000| Complete 
| 123|0x000000008c500000, 0x000000008c600000, 0x000000008c600000|100%| E|CS|TAMS 0x000000008c500000, 0x000000008c500000| Complete 
|1972|0x00000000ffe00000, 0x00000000ffe48000, 0x00000000fff00000| 28%|OA|  |TAMS 0x00000000ffe00000, 0x00000000ffe00000| Untracked 
|1973|0x00000000fff00000, 0x00000000fff6c000, 0x0000000100000000| 42%|CA|  |TAMS 0x00000000fff00000, 0x00000000fff00000| Untracked 

Card table byte_map: [0x0000766e4536f000,0x0000766e4574a000] _byte_map_base: 0x0000766e44f4a000

Marking Bits (Prev, Next): (CMBitMap*) 0x0000766e400588c8, (CMBitMap*) 0x0000766e40058900
 Prev Bits: [0x0000766e22128000, 0x0000766e24000000)
 Next Bits: [0x0000766e20250000, 0x0000766e22128000)

Polling page: 0x0000766e47c54000

Metaspace:

Usage:
  Non-class:      5.88 MB capacity,     3.85 MB ( 65%) used,     2.02 MB ( 34%) free+waste,     9.31 KB ( <1%) overhead. 
      Class:    716.00 KB capacity,   482.78 KB ( 67%) used,   228.22 KB ( 32%) free+waste,     5.00 KB ( <1%) overhead. 
       Both:      6.58 MB capacity,     4.33 MB ( 66%) used,     2.24 MB ( 34%) free+waste,    14.31 KB ( <1%) overhead. 

Virtual space:
  Non-class space:        8.00 MB reserved,       6.00 MB ( 75%) committed 
      Class space:        1.00 GB reserved,     768.00 KB ( <1%) committed 
             Both:        1.01 GB reserved,       6.75 MB ( <1%) committed 

Chunk freelists:
   Non-Class:  0 bytes
       Class:  0 bytes
        Both:  0 bytes

MaxMetaspaceSize: unlimited
CompressedClassSpaceSize: 1.00 GB
Initial GC threshold: 20.80 MB
Current GC threshold: 20.80 MB
CDS: on

CodeHeap 'non-profiled nmethods': size=120032Kb used=277Kb max_used=277Kb free=119754Kb
 bounds [0x0000766e300c8000, 0x0000766e30338000, 0x0000766e37600000]
CodeHeap 'profiled nmethods': size=120032Kb used=1433Kb max_used=1433Kb free=118598Kb
 bounds [0x0000766e28b90000, 0x0000766e28e00000, 0x0000766e300c8000]
CodeHeap 'non-nmethods': size=5696Kb used=1162Kb max_used=1175Kb free=4533Kb
 bounds [0x0000766e28600000, 0x0000766e28870000, 0x0000766e28b90000]
 total_blobs=1277 nmethods=850 adapters=341
 compilation: enabled
              stopped_count=0, restarted_count=0
 full_count=0

Compilation events (20 events):
Event: 0.263 Thread 0x0000766df4076000  824  s    4       java.io.BufferedInputStream::read (49 bytes)
Event: 0.263 Thread 0x0000766e40184000  822       4       java.util.HashMap::put (13 bytes)
Event: 0.264 Thread 0x0000766df4076000 nmethod 824 0x0000766e30106c10 code [0x0000766e30106dc0, 0x0000766e30107208]
Event: 0.264 Thread 0x0000766df4076000  818       4       java.lang.String::indexOf (7 bytes)
Event: 0.266 Thread 0x0000766df4076000 nmethod 818 0x0000766e30107310 code [0x0000766e301074c0, 0x0000766e301077c8]
Event: 0.270 Thread 0x0000766e40184000 nmethod 822 0x0000766e30108590 code [0x0000766e301087a0, 0x0000766e30109370]
Event: 0.270 Thread 0x0000766e40184000  835       4       jdk.internal.org.objectweb.asm.ByteVector::putUTF8 (142 bytes)
Event: 0.270 Thread 0x0000766e40186000 nmethod 821 0x0000766e28cf2210 code [0x0000766e28cf2400, 0x0000766e28cf2730]
Event: 0.270 Thread 0x0000766e40186000  827       3       java.lang.invoke.InvokerBytecodeGenerator::loadInsnOpcode (86 bytes)
Event: 0.270 Thread 0x0000766e40186000 nmethod 827 0x0000766e28cf2890 code [0x0000766e28cf2b20, 0x0000766e28cf36b0]
Event: 0.270 Thread 0x0000766e40186000  826       3       java.lang.invoke.LambdaForm$Name::isParam (13 bytes)
Event: 0.270 Thread 0x0000766e40186000 nmethod 826 0x0000766e28cf3a90 code [0x0000766e28cf3c40, 0x0000766e28cf3db0]
Event: 0.270 Thread 0x0000766e40186000  830       3       java.lang.Class::getComponentType (14 bytes)
Event: 0.270 Thread 0x0000766e40186000 nmethod 830 0x0000766e28cf3e10 code [0x0000766e28cf3fc0, 0x0000766e28cf4160]
Event: 0.270 Thread 0x0000766e40186000  805       3       java.lang.invoke.MethodTypeForm::canonicalize (64 bytes)
Event: 0.270 Thread 0x0000766e40186000 nmethod 805 0x0000766e28cf4210 code [0x0000766e28cf4400, 0x0000766e28cf46e0]
Event: 0.270 Thread 0x0000766e40186000  812       1       java.lang.invoke.LambdaForm$NamedFunction::intrinsicName (5 bytes)
Event: 0.270 Thread 0x0000766e40186000 nmethod 812 0x0000766e30109910 code [0x0000766e30109ac0, 0x0000766e30109b90]
Event: 0.270 Thread 0x0000766e40186000  833       1       java.lang.invoke.DirectMethodHandle::internalMemberName (5 bytes)
Event: 0.270 Thread 0x0000766e40186000 nmethod 833 0x0000766e30109c10 code [0x0000766e30109dc0, 0x0000766e30109e90]

GC Heap History (0 events):
No events

Deoptimization events (20 events):
Event: 0.196 Thread 0x0000766e40016800 Uncommon trap: trap_request=0xffffff4d fr.pc=0x0000766e300f51b0 relative=0x0000000000000470
Event: 0.196 Thread 0x0000766e40016800 Uncommon trap: reason=unstable_if action=reinterpret pc=0x0000766e300f51b0 method=java.lang.StringLatin1.replace([BCC)Ljava/lang/String; @ 19 c2
Event: 0.196 Thread 0x0000766e40016800 DEOPT PACKING pc=0x0000766e300f51b0 sp=0x0000766e465fdf80
Event: 0.196 Thread 0x0000766e40016800 DEOPT UNPACKING pc=0x0000766e28649ea5 sp=0x0000766e465fdf10 mode 2
Event: 0.226 Thread 0x0000766e40016800 Uncommon trap: trap_request=0xffffffc6 fr.pc=0x0000766e300e833c relative=0x000000000000045c
Event: 0.226 Thread 0x0000766e40016800 Uncommon trap: reason=bimorphic_or_optimized_type_check action=maybe_recompile pc=0x0000766e300e833c method=java.util.HashMap.getNode(ILjava/lang/Object;)Ljava/util/HashMap$Node; @ 126 c2
Event: 0.226 Thread 0x0000766e40016800 DEOPT PACKING pc=0x0000766e300e833c sp=0x0000766e465fdfb0
Event: 0.226 Thread 0x0000766e40016800 DEOPT UNPACKING pc=0x0000766e28649ea5 sp=0x0000766e465fdf38 mode 2
Event: 0.228 Thread 0x0000766e40016800 Uncommon trap: trap_request=0xffffffc6 fr.pc=0x0000766e300e833c relative=0x000000000000045c
Event: 0.228 Thread 0x0000766e40016800 Uncommon trap: reason=bimorphic_or_optimized_type_check action=maybe_recompile pc=0x0000766e300e833c method=java.util.HashMap.getNode(ILjava/lang/Object;)Ljava/util/HashMap$Node; @ 126 c2
Event: 0.228 Thread 0x0000766e40016800 DEOPT PACKING pc=0x0000766e300e833c sp=0x0000766e465fe1f0
Event: 0.228 Thread 0x0000766e40016800 DEOPT UNPACKING pc=0x0000766e28649ea5 sp=0x0000766e465fe178 mode 2
Event: 0.228 Thread 0x0000766e40016800 Uncommon trap: trap_request=0xffffffc6 fr.pc=0x0000766e300e833c relative=0x000000000000045c
Event: 0.228 Thread 0x0000766e40016800 Uncommon trap: reason=bimorphic_or_optimized_type_check action=maybe_recompile pc=0x0000766e300e833c method=java.util.HashMap.getNode(ILjava/lang/Object;)Ljava/util/HashMap$Node; @ 126 c2
Event: 0.228 Thread 0x0000766e40016800 DEOPT PACKING pc=0x0000766e300e833c sp=0x0000766e465fdfb0
Event: 0.228 Thread 0x0000766e40016800 DEOPT UNPACKING pc=0x0000766e28649ea5 sp=0x0000766e465fdf38 mode 2
Event: 0.230 Thread 0x0000766e40016800 Uncommon trap: trap_request=0xffffffc6 fr.pc=0x0000766e300e833c relative=0x000000000000045c
Event: 0.230 Thread 0x0000766e40016800 Uncommon trap: reason=bimorphic_or_optimized_type_check action=maybe_recompile pc=0x0000766e300e833c method=java.util.HashMap.getNode(ILjava/lang/Object;)Ljava/util/HashMap$Node; @ 126 c2
Event: 0.230 Thread 0x0000766e40016800 DEOPT PACKING pc=0x0000766e300e833c sp=0x0000766e465fe150
Event: 0.230 Thread 0x0000766e40016800 DEOPT UNPACKING pc=0x0000766e28649ea5 sp=0x0000766e465fe0d8 mode 2

Classes redefined (0 events):
No events

Internal exceptions (20 events):
Event: 0.072 Thread 0x0000766e40016800 Exception <a 'java/security/PrivilegedActionException'{0x000000008c4f0760}> (0x000000008c4f0760) thrown at [./src/hotspot/share/prims/jvm.cpp, line 1304]
Event: 0.072 Thread 0x0000766e40016800 Exception <a 'java/security/PrivilegedActionException'{0x000000008c4f0a30}> (0x000000008c4f0a30) thrown at [./src/hotspot/share/prims/jvm.cpp, line 1304]
Event: 0.072 Thread 0x0000766e40016800 Exception <a 'java/security/PrivilegedActionException'{0x000000008c4f13a0}> (0x000000008c4f13a0) thrown at [./src/hotspot/share/prims/jvm.cpp, line 1304]
Event: 0.072 Thread 0x0000766e40016800 Exception <a 'java/security/PrivilegedActionException'{0x000000008c4f1670}> (0x000000008c4f1670) thrown at [./src/hotspot/share/prims/jvm.cpp, line 1304]
Event: 0.072 Thread 0x0000766e40016800 Exception <a 'java/security/PrivilegedActionException'{0x000000008c4f1fe0}> (0x000000008c4f1fe0) thrown at [./src/hotspot/share/prims/jvm.cpp, line 1304]
Event: 0.072 Thread 0x0000766e40016800 Exception <a 'java/security/PrivilegedActionException'{0x000000008c4f22b0}> (0x000000008c4f22b0) thrown at [./src/hotspot/share/prims/jvm.cpp, line 1304]
Event: 0.072 Thread 0x0000766e40016800 Exception <a 'java/security/PrivilegedActionException'{0x000000008c4f2c38}> (0x000000008c4f2c38) thrown at [./src/hotspot/share/prims/jvm.cpp, line 1304]
Event: 0.072 Thread 0x0000766e40016800 Exception <a 'java/security/PrivilegedActionException'{0x000000008c4f2f08}> (0x000000008c4f2f08) thrown at [./src/hotspot/share/prims/jvm.cpp, line 1304]
Event: 0.072 Thread 0x0000766e40016800 Exception <a 'java/security/PrivilegedActionException'{0x000000008c4f3890}> (0x000000008c4f3890) thrown at [./src/hotspot/share/prims/jvm.cpp, line 1304]
Event: 0.072 Thread 0x0000766e40016800 Exception <a 'java/security/PrivilegedActionException'{0x000000008c4f3b60}> (0x000000008c4f3b60) thrown at [./src/hotspot/share/prims/jvm.cpp, line 1304]
Event: 0.072 Thread 0x0000766e40016800 Exception <a 'java/security/PrivilegedActionException'{0x000000008c4f44e8}> (0x000000008c4f44e8) thrown at [./src/hotspot/share/prims/jvm.cpp, line 1304]
Event: 0.072 Thread 0x0000766e40016800 Exception <a 'java/security/PrivilegedActionException'{0x000000008c4f47b8}> (0x000000008c4f47b8) thrown at [./src/hotspot/share/prims/jvm.cpp, line 1304]
Event: 0.072 Thread 0x0000766e40016800 Exception <a 'java/security/PrivilegedActionException'{0x000000008c4f5128}> (0x000000008c4f5128) thrown at [./src/hotspot/share/prims/jvm.cpp, line 1304]
Event: 0.072 Thread 0x0000766e40016800 Exception <a 'java/security/PrivilegedActionException'{0x000000008c4f53f8}> (0x000000008c4f53f8) thrown at [./src/hotspot/share/prims/jvm.cpp, line 1304]
Event: 0.072 Thread 0x0000766e40016800 Exception <a 'java/security/PrivilegedActionException'{0x000000008c4f5d80}> (0x000000008c4f5d80) thrown at [./src/hotspot/share/prims/jvm.cpp, line 1304]
Event: 0.072 Thread 0x0000766e40016800 Exception <a 'java/security/PrivilegedActionException'{0x000000008c4f6050}> (0x000000008c4f6050) thrown at [./src/hotspot/share/prims/jvm.cpp, line 1304]
Event: 0.107 Thread 0x0000766e40016800 Exception <a 'java/lang/NoSuchMethodError'{0x000000008c2fbd30}: 'int java.lang.invoke.DirectMethodHandle$Holder.invokeStaticInit(java.lang.Object, java.lang.Object, java.lang.Object, java.lang.Object)'> (0x000000008c2fbd30) thrown at [./src/hotspot/share/interpreter/linkResolver.cpp, line 772]
Event: 0.108 Thread 0x0000766e40016800 Exception <a 'java/lang/IncompatibleClassChangeError'{0x000000008c105fa8}: Found class java.lang.Object, but interface was expected> (0x000000008c105fa8) thrown at [./src/hotspot/share/interpreter/linkResolver.cpp, line 839]
Event: 0.108 Thread 0x0000766e40016800 Exception <a 'java/lang/NoSuchMethodError'{0x000000008c109158}: 'void java.lang.invoke.DirectMethodHandle$Holder.invokeStaticInit(java.lang.Object, java.lang.Object)'> (0x000000008c109158) thrown at [./src/hotspot/share/interpreter/linkResolver.cpp, line 772]
Event: 0.109 Thread 0x0000766e40016800 Exception <a 'java/lang/NoSuchMethodError'{0x000000008c10e648}: 'int java.lang.invoke.DirectMethodHandle$Holder.invokeStaticInit(java.lang.Object, java.lang.Object)'> (0x000000008c10e648) thrown at [./src/hotspot/share/interpreter/linkResolver.cpp, line 772]

Events (20 events):
Event: 0.261 loading class sun/util/resources/cldr/TimeZoneNames_en
Event: 0.261 loading class sun/util/resources/cldr/TimeZoneNames_en done
Event: 0.261 loading class sun/util/resources/cldr/TimeZoneNames_en_US
Event: 0.261 loading class sun/util/resources/cldr/TimeZoneNames_en_US done
Event: 0.262 loading class java/util/LinkedHashMap$LinkedKeySet
Event: 0.262 loading class java/util/LinkedHashMap$LinkedKeySet done
Event: 0.269 loading class java/lang/invoke/BoundMethodHandle$Species_LLLLLLL
Event: 0.269 loading class java/lang/invoke/BoundMethodHandle$Species_LLLLLLL done
Event: 0.269 loading class java/lang/invoke/BoundMethodHandle$Species_LLLLLLLI
Event: 0.269 loading class java/lang/invoke/BoundMethodHandle$Species_LLLLLLLI done
Event: 0.272 loading class java/time/zone/ZoneOffsetTransition
Event: 0.272 loading class java/time/zone/ZoneOffsetTransition done
Event: 0.273 loading class sun/util/cldr/CLDRBaseLocaleDataMetaInfo$TZCanonicalIDMapHolder
Event: 0.273 loading class sun/util/cldr/CLDRBaseLocaleDataMetaInfo$TZCanonicalIDMapHolder done
Event: 0.273 loading class java/lang/invoke/BoundMethodHandle$Species_LLLLLLLII
Event: 0.273 loading class java/lang/invoke/BoundMethodHandle$Species_LLLLLLLII done
Event: 0.276 loading class org/bytedeco/llvm/LLVM/LLVMValueRef
Event: 0.276 loading class org/bytedeco/llvm/LLVM/LLVMValueRef done
Event: 0.276 loading class org/bytedeco/llvm/LLVM/LLVMValueRef
Event: 0.276 loading class org/bytedeco/llvm/LLVM/LLVMValueRef done


Dynamic libraries:
84a00000-8c600000 rw-p 00000000 00:00 0 
8c600000-ffe00000 ---p 00000000 00:00 0 
ffe00000-ffe48000 rw-p 00b14000 08:02 1838210                            /usr/lib/jvm/java-11-openjdk-amd64/lib/server/classes.jsa
ffe48000-fff00000 rw-p 00000000 00:00 0 
fff00000-fff6c000 rw-p 00aa8000 08:02 1838210                            /usr/lib/jvm/java-11-openjdk-amd64/lib/server/classes.jsa
fff6c000-100000000 rw-p 00000000 00:00 0 
800000000-800002000 rwxp 00001000 08:02 1838210                          /usr/lib/jvm/java-11-openjdk-amd64/lib/server/classes.jsa
800002000-8003ce000 rw-p 00003000 08:02 1838210                          /usr/lib/jvm/java-11-openjdk-amd64/lib/server/classes.jsa
8003ce000-800aa6000 r--p 003cf000 08:02 1838210                          /usr/lib/jvm/java-11-openjdk-amd64/lib/server/classes.jsa
800aa6000-800aa7000 rw-p 00aa7000 08:02 1838210                          /usr/lib/jvm/java-11-openjdk-amd64/lib/server/classes.jsa
840000000-8400c0000 rw-p 00000000 00:00 0 
8400c0000-880000000 ---p 00000000 00:00 0 
60b2ec2e7000-60b2ec2e8000 r--p 00000000 08:02 1841092                    /usr/lib/jvm/java-11-openjdk-amd64/bin/java
60b2ec2e8000-60b2ec2e9000 r-xp 00001000 08:02 1841092                    /usr/lib/jvm/java-11-openjdk-amd64/bin/java
60b2ec2e9000-60b2ec2ea000 r--p 00002000 08:02 1841092                    /usr/lib/jvm/java-11-openjdk-amd64/bin/java
60b2ec2ea000-60b2ec2eb000 r--p 00002000 08:02 1841092                    /usr/lib/jvm/java-11-openjdk-amd64/bin/java
60b2ec2eb000-60b2ec2ec000 rw-p 00003000 08:02 1841092                    /usr/lib/jvm/java-11-openjdk-amd64/bin/java
60b3271e2000-60b327203000 rw-p 00000000 00:00 0                          [heap]
766dc9400000-766dc9d26000 r--p 00000000 08:02 660167                     /home/asus/.javacpp/cache/llvm-13.0.1-1.5.7-linux-x86_64.jar/org/bytedeco/llvm/linux-x86_64/libLLVM-13.so
766dc9d26000-766dcd6e9000 r-xp 00926000 08:02 660167                     /home/asus/.javacpp/cache/llvm-13.0.1-1.5.7-linux-x86_64.jar/org/bytedeco/llvm/linux-x86_64/libLLVM-13.so
766dcd6e9000-766dcf93e000 r--p 042e9000 08:02 660167                     /home/asus/.javacpp/cache/llvm-13.0.1-1.5.7-linux-x86_64.jar/org/bytedeco/llvm/linux-x86_64/libLLVM-13.so
766dcf93e000-766dcfe53000 r--p 0653d000 08:02 660167                     /home/asus/.javacpp/cache/llvm-13.0.1-1.5.7-linux-x86_64.jar/org/bytedeco/llvm/linux-x86_64/libLLVM-13.so
766dcfe53000-766dcfe5e000 rw-p 06a52000 08:02 660167                     /home/asus/.javacpp/cache/llvm-13.0.1-1.5.7-linux-x86_64.jar/org/bytedeco/llvm/linux-x86_64/libLLVM-13.so
766dcfe5e000-766dcfed4000 rw-p 00000000 00:00 0 
766dd0000000-766dd0021000 rw-p 00000000 00:00 0 
766dd0021000-766dd4000000 ---p 00000000 00:00 0 
766dd8000000-766dd8021000 rw-p 00000000 00:00 0 
766dd8021000-766ddc000000 ---p 00000000 00:00 0 
766ddc000000-766ddc031000 rw-p 00000000 00:00 0 
766ddc031000-766de0000000 ---p 00000000 00:00 0 
766de0000000-766de023e000 rw-p 00000000 00:00 0 
766de023e000-766de4000000 ---p 00000000 00:00 0 
766de4000000-766de4021000 rw-p 00000000 00:00 0 
766de4021000-766de8000000 ---p 00000000 00:00 0 
766de8000000-766de8021000 rw-p 00000000 00:00 0 
766de8021000-766dec000000 ---p 00000000 00:00 0 
766dec000000-766dec021000 rw-p 00000000 00:00 0 
766dec021000-766df0000000 ---p 00000000 00:00 0 
766df0000000-766df01e4000 rw-p 00000000 00:00 0 
766df01e4000-766df4000000 ---p 00000000 00:00 0 
766df4000000-766df4302000 rw-p 00000000 00:00 0 
766df4302000-766df8000000 ---p 00000000 00:00 0 
766df8000000-766df8021000 rw-p 00000000 00:00 0 
766df8021000-766dfc000000 ---p 00000000 00:00 0 
766dfc000000-766dfc021000 rw-p 00000000 00:00 0 
766dfc021000-766e00000000 ---p 00000000 00:00 0 
766e00000000-766e00021000 rw-p 00000000 00:00 0 
766e00021000-766e04000000 ---p 00000000 00:00 0 
766e04000000-766e04021000 rw-p 00000000 00:00 0 
766e04021000-766e08000000 ---p 00000000 00:00 0 
766e08000000-766e08021000 rw-p 00000000 00:00 0 
766e08021000-766e0c000000 ---p 00000000 00:00 0 
766e0c000000-766e0c021000 rw-p 00000000 00:00 0 
766e0c021000-766e10000000 ---p 00000000 00:00 0 
766e10000000-766e10021000 rw-p 00000000 00:00 0 
766e10021000-766e14000000 ---p 00000000 00:00 0 
766e14000000-766e14021000 rw-p 00000000 00:00 0 
766e14021000-766e18000000 ---p 00000000 00:00 0 
766e18547000-766e188fa000 rw-p 00000000 00:00 0 
766e188fa000-766e1895f000 r--p 00000000 08:02 660172                     /home/asus/.javacpp/cache/llvm-13.0.1-1.5.7-linux-x86_64.jar/org/bytedeco/llvm/linux-x86_64/libjniLLVM.so
766e1895f000-766e189cd000 r-xp 00065000 08:02 660172                     /home/asus/.javacpp/cache/llvm-13.0.1-1.5.7-linux-x86_64.jar/org/bytedeco/llvm/linux-x86_64/libjniLLVM.so
766e189cd000-766e189f8000 r--p 000d3000 08:02 660172                     /home/asus/.javacpp/cache/llvm-13.0.1-1.5.7-linux-x86_64.jar/org/bytedeco/llvm/linux-x86_64/libjniLLVM.so
766e189f8000-766e189fb000 r--p 000fd000 08:02 660172                     /home/asus/.javacpp/cache/llvm-13.0.1-1.5.7-linux-x86_64.jar/org/bytedeco/llvm/linux-x86_64/libjniLLVM.so
766e189fb000-766e189fe000 rw-p 00100000 08:02 660172                     /home/asus/.javacpp/cache/llvm-13.0.1-1.5.7-linux-x86_64.jar/org/bytedeco/llvm/linux-x86_64/libjniLLVM.so
766e189fe000-766e18a00000 rw-p 00000000 00:00 0 
766e18a00000-766e197ec000 r--p 00000000 08:02 1313419                    /usr/lib/locale/locale-archive
766e19800000-766e19e00000 rw-p 00000000 00:00 0 
766e19e00000-766e1a000000 ---p 00000000 00:00 0 
766e1a000000-766e1c021000 rw-p 00000000 00:00 0 
766e1c021000-766e20000000 ---p 00000000 00:00 0 
766e20050000-766e20054000 ---p 00000000 00:00 0 
766e20054000-766e20150000 rw-p 00000000 00:00 0 
766e20150000-766e20154000 ---p 00000000 00:00 0 
766e20154000-766e20250000 rw-p 00000000 00:00 0 
766e20250000-766e20440000 rw-p 00000000 00:00 0 
766e20440000-766e22120000 ---p 00000000 00:00 0 
766e22120000-766e22318000 rw-p 00000000 00:00 0 
766e22318000-766e23ff8000 ---p 00000000 00:00 0 
766e23ff8000-766e24021000 rw-p 00000000 00:00 0 
766e24021000-766e28000000 ---p 00000000 00:00 0 
766e280ff000-766e28100000 ---p 00000000 00:00 0 
766e28100000-766e28200000 rw-p 00000000 00:00 0 
766e28200000-766e28204000 ---p 00000000 00:00 0 
766e28204000-766e28300000 rw-p 00000000 00:00 0 
766e28300000-766e28304000 ---p 00000000 00:00 0 
766e28304000-766e28400000 rw-p 00000000 00:00 0 
766e28400000-766e28404000 ---p 00000000 00:00 0 
766e28404000-766e28500000 rw-p 00000000 00:00 0 
766e28500000-766e28504000 ---p 00000000 00:00 0 
766e28504000-766e28600000 rw-p 00000000 00:00 0 
766e28600000-766e28870000 rwxp 00000000 00:00 0 
766e28870000-766e28b90000 ---p 00000000 00:00 0 
766e28b90000-766e28e00000 rwxp 00000000 00:00 0 
766e28e00000-766e300c8000 ---p 00000000 00:00 0 
766e300c8000-766e30338000 rwxp 00000000 00:00 0 
766e30338000-766e37600000 ---p 00000000 00:00 0 
766e37600000-766e3fe41000 r--s 00000000 08:02 1841183                    /usr/lib/jvm/java-11-openjdk-amd64/lib/modules
766e3ff00000-766e3ff04000 ---p 00000000 00:00 0 
766e3ff04000-766e40000000 rw-p 00000000 00:00 0 
766e40000000-766e40482000 rw-p 00000000 00:00 0 
766e40482000-766e44000000 ---p 00000000 00:00 0 
766e44025000-766e4402c000 r--s 00000000 08:02 1323877                    /usr/lib/x86_64-linux-gnu/gconv/gconv-modules.cache
766e4402c000-766e4402d000 r--p 00000000 08:02 660170                     /home/asus/.javacpp/cache/llvm-13.0.1-1.5.7-linux-x86_64.jar/org/bytedeco/llvm/linux-x86_64/libRemarks.so.13
766e4402d000-766e4402e000 r-xp 00001000 08:02 660170                     /home/asus/.javacpp/cache/llvm-13.0.1-1.5.7-linux-x86_64.jar/org/bytedeco/llvm/linux-x86_64/libRemarks.so.13
766e4402e000-766e4402f000 r--p 00002000 08:02 660170                     /home/asus/.javacpp/cache/llvm-13.0.1-1.5.7-linux-x86_64.jar/org/bytedeco/llvm/linux-x86_64/libRemarks.so.13
766e4402f000-766e44030000 r--p 00002000 08:02 660170                     /home/asus/.javacpp/cache/llvm-13.0.1-1.5.7-linux-x86_64.jar/org/bytedeco/llvm/linux-x86_64/libRemarks.so.13
766e44030000-766e44031000 rw-p 00003000 08:02 660170                     /home/asus/.javacpp/cache/llvm-13.0.1-1.5.7-linux-x86_64.jar/org/bytedeco/llvm/linux-x86_64/libRemarks.so.13
766e44031000-766e44038000 r--p 00000000 08:02 660168                     /home/asus/.javacpp/cache/llvm-13.0.1-1.5.7-linux-x86_64.jar/org/bytedeco/llvm/linux-x86_64/libLTO.so.13
766e44038000-766e44040000 r-xp 00007000 08:02 660168                     /home/asus/.javacpp/cache/llvm-13.0.1-1.5.7-linux-x86_64.jar/org/bytedeco/llvm/linux-x86_64/libLTO.so.13
766e44040000-766e44042000 r--p 0000f000 08:02 660168                     /home/asus/.javacpp/cache/llvm-13.0.1-1.5.7-linux-x86_64.jar/org/bytedeco/llvm/linux-x86_64/libLTO.so.13
766e44042000-766e44043000 r--p 00010000 08:02 660168                     /home/asus/.javacpp/cache/llvm-13.0.1-1.5.7-linux-x86_64.jar/org/bytedeco/llvm/linux-x86_64/libLTO.so.13
766e44043000-766e44044000 rw-p 00011000 08:02 660168                     /home/asus/.javacpp/cache/llvm-13.0.1-1.5.7-linux-x86_64.jar/org/bytedeco/llvm/linux-x86_64/libLTO.so.13
766e44044000-766e44048000 r--p 00000000 08:02 660161                     /home/asus/.javacpp/cache/javacpp-1.5.7-linux-x86_64.jar/org/bytedeco/javacpp/linux-x86_64/libjnijavacpp.so
766e44048000-766e4404f000 r-xp 00004000 08:02 660161                     /home/asus/.javacpp/cache/javacpp-1.5.7-linux-x86_64.jar/org/bytedeco/javacpp/linux-x86_64/libjnijavacpp.so
766e4404f000-766e44053000 r--p 0000b000 08:02 660161                     /home/asus/.javacpp/cache/javacpp-1.5.7-linux-x86_64.jar/org/bytedeco/javacpp/linux-x86_64/libjnijavacpp.so
766e44053000-766e44054000 r--p 0000e000 08:02 660161                     /home/asus/.javacpp/cache/javacpp-1.5.7-linux-x86_64.jar/org/bytedeco/javacpp/linux-x86_64/libjnijavacpp.so
766e44054000-766e44055000 rw-p 0000f000 08:02 660161                     /home/asus/.javacpp/cache/javacpp-1.5.7-linux-x86_64.jar/org/bytedeco/javacpp/linux-x86_64/libjnijavacpp.so
766e44055000-766e44059000 r--p 00000000 08:02 1841173                    /usr/lib/jvm/java-11-openjdk-amd64/lib/libnet.so
766e44059000-766e44067000 r-xp 00004000 08:02 1841173                    /usr/lib/jvm/java-11-openjdk-amd64/lib/libnet.so
766e44067000-766e4406b000 r--p 00012000 08:02 1841173                    /usr/lib/jvm/java-11-openjdk-amd64/lib/libnet.so
766e4406b000-766e4406c000 r--p 00015000 08:02 1841173                    /usr/lib/jvm/java-11-openjdk-amd64/lib/libnet.so
766e4406c000-766e4406d000 rw-p 00016000 08:02 1841173                    /usr/lib/jvm/java-11-openjdk-amd64/lib/libnet.so
766e4406d000-766e44071000 ---p 00000000 00:00 0 
766e44071000-766e4416d000 rw-p 00000000 00:00 0 
766e4416d000-766e44171000 ---p 00000000 00:00 0 
766e44171000-766e4426d000 rw-p 00000000 00:00 0 
766e4426d000-766e44271000 ---p 00000000 00:00 0 
766e44271000-766e4436d000 rw-p 00000000 00:00 0 
766e4436d000-766e44371000 ---p 00000000 00:00 0 
766e44371000-766e4446d000 rw-p 00000000 00:00 0 
766e4446d000-766e44471000 ---p 00000000 00:00 0 
766e44471000-766e4456d000 rw-p 00000000 00:00 0 
766e4456d000-766e4456e000 ---p 00000000 00:00 0 
766e4456e000-766e4466e000 rw-p 00000000 00:00 0 
766e4466e000-766e4474a000 rw-p 00000000 00:00 0 
766e4474a000-766e4474b000 ---p 00000000 00:00 0 
766e4474b000-766e4484b000 rw-p 00000000 00:00 0 
766e4484b000-766e4484c000 ---p 00000000 00:00 0 
766e4484c000-766e4494c000 rw-p 00000000 00:00 0 
766e4494c000-766e44d50000 rw-p 00000000 00:00 0 
766e44d50000-766e44d51000 ---p 00000000 00:00 0 
766e44d51000-766e44e51000 rw-p 00000000 00:00 0 
766e44e51000-766e44e52000 ---p 00000000 00:00 0 
766e44e52000-766e44f52000 rw-p 00000000 00:00 0 
766e44f52000-766e44fd2000 rw-p 00000000 00:00 0 
766e44fd2000-766e4536e000 ---p 00000000 00:00 0 
766e4536e000-766e453ad000 rw-p 00000000 00:00 0 
766e453ad000-766e45749000 ---p 00000000 00:00 0 
766e45749000-766e45788000 rw-p 00000000 00:00 0 
766e45788000-766e45b24000 ---p 00000000 00:00 0 
766e45b24000-766e45f29000 rw-p 00000000 00:00 0 
766e45f29000-766e45f2a000 ---p 00000000 00:00 0 
766e45f2a000-766e4602a000 rw-p 00000000 00:00 0 
766e4602a000-766e4602f000 rw-p 00000000 00:00 0 
766e4602f000-766e46115000 ---p 00000000 00:00 0 
766e46115000-766e4611a000 rw-p 00000000 00:00 0 
766e4611a000-766e46200000 ---p 00000000 00:00 0 
766e46200000-766e4629d000 r--p 00000000 08:02 1322725                    /usr/lib/x86_64-linux-gnu/libstdc++.so.6.0.33
766e4629d000-766e463e5000 r-xp 0009d000 08:02 1322725                    /usr/lib/x86_64-linux-gnu/libstdc++.so.6.0.33
766e463e5000-766e4646c000 r--p 001e5000 08:02 1322725                    /usr/lib/x86_64-linux-gnu/libstdc++.so.6.0.33
766e4646c000-766e46477000 r--p 0026b000 08:02 1322725                    /usr/lib/x86_64-linux-gnu/libstdc++.so.6.0.33
766e46477000-766e4647a000 rw-p 00276000 08:02 1322725                    /usr/lib/x86_64-linux-gnu/libstdc++.so.6.0.33
766e4647a000-766e4647e000 rw-p 00000000 00:00 0 
766e4647e000-766e4647f000 r--p 00000000 08:02 1322256                    /usr/lib/x86_64-linux-gnu/libdl.so.2
766e4647f000-766e46480000 r-xp 00001000 08:02 1322256                    /usr/lib/x86_64-linux-gnu/libdl.so.2
766e46480000-766e46481000 r--p 00002000 08:02 1322256                    /usr/lib/x86_64-linux-gnu/libdl.so.2
766e46481000-766e46482000 r--p 00002000 08:02 1322256                    /usr/lib/x86_64-linux-gnu/libdl.so.2
766e46482000-766e46483000 rw-p 00003000 08:02 1322256                    /usr/lib/x86_64-linux-gnu/libdl.so.2
766e46483000-766e46484000 r--p 00000000 08:02 1322654                    /usr/lib/x86_64-linux-gnu/libpthread.so.0
766e46484000-766e46485000 r-xp 00001000 08:02 1322654                    /usr/lib/x86_64-linux-gnu/libpthread.so.0
766e46485000-766e46486000 r--p 00002000 08:02 1322654                    /usr/lib/x86_64-linux-gnu/libpthread.so.0
766e46486000-766e46487000 r--p 00002000 08:02 1322654                    /usr/lib/x86_64-linux-gnu/libpthread.so.0
766e46487000-766e46488000 rw-p 00003000 08:02 1322654                    /usr/lib/x86_64-linux-gnu/libpthread.so.0
766e46488000-766e4648f000 r--p 00000000 08:02 1841174                    /usr/lib/jvm/java-11-openjdk-amd64/lib/libnio.so
766e4648f000-766e46497000 r-xp 00007000 08:02 1841174                    /usr/lib/jvm/java-11-openjdk-amd64/lib/libnio.so
766e46497000-766e4649a000 r--p 0000f000 08:02 1841174                    /usr/lib/jvm/java-11-openjdk-amd64/lib/libnio.so
766e4649a000-766e4649b000 r--p 00011000 08:02 1841174                    /usr/lib/jvm/java-11-openjdk-amd64/lib/libnio.so
766e4649b000-766e4649c000 rw-p 00012000 08:02 1841174                    /usr/lib/jvm/java-11-openjdk-amd64/lib/libnio.so
766e4649c000-766e464a1000 rw-p 00000000 00:00 0 
766e464a1000-766e464a8000 ---p 00000000 00:00 0 
766e464a8000-766e464aa000 r--p 00000000 08:02 1841182                    /usr/lib/jvm/java-11-openjdk-amd64/lib/libzip.so
766e464aa000-766e464af000 r-xp 00002000 08:02 1841182                    /usr/lib/jvm/java-11-openjdk-amd64/lib/libzip.so
766e464af000-766e464b1000 r--p 00007000 08:02 1841182                    /usr/lib/jvm/java-11-openjdk-amd64/lib/libzip.so
766e464b1000-766e464b2000 r--p 00008000 08:02 1841182                    /usr/lib/jvm/java-11-openjdk-amd64/lib/libzip.so
766e464b2000-766e464b3000 rw-p 00009000 08:02 1841182                    /usr/lib/jvm/java-11-openjdk-amd64/lib/libzip.so
766e464b3000-766e464b5000 r--p 00000000 08:02 1841157                    /usr/lib/jvm/java-11-openjdk-amd64/lib/libinstrument.so
766e464b5000-766e464bb000 r-xp 00002000 08:02 1841157                    /usr/lib/jvm/java-11-openjdk-amd64/lib/libinstrument.so
766e464bb000-766e464be000 r--p 00008000 08:02 1841157                    /usr/lib/jvm/java-11-openjdk-amd64/lib/libinstrument.so
766e464be000-766e464bf000 r--p 0000a000 08:02 1841157                    /usr/lib/jvm/java-11-openjdk-amd64/lib/libinstrument.so
766e464bf000-766e464c0000 rw-p 0000b000 08:02 1841157                    /usr/lib/jvm/java-11-openjdk-amd64/lib/libinstrument.so
766e464c0000-766e464ce000 r--p 00000000 08:02 1841162                    /usr/lib/jvm/java-11-openjdk-amd64/lib/libjava.so
766e464ce000-766e464e5000 r-xp 0000e000 08:02 1841162                    /usr/lib/jvm/java-11-openjdk-amd64/lib/libjava.so
766e464e5000-766e464ec000 r--p 00025000 08:02 1841162                    /usr/lib/jvm/java-11-openjdk-amd64/lib/libjava.so
766e464ec000-766e464ed000 r--p 0002b000 08:02 1841162                    /usr/lib/jvm/java-11-openjdk-amd64/lib/libjava.so
766e464ed000-766e464ee000 rw-p 0002c000 08:02 1841162                    /usr/lib/jvm/java-11-openjdk-amd64/lib/libjava.so
766e464ee000-766e464ef000 rw-p 00000000 00:00 0 
766e464ef000-766e464f4000 r--p 00000000 08:02 1841181                    /usr/lib/jvm/java-11-openjdk-amd64/lib/libverify.so
766e464f4000-766e464fb000 r-xp 00005000 08:02 1841181                    /usr/lib/jvm/java-11-openjdk-amd64/lib/libverify.so
766e464fb000-766e464fd000 r--p 0000c000 08:02 1841181                    /usr/lib/jvm/java-11-openjdk-amd64/lib/libverify.so
766e464fd000-766e464ff000 r--p 0000d000 08:02 1841181                    /usr/lib/jvm/java-11-openjdk-amd64/lib/libverify.so
766e464ff000-766e46500000 rw-p 0000f000 08:02 1841181                    /usr/lib/jvm/java-11-openjdk-amd64/lib/libverify.so
766e46500000-766e46504000 ---p 00000000 00:00 0 
766e46504000-766e46600000 rw-p 00000000 00:00 0 
766e46600000-766e46883000 r--p 00000000 08:02 1841186                    /usr/lib/jvm/java-11-openjdk-amd64/lib/server/libjvm.so
766e46883000-766e47537000 r-xp 00283000 08:02 1841186                    /usr/lib/jvm/java-11-openjdk-amd64/lib/server/libjvm.so
766e47537000-766e47791000 r--p 00f37000 08:02 1841186                    /usr/lib/jvm/java-11-openjdk-amd64/lib/server/libjvm.so
766e47791000-766e47855000 r--p 01191000 08:02 1841186                    /usr/lib/jvm/java-11-openjdk-amd64/lib/server/libjvm.so
766e47855000-766e47890000 rw-p 01255000 08:02 1841186                    /usr/lib/jvm/java-11-openjdk-amd64/lib/server/libjvm.so
766e47890000-766e478e7000 rw-p 00000000 00:00 0 
766e478e9000-766e478ed000 r--p 00000000 08:02 1322331                    /usr/lib/x86_64-linux-gnu/libgcc_s.so.1
766e478ed000-766e47911000 r-xp 00004000 08:02 1322331                    /usr/lib/x86_64-linux-gnu/libgcc_s.so.1
766e47911000-766e47915000 r--p 00028000 08:02 1322331                    /usr/lib/x86_64-linux-gnu/libgcc_s.so.1
766e47915000-766e47916000 r--p 0002b000 08:02 1322331                    /usr/lib/x86_64-linux-gnu/libgcc_s.so.1
766e47916000-766e47917000 rw-p 0002c000 08:02 1322331                    /usr/lib/x86_64-linux-gnu/libgcc_s.so.1
766e47917000-766e47927000 r--p 00000000 08:02 1322503                    /usr/lib/x86_64-linux-gnu/libm.so.6
766e47927000-766e479a6000 r-xp 00010000 08:02 1322503                    /usr/lib/x86_64-linux-gnu/libm.so.6
766e479a6000-766e479fe000 r--p 0008f000 08:02 1322503                    /usr/lib/x86_64-linux-gnu/libm.so.6
766e479fe000-766e479ff000 r--p 000e7000 08:02 1322503                    /usr/lib/x86_64-linux-gnu/libm.so.6
766e479ff000-766e47a00000 rw-p 000e8000 08:02 1322503                    /usr/lib/x86_64-linux-gnu/libm.so.6
766e47a00000-766e47a28000 r--p 00000000 08:02 1322197                    /usr/lib/x86_64-linux-gnu/libc.so.6
766e47a28000-766e47bb0000 r-xp 00028000 08:02 1322197                    /usr/lib/x86_64-linux-gnu/libc.so.6
766e47bb0000-766e47bff000 r--p 001b0000 08:02 1322197                    /usr/lib/x86_64-linux-gnu/libc.so.6
766e47bff000-766e47c03000 r--p 001fe000 08:02 1322197                    /usr/lib/x86_64-linux-gnu/libc.so.6
766e47c03000-766e47c05000 rw-p 00202000 08:02 1322197                    /usr/lib/x86_64-linux-gnu/libc.so.6
766e47c05000-766e47c12000 rw-p 00000000 00:00 0 
766e47c12000-766e47c1a000 rw-s 00000000 08:02 1712453                    /tmp/hsperfdata_asus/14928
766e47c1a000-766e47c1b000 r--p 00000000 08:02 1322672                    /usr/lib/x86_64-linux-gnu/librt.so.1
766e47c1b000-766e47c1c000 r-xp 00001000 08:02 1322672                    /usr/lib/x86_64-linux-gnu/librt.so.1
766e47c1c000-766e47c1d000 r--p 00002000 08:02 1322672                    /usr/lib/x86_64-linux-gnu/librt.so.1
766e47c1d000-766e47c1e000 r--p 00002000 08:02 1322672                    /usr/lib/x86_64-linux-gnu/librt.so.1
766e47c1e000-766e47c1f000 rw-p 00003000 08:02 1322672                    /usr/lib/x86_64-linux-gnu/librt.so.1
766e47c1f000-766e47c21000 rw-p 00000000 00:00 0 
766e47c21000-766e47c24000 r--p 00000000 08:02 1841147                    /usr/lib/jvm/java-11-openjdk-amd64/lib/jli/libjli.so
766e47c24000-766e47c2e000 r-xp 00003000 08:02 1841147                    /usr/lib/jvm/java-11-openjdk-amd64/lib/jli/libjli.so
766e47c2e000-766e47c31000 r--p 0000d000 08:02 1841147                    /usr/lib/jvm/java-11-openjdk-amd64/lib/jli/libjli.so
766e47c31000-766e47c32000 r--p 00010000 08:02 1841147                    /usr/lib/jvm/java-11-openjdk-amd64/lib/jli/libjli.so
766e47c32000-766e47c33000 rw-p 00011000 08:02 1841147                    /usr/lib/jvm/java-11-openjdk-amd64/lib/jli/libjli.so
766e47c33000-766e47c35000 r--p 00000000 08:02 1322857                    /usr/lib/x86_64-linux-gnu/libz.so.1.3
766e47c35000-766e47c47000 r-xp 00002000 08:02 1322857                    /usr/lib/x86_64-linux-gnu/libz.so.1.3
766e47c47000-766e47c4d000 r--p 00014000 08:02 1322857                    /usr/lib/x86_64-linux-gnu/libz.so.1.3
766e47c4d000-766e47c4e000 r--p 0001a000 08:02 1322857                    /usr/lib/x86_64-linux-gnu/libz.so.1.3
766e47c4e000-766e47c4f000 rw-p 0001b000 08:02 1322857                    /usr/lib/x86_64-linux-gnu/libz.so.1.3
766e47c4f000-766e47c50000 r--p 00000000 08:02 1841155                    /usr/lib/jvm/java-11-openjdk-amd64/lib/libextnet.so
766e47c50000-766e47c51000 r-xp 00001000 08:02 1841155                    /usr/lib/jvm/java-11-openjdk-amd64/lib/libextnet.so
766e47c51000-766e47c52000 r--p 00002000 08:02 1841155                    /usr/lib/jvm/java-11-openjdk-amd64/lib/libextnet.so
766e47c52000-766e47c53000 r--p 00002000 08:02 1841155                    /usr/lib/jvm/java-11-openjdk-amd64/lib/libextnet.so
766e47c53000-766e47c54000 rw-p 00003000 08:02 1841155                    /usr/lib/jvm/java-11-openjdk-amd64/lib/libextnet.so
766e47c54000-766e47c55000 ---p 00000000 00:00 0 
766e47c55000-766e47c56000 r--p 00000000 00:00 0 
766e47c56000-766e47c58000 r--p 00000000 08:02 1841165                    /usr/lib/jvm/java-11-openjdk-amd64/lib/libjimage.so
766e47c58000-766e47c5b000 r-xp 00002000 08:02 1841165                    /usr/lib/jvm/java-11-openjdk-amd64/lib/libjimage.so
766e47c5b000-766e47c5c000 r--p 00005000 08:02 1841165                    /usr/lib/jvm/java-11-openjdk-amd64/lib/libjimage.so
766e47c5c000-766e47c5d000 r--p 00006000 08:02 1841165                    /usr/lib/jvm/java-11-openjdk-amd64/lib/libjimage.so
766e47c5d000-766e47c5e000 rw-p 00007000 08:02 1841165                    /usr/lib/jvm/java-11-openjdk-amd64/lib/libjimage.so
766e47c5e000-766e47c60000 rw-p 00000000 00:00 0 
766e47c60000-766e47c64000 r--p 00000000 00:00 0                          [vvar]
766e47c64000-766e47c66000 r-xp 00000000 00:00 0                          [vdso]
766e47c66000-766e47c67000 r--p 00000000 08:02 1322015                    /usr/lib/x86_64-linux-gnu/ld-linux-x86-64.so.2
766e47c67000-766e47c92000 r-xp 00001000 08:02 1322015                    /usr/lib/x86_64-linux-gnu/ld-linux-x86-64.so.2
766e47c92000-766e47c9c000 r--p 0002c000 08:02 1322015                    /usr/lib/x86_64-linux-gnu/ld-linux-x86-64.so.2
766e47c9c000-766e47c9e000 r--p 00036000 08:02 1322015                    /usr/lib/x86_64-linux-gnu/ld-linux-x86-64.so.2
766e47c9e000-766e47ca0000 rw-p 00038000 08:02 1322015                    /usr/lib/x86_64-linux-gnu/ld-linux-x86-64.so.2
7ffed6c3d000-7ffed6c5e000 rw-p 00000000 00:00 0                          [stack]
ffffffffff600000-ffffffffff601000 --xp 00000000 00:00 0                  [vsyscall]


VM Arguments:
jvm_args: -javaagent:/snap/intellij-idea-ultimate/604/lib/idea_rt.jar=35725 -Dfile.encoding=UTF-8 
java_command: Main tests/test1.sysy tests/test1.ll
java_class_path (initial): /home/asus/桌面/Lab/out/production/Lab:/usr/local/lib/antlr-4.9.1-complete.jar:/usr/local/lib/javacpp-1.5.7.jar:/usr/local/lib/javacpp-1.5.7-linux-x86_64.jar:/usr/local/lib/llvm-13.0.1-1.5.7-linux-x86_64.jar:/usr/local/lib/llvm-13.0.1-1.5.7.jar:/usr/local/lib/llvm-platform-13.0.1-1.5.7.jar:/usr/local/lib/llvm4j-0.1.2-SNAPSHOT.jar:/usr/local/lib/kotlin-stdlib-1.9.0.jar
Launcher Type: SUN_STANDARD

[Global flags]
     intx CICompilerCount                          = 3                                         {product} {ergonomic}
     uint ConcGCThreads                            = 1                                         {product} {ergonomic}
     uint G1ConcRefinementThreads                  = 4                                         {product} {ergonomic}
   size_t G1HeapRegionSize                         = 1048576                                   {product} {ergonomic}
    uintx GCDrainStackTargetSize                   = 64                                        {product} {ergonomic}
   size_t InitialHeapSize                          = 130023424                                 {product} {ergonomic}
   size_t MarkStackSize                            = 4194304                                   {product} {ergonomic}
   size_t MaxHeapSize                              = 2069889024                                {product} {ergonomic}
   size_t MaxNewSize                               = 1241513984                                {product} {ergonomic}
   size_t MinHeapDeltaBytes                        = 1048576                                   {product} {ergonomic}
    uintx NonNMethodCodeHeapSize                   = 5830732                                {pd product} {ergonomic}
    uintx NonProfiledCodeHeapSize                  = 122913754                              {pd product} {ergonomic}
    uintx ProfiledCodeHeapSize                     = 122913754                              {pd product} {ergonomic}
    uintx ReservedCodeCacheSize                    = 251658240                              {pd product} {ergonomic}
     bool SegmentedCodeCache                       = true                                      {product} {ergonomic}
     bool UseCompressedClassPointers               = true                                 {lp64_product} {ergonomic}
     bool UseCompressedOops                        = true                                 {lp64_product} {ergonomic}
     bool UseG1GC                                  = true                                      {product} {ergonomic}

Logging:
Log output configuration:
 #0: stdout all=warning uptime,level,tags
 #1: stderr all=off uptime,level,tags

Environment Variables:
PATH=/usr/local/sbin:/usr/local/bin:/usr/sbin:/usr/bin:/sbin:/bin:/usr/games:/usr/local/games:/snap/bin:/snap/bin
USERNAME=asus
SHELL=/bin/bash
DISPLAY=:0
LANG=zh_CN.UTF-8

Signal Handlers:
SIGSEGV: [libjvm.so+0xec3eb0], sa_mask[0]=11111111011111111101111111111110, sa_flags=SA_RESTART|SA_SIGINFO
SIGBUS: [libjvm.so+0xec3eb0], sa_mask[0]=11111111011111111101111111111110, sa_flags=SA_RESTART|SA_SIGINFO
SIGFPE: [libjvm.so+0xec3eb0], sa_mask[0]=11111111011111111101111111111110, sa_flags=SA_RESTART|SA_SIGINFO
SIGPIPE: [libjvm.so+0xbff180], sa_mask[0]=11111111011111111101111111111110, sa_flags=SA_RESTART|SA_SIGINFO
SIGXFSZ: [libjvm.so+0xbff180], sa_mask[0]=11111111011111111101111111111110, sa_flags=SA_RESTART|SA_SIGINFO
SIGILL: [libjvm.so+0xec3eb0], sa_mask[0]=11111111011111111101111111111110, sa_flags=SA_RESTART|SA_SIGINFO
SIGUSR2: [libjvm.so+0xbff030], sa_mask[0]=00000000000000000000000000000000, sa_flags=SA_RESTART|SA_SIGINFO
SIGHUP: [libjvm.so+0xbff7e0], sa_mask[0]=11111111011111111101111111111110, sa_flags=SA_RESTART|SA_SIGINFO
SIGINT: [libjvm.so+0xbff7e0], sa_mask[0]=11111111011111111101111111111110, sa_flags=SA_RESTART|SA_SIGINFO
SIGTERM: [libjvm.so+0xbff7e0], sa_mask[0]=11111111011111111101111111111110, sa_flags=SA_RESTART|SA_SIGINFO
SIGQUIT: [libjvm.so+0xbff7e0], sa_mask[0]=11111111011111111101111111111110, sa_flags=SA_RESTART|SA_SIGINFO


---------------  S Y S T E M  ---------------

OS:DISTRIB_ID=Ubuntu
DISTRIB_RELEASE=24.04
DISTRIB_CODENAME=noble
DISTRIB_DESCRIPTION="Ubuntu 24.04.2 LTS"
uname:Linux 6.11.0-25-generic #25~24.04.1-Ubuntu SMP PREEMPT_DYNAMIC Tue Apr 15 17:20:50 UTC 2 x86_64
OS uptime: 0 days 3:32 hours
libc:glibc 2.39 NPTL 2.39 
rlimit (soft/hard): STACK 8192k/infinity , CORE 0k/infinity , NPROC 31274/31274 , NOFILE 1048576/1048576 , AS infinity/infinity , CPU infinity/infinity , DATA infinity/infinity , FSIZE infinity/infinity , MEMLOCK 1010268k/1010268k
load average:0.25 0.64 0.68

/proc/meminfo:
MemTotal:        8082168 kB
MemFree:          610020 kB
MemAvailable:    2719888 kB
Buffers:           20044 kB
Cached:          2276376 kB
SwapCached:        36976 kB
Active:          4514720 kB
Inactive:        1574856 kB
Active(anon):    3459984 kB
Inactive(anon):   406588 kB
Active(file):    1054736 kB
Inactive(file):  1168268 kB
Unevictable:          32 kB
Mlocked:              32 kB
SwapTotal:       3958780 kB
SwapFree:        3665252 kB
Zswap:                 0 kB
Zswapped:              0 kB
Dirty:               728 kB
Writeback:             0 kB
AnonPages:       3775572 kB
Mapped:          1198256 kB
Shmem:             73416 kB
KReclaimable:     192076 kB
Slab:             441232 kB
SReclaimable:     192076 kB
SUnreclaim:       249156 kB
KernelStack:       19404 kB
PageTables:        48028 kB
SecPageTables:         0 kB
NFS_Unstable:          0 kB
Bounce:                0 kB
WritebackTmp:          0 kB
CommitLimit:     7999864 kB
Committed_AS:   10267704 kB
VmallocTotal:   34359738367 kB
VmallocUsed:       46900 kB
VmallocChunk:          0 kB
Percpu:            91136 kB
HardwareCorrupted:     0 kB
AnonHugePages:         0 kB
ShmemHugePages:        0 kB
ShmemPmdMapped:        0 kB
FileHugePages:         0 kB
FilePmdMapped:         0 kB
Unaccepted:            0 kB
HugePages_Total:       0
HugePages_Free:        0
HugePages_Rsvd:        0
HugePages_Surp:        0
Hugepagesize:       2048 kB
Hugetlb:               0 kB
DirectMap4k:      155456 kB
DirectMap2M:     5087232 kB
DirectMap1G:     5242880 kB

/sys/kernel/mm/transparent_hugepage/enabled:
always [madvise] never
/sys/kernel/mm/transparent_hugepage/defrag (defrag/compaction efforts parameter):
always defer defer+madvise [madvise] never

Process Memory:
Virtual Size: 5079880K (peak: 13447232K)
Resident Set Size: 107436K (peak: 107436K) (anon: 48188K, file: 59248K, shmem: 0K)
Swapped out: 0K
C-Heap outstanding allocations: 23442K, retained: 3489K
glibc malloc tunables: (default)

/proc/sys/kernel/threads-max (system-wide limit on the number of threads):
62548
/proc/sys/vm/max_map_count (maximum number of memory map areas a process may have):
1048576
/proc/sys/kernel/pid_max (system-wide limit on number of process identifiers):
4194304

container (cgroup) information:
container_type: cgroupv2
cpu_cpuset_cpus: not supported
cpu_memory_nodes: not supported
active_processor_count: 4
cpu_quota: not supported
cpu_period: not supported
cpu_shares: not supported
memory_limit_in_bytes: unlimited
memory_and_swap_limit_in_bytes: unlimited
memory_soft_limit_in_bytes: unlimited
memory_usage_in_bytes: 3442744 k
memory_max_usage_in_bytes: not supported
memory_swap_current_in_bytes: unlimited
memory_swap_max_limit_in_bytes: unlimited
maximum number of tasks: 9382
current number of tasks: 146

VMWare virtualization detected
Steal ticks since vm start: 0
Steal ticks percentage since vm start:  0.000

CPU:total 128 (initial active 4) (2 cores per cpu, 1 threads per core) family 6 model 186 stepping 2 microcode 0x4122, cmov, cx8, fxsr, mmx, sse, sse2, sse3, ssse3, sse4.1, sse4.2, popcnt, avx, avx2, aes, clmul, erms, 3dnowpref, lzcnt, tsc, tscinvbit, bmi1, bmi2, adx, sha, fma
CPU Model and flags from /proc/cpuinfo:
model name	: 13th Gen Intel(R) Core(TM) i9-13900H
flags		: fpu vme de pse tsc msr pae mce cx8 apic sep mtrr pge mca cmov pat pse36 clflush mmx fxsr sse sse2 ss ht syscall nx pdpe1gb rdtscp lm constant_tsc arch_perfmon rep_good nopl xtopology tsc_reliable nonstop_tsc cpuid tsc_known_freq pni pclmulqdq ssse3 fma cx16 sse4_1 sse4_2 x2apic movbe popcnt tsc_deadline_timer aes xsave avx f16c rdrand hypervisor lahf_lm abm 3dnowprefetch ssbd ibrs ibpb stibp ibrs_enhanced fsgsbase tsc_adjust bmi1 avx2 smep bmi2 erms invpcid rdseed adx smap clflushopt clwb sha_ni xsaveopt xsavec xgetbv1 xsaves user_shstk avx_vnni arat umip pku ospke gfni vaes vpclmulqdq rdpid movdiri movdir64b fsrm md_clear serialize flush_l1d arch_capabilities
Online cpus:
0-3
Offline cpus:
4-127
BIOS frequency limitation:
<Not Available>
Frequency switch latency (ns):
<Not Available>
Available cpu frequencies:
<Not Available>
Current governor:
<Not Available>
Core performance/turbo boost:
<Not Available>

Memory: 4k page, physical 8082168k(610020k free), swap 3958780k(3665252k free)

vm_info: OpenJDK 64-Bit Server VM (11.0.27+6-post-Ubuntu-0ubuntu124.04) for linux-amd64 JRE (11.0.27+6-post-Ubuntu-0ubuntu124.04), built on Apr 21 2025 06:05:47 by "unknown" with gcc 13.3.0

END.
