#
# A fatal error has been detected by the Java Runtime Environment:
#
#  SIGSEGV (0xb) at pc=0x00007a400a024302, pid=14679, tid=14681
#
# JRE version: OpenJDK Runtime Environment (11.0.27+6) (build 11.0.27+6-post-Ubuntu-0ubuntu124.04)
# Java VM: OpenJDK 64-Bit Server VM (11.0.27+6-post-Ubuntu-0ubuntu124.04, mixed mode, sharing, tiered, compressed oops, g1 gc, linux-amd64)
# Problematic frame:
# C  [libLLVM-13.so+0xc24302]  LLVMIsConstant+0x2
#
# Core dump will be written. Default location: Core dumps may be processed with "/usr/share/apport/apport -p%p -s%s -c%c -d%d -P%P -u%u -g%g -- %E" (or dumping to /home/asus/桌面/Lab/core.14679)
#
# If you would like to submit a bug report, please visit:
#   https://bugs.launchpad.net/ubuntu/+source/openjdk-lts
# The crash happened outside the Java Virtual Machine in native code.
# See problematic frame for where to report the bug.
#

---------------  S U M M A R Y ------------

Command Line: -javaagent:/snap/intellij-idea-ultimate/604/lib/idea_rt.jar=39949 -Dfile.encoding=UTF-8 Main tests/test1.sysy tests/test1.ll

Host: 13th Gen Intel(R) Core(TM) i9-13900H, 128 cores, 7G, Ubuntu 24.04.2 LTS
Time: Wed May 21 17:05:15 2025 CST elapsed time: 0.245872 seconds (0d 0h 0m 0s)

---------------  T H R E A D  ---------------

Current thread (0x00007a4080016800):  JavaThread "main" [_thread_in_native, id=14681, stack(0x00007a4086f00000,0x00007a4087000000)]

Stack: [0x00007a4086f00000,0x00007a4087000000],  sp=0x00007a4086ffe6b8,  free space=1017k
Native frames: (J=compiled Java code, A=aot compiled Java code, j=interpreted, Vv=VM code, C=native code)
C  [libLLVM-13.so+0xc24302]  LLVMIsConstant+0x2
j  optimization.DeadCodeEliminationPass.simplifyConstantBranches(Loptimization/cfg/ControlFlowGraph;Lorg/bytedeco/llvm/LLVM/LLVMValueRef;)V+79
j  optimization.DeadCodeEliminationPass.run(Lorg/bytedeco/llvm/LLVM/LLVMModuleRef;)Lorg/bytedeco/llvm/LLVM/LLVMModuleRef;+39
j  optimization.IROptimizer.optimize(Lorg/bytedeco/llvm/LLVM/LLVMModuleRef;)Lorg/bytedeco/llvm/LLVM/LLVMModuleRef;+188
j  Main.main([Ljava/lang/String;)V+143
v  ~StubRoutines::call_stub
V  [libjvm.so+0x87a653]  JavaCalls::call_helper(JavaValue*, methodHandle const&, JavaCallArguments*, Thread*)+0x373
V  [libjvm.so+0x8ff69c]  jni_invoke_static(JNIEnv_*, JavaValue*, _jobject*, JNICallType, _jmethodID*, JNI_ArgumentPusher*, Thread*) [clone .constprop.1]+0x31c
V  [libjvm.so+0x902a72]  jni_CallStaticVoidMethod+0x162
C  [libjli.so+0x5a7e]  JavaMain+0xd7e
C  [libjli.so+0x9a6d]  ThreadJavaMain+0xd
C  [libc.so.6+0x9caa4]

Java frames: (J=compiled Java code, j=interpreted, Vv=VM code)
j  org.bytedeco.llvm.global.LLVM.LLVMIsConstant(Lorg/bytedeco/llvm/LLVM/LLVMValueRef;)I+0
j  optimization.DeadCodeEliminationPass.simplifyConstantBranches(Loptimization/cfg/ControlFlowGraph;Lorg/bytedeco/llvm/LLVM/LLVMValueRef;)V+79
j  optimization.DeadCodeEliminationPass.run(Lorg/bytedeco/llvm/LLVM/LLVMModuleRef;)Lorg/bytedeco/llvm/LLVM/LLVMModuleRef;+39
j  optimization.IROptimizer.optimize(Lorg/bytedeco/llvm/LLVM/LLVMModuleRef;)Lorg/bytedeco/llvm/LLVM/LLVMModuleRef;+188
j  Main.main([Ljava/lang/String;)V+143
v  ~StubRoutines::call_stub

siginfo: si_signo: 11 (SIGSEGV), si_code: 1 (SEGV_MAPERR), si_addr: 0x00007a472444397f

Register to memory mapping:

RAX=0x0 is NULL
RBX={method} {0x00007a4059c28fa0} 'LLVMIsConstant' '(Lorg/bytedeco/llvm/LLVM/LLVMValueRef;)I' in 'org/bytedeco/llvm/global/LLVM'
RCX=0x00000000000000c0 is an unknown value
RDX=0x0000000000000042 is an unknown value
RSP=0x00007a4086ffe6b8 is pointing into the stack for thread: 0x00007a4080016800
RBP=0x00007a4086ffe718 is pointing into the stack for thread: 0x00007a4080016800
RSI=0x00007a4086ffe738 is pointing into the stack for thread: 0x00007a4080016800
RDI=0x00007a472444396f is an unknown value
R8 =0x00007a4080016b50 points into unknown readable memory: 0x00007a4086e5bb60 | 60 bb e5 86 40 7a 00 00
R9 =0x000000008b8afbf8 is an oop: org.bytedeco.llvm.LLVM.LLVMValueRef 
{0x000000008b8afbf8} - klass: 'org/bytedeco/llvm/LLVM/LLVMValueRef'
 - ---- fields (total size 6 words):
 - private 'deallocator' 'Lorg/bytedeco/javacpp/Pointer$Deallocator;' @12  NULL (0)
 - protected 'address' 'J' @16  134445969717615 (2444396f 7a47)
 - protected 'position' 'J' @24  0 (0 0)
 - protected 'limit' 'J' @32  0 (0 0)
 - protected 'capacity' 'J' @40  0 (0 0)
R10=0x000000000000001a is an unknown value
R11=0x00007a4086ebfba4: <offset 0x00000000012bfba4> in /usr/lib/jvm/java-11-openjdk-amd64/lib/server/libjvm.so at 0x00007a4085c00000
R12=0x0 is NULL
R13=0x00007a4059c28f98 is pointing into metadata
R14=0x00007a4086ffe738 is pointing into the stack for thread: 0x00007a4080016800
R15=0x00007a4080016800 is a thread


Registers:
RAX=0x0000000000000000, RBX=0x00007a4059c28fa0, RCX=0x00000000000000c0, RDX=0x0000000000000042
RSP=0x00007a4086ffe6b8, RBP=0x00007a4086ffe718, RSI=0x00007a4086ffe738, RDI=0x00007a472444396f
R8 =0x00007a4080016b50, R9 =0x000000008b8afbf8, R10=0x000000000000001a, R11=0x00007a4086ebfba4
R12=0x0000000000000000, R13=0x00007a4059c28f98, R14=0x00007a4086ffe738, R15=0x00007a4080016800
RIP=0x00007a400a024302, EFLAGS=0x0000000000010246, CSGSFS=0x002b000000000033, ERR=0x0000000000000004
  TRAPNO=0x000000000000000e

Top of Stack: (sp=0x00007a4086ffe6b8)
0x00007a4086ffe6b8:   00007a406860fa10 0000000000000000
0x00007a4086ffe6c8:   00007a4080016800 00007a4086ffe6d0
0x00007a4086ffe6d8:   0000000000000000 00007a4086ffe738
0x00007a4086ffe6e8:   00007a4059c78b00 0000000000000000 

Instructions: (pc=0x00007a400a024302)
0x00007a400a024202:   ff ff 07 48 c1 e2 05 48 29 d7 48 01 f8 c3 f6 47
0x00007a400a024212:   17 40 74 5a 48 8b 7f f8 89 f6 48 c1 e6 05 48 01
0x00007a400a024222:   f7 48 83 3f 00 74 14 48 8b 47 08 48 8b 4f 10 48
0x00007a400a024232:   89 01 48 85 c0 74 04 48 89 48 10 48 89 17 48 85
0x00007a400a024242:   d2 74 21 48 8b 42 08 48 8d 4a 08 48 89 47 08 48
0x00007a400a024252:   85 c0 74 08 48 8d 77 08 48 89 70 10 48 89 4f 10
0x00007a400a024262:   48 89 7a 08 c3 66 0f 1f 84 00 00 00 00 00 8b 47
0x00007a400a024272:   14 25 ff ff ff 07 48 c1 e0 05 48 29 c7 eb 99 66
0x00007a400a024282:   2e 0f 1f 84 00 00 00 00 00 0f 1f 44 00 00 80 7f
0x00007a400a024292:   10 15 74 0a 8b 47 14 25 ff ff ff 07 c3 90 48 8b
0x00007a400a0242a2:   4f 18 b8 01 00 00 00 0f b6 11 83 ea 01 83 fa 01
0x00007a400a0242b2:   76 ea 8b 41 08 c3 0f 1f 84 00 00 00 00 00 e9 7b
0x00007a400a0242c2:   8e ff ff 66 2e 0f 1f 84 00 00 00 00 00 90 e9 8b
0x00007a400a0242d2:   ae ff ff 66 2e 0f 1f 84 00 00 00 00 00 90 e9 4b
0x00007a400a0242e2:   e4 fe ff 66 2e 0f 1f 84 00 00 00 00 00 90 e9 db
0x00007a400a0242f2:   e9 fe ff 66 2e 0f 1f 84 00 00 00 00 00 90 31 c0
0x00007a400a024302:   80 7f 10 12 0f 96 c0 c3 66 0f 1f 44 00 00 80 7f
0x00007a400a024312:   10 12 77 1a 48 83 ec 08 e8 f1 6e fe ff 48 83 c4
0x00007a400a024322:   08 0f b6 c0 c3 66 0f 1f 84 00 00 00 00 00 31 c0
0x00007a400a024332:   c3 66 2e 0f 1f 84 00 00 00 00 00 0f 1f 00 0f b6
0x00007a400a024342:   47 10 83 e8 0a 83 f8 01 0f 96 c0 0f b6 c0 c3 66
0x00007a400a024352:   2e 0f 1f 84 00 00 00 00 00 0f 1f 44 00 00 31 c0
0x00007a400a024362:   80 7f 10 0b 0f 94 c0 c3 66 0f 1f 44 00 00 e9 bb
0x00007a400a024372:   de fe ff 66 2e 0f 1f 84 00 00 00 00 00 90 e9 9b
0x00007a400a024382:   65 0d 00 66 2e 0f 1f 84 00 00 00 00 00 90 41 b8
0x00007a400a024392:   01 00 00 00 31 c9 e9 b3 a8 0d 00 0f 1f 00 55 89
0x00007a400a0243a2:   d2 48 89 fd e8 75 65 0d 00 48 89 ef 5d 48 89 c6
0x00007a400a0243b2:   e9 b9 cb 0d 00 66 0f 1f 84 00 00 00 00 00 41 54
0x00007a400a0243c2:   55 48 89 fd 53 48 8b 05 d2 b6 e3 05 89 f3 48 85
0x00007a400a0243d2:   c0 74 2b 4c 8b 25 c4 b6 e3 05 48 89 ee 89 da 4c
0x00007a400a0243e2:   89 e7 e8 37 65 0d 00 5b 4c 89 e7 5d 48 89 c6 41
0x00007a400a0243f2:   5c e9 78 cb 0d 00 0f 1f 84 00 00 00 00 00 48 8d 


Stack slot to memory mapping:
stack at sp + 0 slots: 0x00007a406860fa10 is at code_begin+944 in an Interpreter codelet
method entry point (kind = native)  [0x00007a406860f660, 0x00007a406860ffe0]  2432 bytes
stack at sp + 1 slots: 0x0 is NULL
stack at sp + 2 slots: 0x00007a4080016800 is a thread
stack at sp + 3 slots: 0x00007a4086ffe6d0 is pointing into the stack for thread: 0x00007a4080016800
stack at sp + 4 slots: 0x0 is NULL
stack at sp + 5 slots: 0x00007a4086ffe738 is pointing into the stack for thread: 0x00007a4080016800
stack at sp + 6 slots: 0x00007a4059c78b00 is pointing into metadata
stack at sp + 7 slots: 0x0 is NULL


---------------  P R O C E S S  ---------------

Threads class SMR info:
_java_thread_list=0x00007a40802bb4a0, length=13, elements={
0x00007a4080016800, 0x00007a4080178800, 0x00007a408017a800, 0x00007a4080180000,
0x00007a4080182000, 0x00007a4080184000, 0x00007a4080186000, 0x00007a4080188800,
0x00007a408019e800, 0x00007a4034085000, 0x00007a4080273000, 0x00007a4038001000,
0x00007a4080316800
}

Java Threads: ( => current thread )
=>0x00007a4080016800 JavaThread "main" [_thread_in_native, id=14681, stack(0x00007a4086f00000,0x00007a4087000000)]
  0x00007a4080178800 JavaThread "Reference Handler" daemon [_thread_blocked, id=14698, stack(0x00007a40682fe000,0x00007a40683fe000)]
  0x00007a408017a800 JavaThread "Finalizer" daemon [_thread_blocked, id=14699, stack(0x00007a40681fe000,0x00007a40682fe000)]
  0x00007a4080180000 JavaThread "Signal Dispatcher" daemon [_thread_blocked, id=14700, stack(0x00007a40680fe000,0x00007a40681fe000)]
  0x00007a4080182000 JavaThread "Service Thread" daemon [_thread_blocked, id=14701, stack(0x00007a4060150000,0x00007a4060250000)]
  0x00007a4080184000 JavaThread "C2 CompilerThread0" daemon [_thread_blocked, id=14702, stack(0x00007a4060050000,0x00007a4060150000)]
  0x00007a4080186000 JavaThread "C1 CompilerThread0" daemon [_thread_blocked, id=14703, stack(0x00007a4058900000,0x00007a4058a00000)]
  0x00007a4080188800 JavaThread "Sweeper thread" daemon [_thread_blocked, id=14704, stack(0x00007a4058800000,0x00007a4058900000)]
  0x00007a408019e800 JavaThread "Common-Cleaner" daemon [_thread_blocked, id=14708, stack(0x00007a4058700000,0x00007a4058800000)]
  0x00007a4034085000 JavaThread "C2 CompilerThread1" daemon [_thread_in_native, id=14710, stack(0x00007a4058600000,0x00007a4058700000)]
  0x00007a4080273000 JavaThread "Monitor Ctrl-Break" daemon [_thread_in_native, id=14711, stack(0x00007a4058500000,0x00007a4058600000)]
  0x00007a4038001000 JavaThread "Attach Listener" daemon [_thread_in_vm, id=14713, stack(0x00007a40582ff000,0x00007a40583ff000)]
  0x00007a4080316800 JavaThread "JavaCPP Deallocator" daemon [_thread_blocked, id=14714, stack(0x00007a40581ff000,0x00007a40582ff000)]

Other Threads:
  0x00007a4080175800 VMThread "VM Thread" [stack: 0x00007a40683ff000,0x00007a40684ff000] [id=14697]
  0x00007a4080275800 WatcherThread [stack: 0x00007a4058400000,0x00007a4058500000] [id=14712]
  0x00007a4080030000 GCTaskThread "GC Thread#0" [stack: 0x00007a4085615000,0x00007a4085715000] [id=14684]
  0x00007a4080061000 ConcurrentGCThread "G1 Main Marker" [stack: 0x00007a408457f000,0x00007a408467f000] [id=14688]
  0x00007a4080063000 ConcurrentGCThread "G1 Conc#0" [stack: 0x00007a408447e000,0x00007a408457e000] [id=14689]
  0x00007a40800db000 ConcurrentGCThread "G1 Refine#0" [stack: 0x00007a407ff00000,0x00007a4080000000] [id=14690]
  0x00007a40800dd000 ConcurrentGCThread "G1 Young RemSet Sampling" [stack: 0x00007a4068500000,0x00007a4068600000] [id=14691]

Threads with active compile tasks:
C2 CompilerThread1      251  741       4       jdk.internal.org.objectweb.asm.ByteVector::putUTF8 (142 bytes)

VM state:not at safepoint (normal execution)

VM Mutex/Monitor currently owned by a thread: None

Heap address: 0x0000000084a00000, size: 1974 MB, Compressed Oops mode: 32-bit
Narrow klass base: 0x0000000800000000, Narrow klass shift: 3
Compressed class space size: 1073741824 Address: 0x0000000840000000

Heap:
 garbage-first heap   total 129024K, used 13008K [0x0000000084a00000, 0x0000000100000000)
  region size 1024K, 14 young (14336K), 0 survivors (0K)
 Metaspace       used 4618K, capacity 6744K, committed 6912K, reserved 1056768K
  class space    used 511K, capacity 717K, committed 768K, reserved 1048576K
Heap Regions: E=young(eden), S=young(survivor), O=old, HS=humongous(starts), HC=humongous(continues), CS=collection set, F=free, A=archive, TAMS=top-at-mark-start (previous, next)
|   0|0x0000000084a00000, 0x0000000084a00000, 0x0000000084b00000|  0%| F|  |TAMS 0x0000000084a00000, 0x0000000084a00000| Untracked 
|   1|0x0000000084b00000, 0x0000000084b00000, 0x0000000084c00000|  0%| F|  |TAMS 0x0000000084b00000, 0x0000000084b00000| Untracked 
|   2|0x0000000084c00000, 0x0000000084c00000, 0x0000000084d00000|  0%| F|  |TAMS 0x0000000084c00000, 0x0000000084c00000| Untracked 
|   3|0x0000000084d00000, 0x0000000084d00000, 0x0000000084e00000|  0%| F|  |TAMS 0x0000000084d00000, 0x0000000084d00000| Untracked 
|   4|0x0000000084e00000, 0x0000000084e00000, 0x0000000084f00000|  0%| F|  |TAMS 0x0000000084e00000, 0x0000000084e00000| Untracked 
|   5|0x0000000084f00000, 0x0000000084f00000, 0x0000000085000000|  0%| F|  |TAMS 0x0000000084f00000, 0x0000000084f00000| Untracked 
|   6|0x0000000085000000, 0x0000000085000000, 0x0000000085100000|  0%| F|  |TAMS 0x0000000085000000, 0x0000000085000000| Untracked 
|   7|0x0000000085100000, 0x0000000085100000, 0x0000000085200000|  0%| F|  |TAMS 0x0000000085100000, 0x0000000085100000| Untracked 
|   8|0x0000000085200000, 0x0000000085200000, 0x0000000085300000|  0%| F|  |TAMS 0x0000000085200000, 0x0000000085200000| Untracked 
|   9|0x0000000085300000, 0x0000000085300000, 0x0000000085400000|  0%| F|  |TAMS 0x0000000085300000, 0x0000000085300000| Untracked 
|  10|0x0000000085400000, 0x0000000085400000, 0x0000000085500000|  0%| F|  |TAMS 0x0000000085400000, 0x0000000085400000| Untracked 
|  11|0x0000000085500000, 0x0000000085500000, 0x0000000085600000|  0%| F|  |TAMS 0x0000000085500000, 0x0000000085500000| Untracked 
|  12|0x0000000085600000, 0x0000000085600000, 0x0000000085700000|  0%| F|  |TAMS 0x0000000085600000, 0x0000000085600000| Untracked 
|  13|0x0000000085700000, 0x0000000085700000, 0x0000000085800000|  0%| F|  |TAMS 0x0000000085700000, 0x0000000085700000| Untracked 
|  14|0x0000000085800000, 0x0000000085800000, 0x0000000085900000|  0%| F|  |TAMS 0x0000000085800000, 0x0000000085800000| Untracked 
|  15|0x0000000085900000, 0x0000000085900000, 0x0000000085a00000|  0%| F|  |TAMS 0x0000000085900000, 0x0000000085900000| Untracked 
|  16|0x0000000085a00000, 0x0000000085a00000, 0x0000000085b00000|  0%| F|  |TAMS 0x0000000085a00000, 0x0000000085a00000| Untracked 
|  17|0x0000000085b00000, 0x0000000085b00000, 0x0000000085c00000|  0%| F|  |TAMS 0x0000000085b00000, 0x0000000085b00000| Untracked 
|  18|0x0000000085c00000, 0x0000000085c00000, 0x0000000085d00000|  0%| F|  |TAMS 0x0000000085c00000, 0x0000000085c00000| Untracked 
|  19|0x0000000085d00000, 0x0000000085d00000, 0x0000000085e00000|  0%| F|  |TAMS 0x0000000085d00000, 0x0000000085d00000| Untracked 
|  20|0x0000000085e00000, 0x0000000085e00000, 0x0000000085f00000|  0%| F|  |TAMS 0x0000000085e00000, 0x0000000085e00000| Untracked 
|  21|0x0000000085f00000, 0x0000000085f00000, 0x0000000086000000|  0%| F|  |TAMS 0x0000000085f00000, 0x0000000085f00000| Untracked 
|  22|0x0000000086000000, 0x0000000086000000, 0x0000000086100000|  0%| F|  |TAMS 0x0000000086000000, 0x0000000086000000| Untracked 
|  23|0x0000000086100000, 0x0000000086100000, 0x0000000086200000|  0%| F|  |TAMS 0x0000000086100000, 0x0000000086100000| Untracked 
|  24|0x0000000086200000, 0x0000000086200000, 0x0000000086300000|  0%| F|  |TAMS 0x0000000086200000, 0x0000000086200000| Untracked 
|  25|0x0000000086300000, 0x0000000086300000, 0x0000000086400000|  0%| F|  |TAMS 0x0000000086300000, 0x0000000086300000| Untracked 
|  26|0x0000000086400000, 0x0000000086400000, 0x0000000086500000|  0%| F|  |TAMS 0x0000000086400000, 0x0000000086400000| Untracked 
|  27|0x0000000086500000, 0x0000000086500000, 0x0000000086600000|  0%| F|  |TAMS 0x0000000086500000, 0x0000000086500000| Untracked 
|  28|0x0000000086600000, 0x0000000086600000, 0x0000000086700000|  0%| F|  |TAMS 0x0000000086600000, 0x0000000086600000| Untracked 
|  29|0x0000000086700000, 0x0000000086700000, 0x0000000086800000|  0%| F|  |TAMS 0x0000000086700000, 0x0000000086700000| Untracked 
|  30|0x0000000086800000, 0x0000000086800000, 0x0000000086900000|  0%| F|  |TAMS 0x0000000086800000, 0x0000000086800000| Untracked 
|  31|0x0000000086900000, 0x0000000086900000, 0x0000000086a00000|  0%| F|  |TAMS 0x0000000086900000, 0x0000000086900000| Untracked 
|  32|0x0000000086a00000, 0x0000000086a00000, 0x0000000086b00000|  0%| F|  |TAMS 0x0000000086a00000, 0x0000000086a00000| Untracked 
|  33|0x0000000086b00000, 0x0000000086b00000, 0x0000000086c00000|  0%| F|  |TAMS 0x0000000086b00000, 0x0000000086b00000| Untracked 
|  34|0x0000000086c00000, 0x0000000086c00000, 0x0000000086d00000|  0%| F|  |TAMS 0x0000000086c00000, 0x0000000086c00000| Untracked 
|  35|0x0000000086d00000, 0x0000000086d00000, 0x0000000086e00000|  0%| F|  |TAMS 0x0000000086d00000, 0x0000000086d00000| Untracked 
|  36|0x0000000086e00000, 0x0000000086e00000, 0x0000000086f00000|  0%| F|  |TAMS 0x0000000086e00000, 0x0000000086e00000| Untracked 
|  37|0x0000000086f00000, 0x0000000086f00000, 0x0000000087000000|  0%| F|  |TAMS 0x0000000086f00000, 0x0000000086f00000| Untracked 
|  38|0x0000000087000000, 0x0000000087000000, 0x0000000087100000|  0%| F|  |TAMS 0x0000000087000000, 0x0000000087000000| Untracked 
|  39|0x0000000087100000, 0x0000000087100000, 0x0000000087200000|  0%| F|  |TAMS 0x0000000087100000, 0x0000000087100000| Untracked 
|  40|0x0000000087200000, 0x0000000087200000, 0x0000000087300000|  0%| F|  |TAMS 0x0000000087200000, 0x0000000087200000| Untracked 
|  41|0x0000000087300000, 0x0000000087300000, 0x0000000087400000|  0%| F|  |TAMS 0x0000000087300000, 0x0000000087300000| Untracked 
|  42|0x0000000087400000, 0x0000000087400000, 0x0000000087500000|  0%| F|  |TAMS 0x0000000087400000, 0x0000000087400000| Untracked 
|  43|0x0000000087500000, 0x0000000087500000, 0x0000000087600000|  0%| F|  |TAMS 0x0000000087500000, 0x0000000087500000| Untracked 
|  44|0x0000000087600000, 0x0000000087600000, 0x0000000087700000|  0%| F|  |TAMS 0x0000000087600000, 0x0000000087600000| Untracked 
|  45|0x0000000087700000, 0x0000000087700000, 0x0000000087800000|  0%| F|  |TAMS 0x0000000087700000, 0x0000000087700000| Untracked 
|  46|0x0000000087800000, 0x0000000087800000, 0x0000000087900000|  0%| F|  |TAMS 0x0000000087800000, 0x0000000087800000| Untracked 
|  47|0x0000000087900000, 0x0000000087900000, 0x0000000087a00000|  0%| F|  |TAMS 0x0000000087900000, 0x0000000087900000| Untracked 
|  48|0x0000000087a00000, 0x0000000087a00000, 0x0000000087b00000|  0%| F|  |TAMS 0x0000000087a00000, 0x0000000087a00000| Untracked 
|  49|0x0000000087b00000, 0x0000000087b00000, 0x0000000087c00000|  0%| F|  |TAMS 0x0000000087b00000, 0x0000000087b00000| Untracked 
|  50|0x0000000087c00000, 0x0000000087c00000, 0x0000000087d00000|  0%| F|  |TAMS 0x0000000087c00000, 0x0000000087c00000| Untracked 
|  51|0x0000000087d00000, 0x0000000087d00000, 0x0000000087e00000|  0%| F|  |TAMS 0x0000000087d00000, 0x0000000087d00000| Untracked 
|  52|0x0000000087e00000, 0x0000000087e00000, 0x0000000087f00000|  0%| F|  |TAMS 0x0000000087e00000, 0x0000000087e00000| Untracked 
|  53|0x0000000087f00000, 0x0000000087f00000, 0x0000000088000000|  0%| F|  |TAMS 0x0000000087f00000, 0x0000000087f00000| Untracked 
|  54|0x0000000088000000, 0x0000000088000000, 0x0000000088100000|  0%| F|  |TAMS 0x0000000088000000, 0x0000000088000000| Untracked 
|  55|0x0000000088100000, 0x0000000088100000, 0x0000000088200000|  0%| F|  |TAMS 0x0000000088100000, 0x0000000088100000| Untracked 
|  56|0x0000000088200000, 0x0000000088200000, 0x0000000088300000|  0%| F|  |TAMS 0x0000000088200000, 0x0000000088200000| Untracked 
|  57|0x0000000088300000, 0x0000000088300000, 0x0000000088400000|  0%| F|  |TAMS 0x0000000088300000, 0x0000000088300000| Untracked 
|  58|0x0000000088400000, 0x0000000088400000, 0x0000000088500000|  0%| F|  |TAMS 0x0000000088400000, 0x0000000088400000| Untracked 
|  59|0x0000000088500000, 0x0000000088500000, 0x0000000088600000|  0%| F|  |TAMS 0x0000000088500000, 0x0000000088500000| Untracked 
|  60|0x0000000088600000, 0x0000000088600000, 0x0000000088700000|  0%| F|  |TAMS 0x0000000088600000, 0x0000000088600000| Untracked 
|  61|0x0000000088700000, 0x0000000088700000, 0x0000000088800000|  0%| F|  |TAMS 0x0000000088700000, 0x0000000088700000| Untracked 
|  62|0x0000000088800000, 0x0000000088800000, 0x0000000088900000|  0%| F|  |TAMS 0x0000000088800000, 0x0000000088800000| Untracked 
|  63|0x0000000088900000, 0x0000000088900000, 0x0000000088a00000|  0%| F|  |TAMS 0x0000000088900000, 0x0000000088900000| Untracked 
|  64|0x0000000088a00000, 0x0000000088a00000, 0x0000000088b00000|  0%| F|  |TAMS 0x0000000088a00000, 0x0000000088a00000| Untracked 
|  65|0x0000000088b00000, 0x0000000088b00000, 0x0000000088c00000|  0%| F|  |TAMS 0x0000000088b00000, 0x0000000088b00000| Untracked 
|  66|0x0000000088c00000, 0x0000000088c00000, 0x0000000088d00000|  0%| F|  |TAMS 0x0000000088c00000, 0x0000000088c00000| Untracked 
|  67|0x0000000088d00000, 0x0000000088d00000, 0x0000000088e00000|  0%| F|  |TAMS 0x0000000088d00000, 0x0000000088d00000| Untracked 
|  68|0x0000000088e00000, 0x0000000088e00000, 0x0000000088f00000|  0%| F|  |TAMS 0x0000000088e00000, 0x0000000088e00000| Untracked 
|  69|0x0000000088f00000, 0x0000000088f00000, 0x0000000089000000|  0%| F|  |TAMS 0x0000000088f00000, 0x0000000088f00000| Untracked 
|  70|0x0000000089000000, 0x0000000089000000, 0x0000000089100000|  0%| F|  |TAMS 0x0000000089000000, 0x0000000089000000| Untracked 
|  71|0x0000000089100000, 0x0000000089100000, 0x0000000089200000|  0%| F|  |TAMS 0x0000000089100000, 0x0000000089100000| Untracked 
|  72|0x0000000089200000, 0x0000000089200000, 0x0000000089300000|  0%| F|  |TAMS 0x0000000089200000, 0x0000000089200000| Untracked 
|  73|0x0000000089300000, 0x0000000089300000, 0x0000000089400000|  0%| F|  |TAMS 0x0000000089300000, 0x0000000089300000| Untracked 
|  74|0x0000000089400000, 0x0000000089400000, 0x0000000089500000|  0%| F|  |TAMS 0x0000000089400000, 0x0000000089400000| Untracked 
|  75|0x0000000089500000, 0x0000000089500000, 0x0000000089600000|  0%| F|  |TAMS 0x0000000089500000, 0x0000000089500000| Untracked 
|  76|0x0000000089600000, 0x0000000089600000, 0x0000000089700000|  0%| F|  |TAMS 0x0000000089600000, 0x0000000089600000| Untracked 
|  77|0x0000000089700000, 0x0000000089700000, 0x0000000089800000|  0%| F|  |TAMS 0x0000000089700000, 0x0000000089700000| Untracked 
|  78|0x0000000089800000, 0x0000000089800000, 0x0000000089900000|  0%| F|  |TAMS 0x0000000089800000, 0x0000000089800000| Untracked 
|  79|0x0000000089900000, 0x0000000089900000, 0x0000000089a00000|  0%| F|  |TAMS 0x0000000089900000, 0x0000000089900000| Untracked 
|  80|0x0000000089a00000, 0x0000000089a00000, 0x0000000089b00000|  0%| F|  |TAMS 0x0000000089a00000, 0x0000000089a00000| Untracked 
|  81|0x0000000089b00000, 0x0000000089b00000, 0x0000000089c00000|  0%| F|  |TAMS 0x0000000089b00000, 0x0000000089b00000| Untracked 
|  82|0x0000000089c00000, 0x0000000089c00000, 0x0000000089d00000|  0%| F|  |TAMS 0x0000000089c00000, 0x0000000089c00000| Untracked 
|  83|0x0000000089d00000, 0x0000000089d00000, 0x0000000089e00000|  0%| F|  |TAMS 0x0000000089d00000, 0x0000000089d00000| Untracked 
|  84|0x0000000089e00000, 0x0000000089e00000, 0x0000000089f00000|  0%| F|  |TAMS 0x0000000089e00000, 0x0000000089e00000| Untracked 
|  85|0x0000000089f00000, 0x0000000089f00000, 0x000000008a000000|  0%| F|  |TAMS 0x0000000089f00000, 0x0000000089f00000| Untracked 
|  86|0x000000008a000000, 0x000000008a000000, 0x000000008a100000|  0%| F|  |TAMS 0x000000008a000000, 0x000000008a000000| Untracked 
|  87|0x000000008a100000, 0x000000008a100000, 0x000000008a200000|  0%| F|  |TAMS 0x000000008a100000, 0x000000008a100000| Untracked 
|  88|0x000000008a200000, 0x000000008a200000, 0x000000008a300000|  0%| F|  |TAMS 0x000000008a200000, 0x000000008a200000| Untracked 
|  89|0x000000008a300000, 0x000000008a300000, 0x000000008a400000|  0%| F|  |TAMS 0x000000008a300000, 0x000000008a300000| Untracked 
|  90|0x000000008a400000, 0x000000008a400000, 0x000000008a500000|  0%| F|  |TAMS 0x000000008a400000, 0x000000008a400000| Untracked 
|  91|0x000000008a500000, 0x000000008a500000, 0x000000008a600000|  0%| F|  |TAMS 0x000000008a500000, 0x000000008a500000| Untracked 
|  92|0x000000008a600000, 0x000000008a600000, 0x000000008a700000|  0%| F|  |TAMS 0x000000008a600000, 0x000000008a600000| Untracked 
|  93|0x000000008a700000, 0x000000008a700000, 0x000000008a800000|  0%| F|  |TAMS 0x000000008a700000, 0x000000008a700000| Untracked 
|  94|0x000000008a800000, 0x000000008a800000, 0x000000008a900000|  0%| F|  |TAMS 0x000000008a800000, 0x000000008a800000| Untracked 
|  95|0x000000008a900000, 0x000000008a900000, 0x000000008aa00000|  0%| F|  |TAMS 0x000000008a900000, 0x000000008a900000| Untracked 
|  96|0x000000008aa00000, 0x000000008aa00000, 0x000000008ab00000|  0%| F|  |TAMS 0x000000008aa00000, 0x000000008aa00000| Untracked 
|  97|0x000000008ab00000, 0x000000008ab00000, 0x000000008ac00000|  0%| F|  |TAMS 0x000000008ab00000, 0x000000008ab00000| Untracked 
|  98|0x000000008ac00000, 0x000000008ac00000, 0x000000008ad00000|  0%| F|  |TAMS 0x000000008ac00000, 0x000000008ac00000| Untracked 
|  99|0x000000008ad00000, 0x000000008ad00000, 0x000000008ae00000|  0%| F|  |TAMS 0x000000008ad00000, 0x000000008ad00000| Untracked 
| 100|0x000000008ae00000, 0x000000008ae00000, 0x000000008af00000|  0%| F|  |TAMS 0x000000008ae00000, 0x000000008ae00000| Untracked 
| 101|0x000000008af00000, 0x000000008af00000, 0x000000008b000000|  0%| F|  |TAMS 0x000000008af00000, 0x000000008af00000| Untracked 
| 102|0x000000008b000000, 0x000000008b000000, 0x000000008b100000|  0%| F|  |TAMS 0x000000008b000000, 0x000000008b000000| Untracked 
| 103|0x000000008b100000, 0x000000008b100000, 0x000000008b200000|  0%| F|  |TAMS 0x000000008b100000, 0x000000008b100000| Untracked 
| 104|0x000000008b200000, 0x000000008b200000, 0x000000008b300000|  0%| F|  |TAMS 0x000000008b200000, 0x000000008b200000| Untracked 
| 105|0x000000008b300000, 0x000000008b300000, 0x000000008b400000|  0%| F|  |TAMS 0x000000008b300000, 0x000000008b300000| Untracked 
| 106|0x000000008b400000, 0x000000008b400000, 0x000000008b500000|  0%| F|  |TAMS 0x000000008b400000, 0x000000008b400000| Untracked 
| 107|0x000000008b500000, 0x000000008b500000, 0x000000008b600000|  0%| F|  |TAMS 0x000000008b500000, 0x000000008b500000| Untracked 
| 108|0x000000008b600000, 0x000000008b600000, 0x000000008b700000|  0%| F|  |TAMS 0x000000008b600000, 0x000000008b600000| Untracked 
| 109|0x000000008b700000, 0x000000008b700000, 0x000000008b800000|  0%| F|  |TAMS 0x000000008b700000, 0x000000008b700000| Untracked 
| 110|0x000000008b800000, 0x000000008b8d7a20, 0x000000008b900000| 84%| E|  |TAMS 0x000000008b800000, 0x000000008b800000| Complete 
| 111|0x000000008b900000, 0x000000008ba00000, 0x000000008ba00000|100%| E|CS|TAMS 0x000000008b900000, 0x000000008b900000| Complete 
| 112|0x000000008ba00000, 0x000000008bb00000, 0x000000008bb00000|100%| E|CS|TAMS 0x000000008ba00000, 0x000000008ba00000| Complete 
| 113|0x000000008bb00000, 0x000000008bc00000, 0x000000008bc00000|100%| E|CS|TAMS 0x000000008bb00000, 0x000000008bb00000| Complete 
| 114|0x000000008bc00000, 0x000000008bd00000, 0x000000008bd00000|100%| E|CS|TAMS 0x000000008bc00000, 0x000000008bc00000| Complete 
| 115|0x000000008bd00000, 0x000000008be00000, 0x000000008be00000|100%| E|CS|TAMS 0x000000008bd00000, 0x000000008bd00000| Complete 
| 116|0x000000008be00000, 0x000000008bf00000, 0x000000008bf00000|100%| E|CS|TAMS 0x000000008be00000, 0x000000008be00000| Complete 
| 117|0x000000008bf00000, 0x000000008c000000, 0x000000008c000000|100%| E|CS|TAMS 0x000000008bf00000, 0x000000008bf00000| Complete 
| 118|0x000000008c000000, 0x000000008c100000, 0x000000008c100000|100%| E|CS|TAMS 0x000000008c000000, 0x000000008c000000| Complete 
| 119|0x000000008c100000, 0x000000008c200000, 0x000000008c200000|100%| E|CS|TAMS 0x000000008c100000, 0x000000008c100000| Complete 
| 120|0x000000008c200000, 0x000000008c300000, 0x000000008c300000|100%| E|CS|TAMS 0x000000008c200000, 0x000000008c200000| Complete 
| 121|0x000000008c300000, 0x000000008c400000, 0x000000008c400000|100%| E|CS|TAMS 0x000000008c300000, 0x000000008c300000| Complete 
| 122|0x000000008c400000, 0x000000008c500000, 0x000000008c500000|100%| E|  |TAMS 0x000000008c400000, 0x000000008c400000| Complete 
| 123|0x000000008c500000, 0x000000008c600000, 0x000000008c600000|100%| E|CS|TAMS 0x000000008c500000, 0x000000008c500000| Complete 
|1972|0x00000000ffe00000, 0x00000000ffe48000, 0x00000000fff00000| 28%|OA|  |TAMS 0x00000000ffe00000, 0x00000000ffe00000| Untracked 
|1973|0x00000000fff00000, 0x00000000fff6c000, 0x0000000100000000| 42%|CA|  |TAMS 0x00000000fff00000, 0x00000000fff00000| Untracked 

Card table byte_map: [0x00007a4084a5a000,0x00007a4084e35000] _byte_map_base: 0x00007a4084635000

Marking Bits (Prev, Next): (CMBitMap*) 0x00007a40800588c8, (CMBitMap*) 0x00007a4080058900
 Prev Bits: [0x00007a4062128000, 0x00007a4064000000)
 Next Bits: [0x00007a4060250000, 0x00007a4062128000)

Polling page: 0x00007a40873ce000

Metaspace:

Usage:
  Non-class:      5.89 MB capacity,     4.14 MB ( 70%) used,     1.74 MB ( 30%) free+waste,     9.38 KB ( <1%) overhead. 
      Class:    717.00 KB capacity,   524.38 KB ( 73%) used,   187.56 KB ( 26%) free+waste,     5.06 KB ( <1%) overhead. 
       Both:      6.59 MB capacity,     4.65 MB ( 71%) used,     1.92 MB ( 29%) free+waste,    14.44 KB ( <1%) overhead. 

Virtual space:
  Non-class space:        8.00 MB reserved,       6.00 MB ( 75%) committed 
      Class space:        1.00 GB reserved,     768.00 KB ( <1%) committed 
             Both:        1.01 GB reserved,       6.75 MB ( <1%) committed 

Chunk freelists:
   Non-Class:  53.00 KB
       Class:  0 bytes
        Both:  53.00 KB

MaxMetaspaceSize: unlimited
CompressedClassSpaceSize: 1.00 GB
Initial GC threshold: 20.80 MB
Current GC threshold: 20.80 MB
CDS: on

CodeHeap 'non-profiled nmethods': size=120032Kb used=269Kb max_used=269Kb free=119762Kb
 bounds [0x00007a40700c8000, 0x00007a4070338000, 0x00007a4077600000]
CodeHeap 'profiled nmethods': size=120032Kb used=1258Kb max_used=1258Kb free=118773Kb
 bounds [0x00007a4068b90000, 0x00007a4068e00000, 0x00007a40700c8000]
CodeHeap 'non-nmethods': size=5696Kb used=1179Kb max_used=1179Kb free=4516Kb
 bounds [0x00007a4068600000, 0x00007a4068870000, 0x00007a4068b90000]
 total_blobs=1219 nmethods=785 adapters=346
 compilation: enabled
              stopped_count=0, restarted_count=0
 full_count=0

Compilation events (20 events):
Event: 0.241 Thread 0x00007a4080184000  767       4       java.util.concurrent.ConcurrentHashMap::setTabAt (20 bytes)
Event: 0.242 Thread 0x00007a4080184000 nmethod 767 0x00007a407010a710 code [0x00007a407010a8a0, 0x00007a407010a9b8]
Event: 0.242 Thread 0x00007a4080186000 nmethod 757 0x00007a4068cbe990 code [0x00007a4068cbeb60, 0x00007a4068cbee30]
Event: 0.242 Thread 0x00007a4080186000  774       3       sun.invoke.util.VerifyAccess::isTypeVisible (118 bytes)
Event: 0.243 Thread 0x00007a4080186000 nmethod 774 0x00007a4068cbef10 code [0x00007a4068cbf2c0, 0x00007a4068cc0e40]
Event: 0.243 Thread 0x00007a4080186000  754       3       java.util.ImmutableCollections$ListN::size (6 bytes)
Event: 0.243 Thread 0x00007a4080186000 nmethod 754 0x00007a4068cc1690 code [0x00007a4068cc1840, 0x00007a4068cc1970]
Event: 0.243 Thread 0x00007a4080186000  762       3       java.lang.invoke.MemberName::isConstructor (7 bytes)
Event: 0.243 Thread 0x00007a4080186000 nmethod 762 0x00007a4068cc1a10 code [0x00007a4068cc1bc0, 0x00007a4068cc1e10]
Event: 0.243 Thread 0x00007a4080186000  773       3       java.lang.invoke.LambdaForm$NamedFunction::methodType (23 bytes)
Event: 0.243 Thread 0x00007a4080186000 nmethod 773 0x00007a4068cc1f10 code [0x00007a4068cc20e0, 0x00007a4068cc2320]
Event: 0.243 Thread 0x00007a4080186000  744   !   3       java.lang.invoke.MemberName::getFieldType (177 bytes)
Event: 0.244 Thread 0x00007a4080186000 nmethod 744 0x00007a4068cc2410 code [0x00007a4068cc2760, 0x00007a4068cc3f70]
Event: 0.244 Thread 0x00007a4080186000  770       3       java.lang.invoke.MemberName::getMethodOrFieldType (72 bytes)
Event: 0.245 Thread 0x00007a4080186000 nmethod 770 0x00007a4068cc4710 code [0x00007a4068cc4a80, 0x00007a4068cc5de0]
Event: 0.245 Thread 0x00007a4080186000  781       3       java.lang.Character::isSurrogate (18 bytes)
Event: 0.245 Thread 0x00007a4080186000 nmethod 781 0x00007a4068cc6410 code [0x00007a4068cc65c0, 0x00007a4068cc6730]
Event: 0.245 Thread 0x00007a4080186000  777       3       java.lang.invoke.LambdaForm$Name::isParam (13 bytes)
Event: 0.245 Thread 0x00007a4080186000 nmethod 777 0x00007a4068cc6790 code [0x00007a4068cc6940, 0x00007a4068cc6ab0]
Event: 0.245 Thread 0x00007a4080186000  776       3       java.util.Arrays::copyOf (10 bytes)

GC Heap History (0 events):
No events

Deoptimization events (20 events):
Event: 0.205 Thread 0x00007a4080016800 Uncommon trap: trap_request=0xffffffc6 fr.pc=0x00007a40700ee9b8 relative=0x0000000000000458
Event: 0.205 Thread 0x00007a4080016800 Uncommon trap: reason=bimorphic_or_optimized_type_check action=maybe_recompile pc=0x00007a40700ee9b8 method=java.util.HashMap.getNode(ILjava/lang/Object;)Ljava/util/HashMap$Node; @ 126 c2
Event: 0.205 Thread 0x00007a4080016800 DEOPT PACKING pc=0x00007a40700ee9b8 sp=0x00007a4086ffdfb0
Event: 0.205 Thread 0x00007a4080016800 DEOPT UNPACKING pc=0x00007a4068649ea5 sp=0x00007a4086ffdf38 mode 2
Event: 0.210 Thread 0x00007a4080016800 Uncommon trap: trap_request=0xffffffc6 fr.pc=0x00007a40700ee9b8 relative=0x0000000000000458
Event: 0.210 Thread 0x00007a4080016800 Uncommon trap: reason=bimorphic_or_optimized_type_check action=maybe_recompile pc=0x00007a40700ee9b8 method=java.util.HashMap.getNode(ILjava/lang/Object;)Ljava/util/HashMap$Node; @ 126 c2
Event: 0.210 Thread 0x00007a4080016800 DEOPT PACKING pc=0x00007a40700ee9b8 sp=0x00007a4086ffe1f0
Event: 0.210 Thread 0x00007a4080016800 DEOPT UNPACKING pc=0x00007a4068649ea5 sp=0x00007a4086ffe178 mode 2
Event: 0.211 Thread 0x00007a4080016800 Uncommon trap: trap_request=0xffffffc6 fr.pc=0x00007a40700ee9b8 relative=0x0000000000000458
Event: 0.211 Thread 0x00007a4080016800 Uncommon trap: reason=bimorphic_or_optimized_type_check action=maybe_recompile pc=0x00007a40700ee9b8 method=java.util.HashMap.getNode(ILjava/lang/Object;)Ljava/util/HashMap$Node; @ 126 c2
Event: 0.211 Thread 0x00007a4080016800 DEOPT PACKING pc=0x00007a40700ee9b8 sp=0x00007a4086ffdfb0
Event: 0.211 Thread 0x00007a4080016800 DEOPT UNPACKING pc=0x00007a4068649ea5 sp=0x00007a4086ffdf38 mode 2
Event: 0.214 Thread 0x00007a4080016800 Uncommon trap: trap_request=0xffffffc6 fr.pc=0x00007a40700ee9b8 relative=0x0000000000000458
Event: 0.214 Thread 0x00007a4080016800 Uncommon trap: reason=bimorphic_or_optimized_type_check action=maybe_recompile pc=0x00007a40700ee9b8 method=java.util.HashMap.getNode(ILjava/lang/Object;)Ljava/util/HashMap$Node; @ 126 c2
Event: 0.214 Thread 0x00007a4080016800 DEOPT PACKING pc=0x00007a40700ee9b8 sp=0x00007a4086ffe150
Event: 0.214 Thread 0x00007a4080016800 DEOPT UNPACKING pc=0x00007a4068649ea5 sp=0x00007a4086ffe0d8 mode 2
Event: 0.229 Thread 0x00007a4080016800 Uncommon trap: trap_request=0xffffff4d fr.pc=0x00007a4070103a24 relative=0x0000000000000ec4
Event: 0.229 Thread 0x00007a4080016800 Uncommon trap: reason=unstable_if action=reinterpret pc=0x00007a4070103a24 method=java.util.HashMap.putVal(ILjava/lang/Object;Ljava/lang/Object;ZZ)Ljava/lang/Object; @ 162 c2
Event: 0.229 Thread 0x00007a4080016800 DEOPT PACKING pc=0x00007a4070103a24 sp=0x00007a4086ffe640
Event: 0.229 Thread 0x00007a4080016800 DEOPT UNPACKING pc=0x00007a4068649ea5 sp=0x00007a4086ffe598 mode 2

Classes redefined (0 events):
No events

Internal exceptions (20 events):
Event: 0.063 Thread 0x00007a4080016800 Exception <a 'java/security/PrivilegedActionException'{0x000000008c4f0760}> (0x000000008c4f0760) thrown at [./src/hotspot/share/prims/jvm.cpp, line 1304]
Event: 0.063 Thread 0x00007a4080016800 Exception <a 'java/security/PrivilegedActionException'{0x000000008c4f0a30}> (0x000000008c4f0a30) thrown at [./src/hotspot/share/prims/jvm.cpp, line 1304]
Event: 0.063 Thread 0x00007a4080016800 Exception <a 'java/security/PrivilegedActionException'{0x000000008c4f13a0}> (0x000000008c4f13a0) thrown at [./src/hotspot/share/prims/jvm.cpp, line 1304]
Event: 0.063 Thread 0x00007a4080016800 Exception <a 'java/security/PrivilegedActionException'{0x000000008c4f1670}> (0x000000008c4f1670) thrown at [./src/hotspot/share/prims/jvm.cpp, line 1304]
Event: 0.063 Thread 0x00007a4080016800 Exception <a 'java/security/PrivilegedActionException'{0x000000008c4f1fe0}> (0x000000008c4f1fe0) thrown at [./src/hotspot/share/prims/jvm.cpp, line 1304]
Event: 0.063 Thread 0x00007a4080016800 Exception <a 'java/security/PrivilegedActionException'{0x000000008c4f22b0}> (0x000000008c4f22b0) thrown at [./src/hotspot/share/prims/jvm.cpp, line 1304]
Event: 0.063 Thread 0x00007a4080016800 Exception <a 'java/security/PrivilegedActionException'{0x000000008c4f2c38}> (0x000000008c4f2c38) thrown at [./src/hotspot/share/prims/jvm.cpp, line 1304]
Event: 0.063 Thread 0x00007a4080016800 Exception <a 'java/security/PrivilegedActionException'{0x000000008c4f2f08}> (0x000000008c4f2f08) thrown at [./src/hotspot/share/prims/jvm.cpp, line 1304]
Event: 0.063 Thread 0x00007a4080016800 Exception <a 'java/security/PrivilegedActionException'{0x000000008c4f3890}> (0x000000008c4f3890) thrown at [./src/hotspot/share/prims/jvm.cpp, line 1304]
Event: 0.063 Thread 0x00007a4080016800 Exception <a 'java/security/PrivilegedActionException'{0x000000008c4f3b60}> (0x000000008c4f3b60) thrown at [./src/hotspot/share/prims/jvm.cpp, line 1304]
Event: 0.063 Thread 0x00007a4080016800 Exception <a 'java/security/PrivilegedActionException'{0x000000008c4f44e8}> (0x000000008c4f44e8) thrown at [./src/hotspot/share/prims/jvm.cpp, line 1304]
Event: 0.063 Thread 0x00007a4080016800 Exception <a 'java/security/PrivilegedActionException'{0x000000008c4f47b8}> (0x000000008c4f47b8) thrown at [./src/hotspot/share/prims/jvm.cpp, line 1304]
Event: 0.063 Thread 0x00007a4080016800 Exception <a 'java/security/PrivilegedActionException'{0x000000008c4f5128}> (0x000000008c4f5128) thrown at [./src/hotspot/share/prims/jvm.cpp, line 1304]
Event: 0.063 Thread 0x00007a4080016800 Exception <a 'java/security/PrivilegedActionException'{0x000000008c4f53f8}> (0x000000008c4f53f8) thrown at [./src/hotspot/share/prims/jvm.cpp, line 1304]
Event: 0.063 Thread 0x00007a4080016800 Exception <a 'java/security/PrivilegedActionException'{0x000000008c4f5d80}> (0x000000008c4f5d80) thrown at [./src/hotspot/share/prims/jvm.cpp, line 1304]
Event: 0.063 Thread 0x00007a4080016800 Exception <a 'java/security/PrivilegedActionException'{0x000000008c4f6050}> (0x000000008c4f6050) thrown at [./src/hotspot/share/prims/jvm.cpp, line 1304]
Event: 0.090 Thread 0x00007a4080016800 Exception <a 'java/lang/NoSuchMethodError'{0x000000008c2fbd30}: 'int java.lang.invoke.DirectMethodHandle$Holder.invokeStaticInit(java.lang.Object, java.lang.Object, java.lang.Object, java.lang.Object)'> (0x000000008c2fbd30) thrown at [./src/hotspot/share/interpreter/linkResolver.cpp, line 772]
Event: 0.090 Thread 0x00007a4080016800 Exception <a 'java/lang/IncompatibleClassChangeError'{0x000000008c105fa8}: Found class java.lang.Object, but interface was expected> (0x000000008c105fa8) thrown at [./src/hotspot/share/interpreter/linkResolver.cpp, line 839]
Event: 0.091 Thread 0x00007a4080016800 Exception <a 'java/lang/NoSuchMethodError'{0x000000008c109158}: 'void java.lang.invoke.DirectMethodHandle$Holder.invokeStaticInit(java.lang.Object, java.lang.Object)'> (0x000000008c109158) thrown at [./src/hotspot/share/interpreter/linkResolver.cpp, line 772]
Event: 0.091 Thread 0x00007a4080016800 Exception <a 'java/lang/NoSuchMethodError'{0x000000008c10e5e8}: 'int java.lang.invoke.DirectMethodHandle$Holder.invokeStaticInit(java.lang.Object, java.lang.Object)'> (0x000000008c10e5e8) thrown at [./src/hotspot/share/interpreter/linkResolver.cpp, line 772]

Events (20 events):
Event: 0.242 loading class java/util/concurrent/ConcurrentSkipListMap$KeyIterator
Event: 0.242 loading class java/util/concurrent/ConcurrentSkipListMap$Iter
Event: 0.242 loading class java/util/concurrent/ConcurrentSkipListMap$Iter done
Event: 0.242 loading class java/util/concurrent/ConcurrentSkipListMap$KeyIterator done
Event: 0.243 loading class java/net/InetAddress$NameServiceAddresses
Event: 0.243 loading class java/net/InetAddress$Addresses
Event: 0.243 loading class java/net/InetAddress$Addresses done
Event: 0.243 loading class java/net/InetAddress$NameServiceAddresses done
Event: 0.243 loading class sun/net/InetAddressCachePolicy
Event: 0.243 loading class sun/net/InetAddressCachePolicy done
Event: 0.243 loading class sun/net/InetAddressCachePolicy$1
Event: 0.243 loading class sun/net/InetAddressCachePolicy$1 done
Event: 0.243 loading class sun/net/InetAddressCachePolicy$2
Event: 0.243 loading class sun/net/InetAddressCachePolicy$2 done
Event: 0.243 loading class java/net/InetAddress$CachedAddresses
Event: 0.243 loading class java/net/InetAddress$CachedAddresses done
Event: 0.245 loading class org/bytedeco/llvm/LLVM/LLVMValueRef
Event: 0.245 loading class org/bytedeco/llvm/LLVM/LLVMValueRef done
Event: 0.245 loading class org/bytedeco/llvm/LLVM/LLVMValueRef
Event: 0.245 loading class org/bytedeco/llvm/LLVM/LLVMValueRef done


Dynamic libraries:
84a00000-8c600000 rw-p 00000000 00:00 0 
8c600000-ffe00000 ---p 00000000 00:00 0 
ffe00000-ffe48000 rw-p 00b14000 08:02 1838210                            /usr/lib/jvm/java-11-openjdk-amd64/lib/server/classes.jsa
ffe48000-fff00000 rw-p 00000000 00:00 0 
fff00000-fff6c000 rw-p 00aa8000 08:02 1838210                            /usr/lib/jvm/java-11-openjdk-amd64/lib/server/classes.jsa
fff6c000-100000000 rw-p 00000000 00:00 0 
800000000-800002000 rwxp 00001000 08:02 1838210                          /usr/lib/jvm/java-11-openjdk-amd64/lib/server/classes.jsa
800002000-8003ce000 rw-p 00003000 08:02 1838210                          /usr/lib/jvm/java-11-openjdk-amd64/lib/server/classes.jsa
8003ce000-800aa6000 r--p 003cf000 08:02 1838210                          /usr/lib/jvm/java-11-openjdk-amd64/lib/server/classes.jsa
800aa6000-800aa7000 rw-p 00aa7000 08:02 1838210                          /usr/lib/jvm/java-11-openjdk-amd64/lib/server/classes.jsa
840000000-8400c0000 rw-p 00000000 00:00 0 
8400c0000-880000000 ---p 00000000 00:00 0 
5d9746a8f000-5d9746a90000 r--p 00000000 08:02 1841092                    /usr/lib/jvm/java-11-openjdk-amd64/bin/java
5d9746a90000-5d9746a91000 r-xp 00001000 08:02 1841092                    /usr/lib/jvm/java-11-openjdk-amd64/bin/java
5d9746a91000-5d9746a92000 r--p 00002000 08:02 1841092                    /usr/lib/jvm/java-11-openjdk-amd64/bin/java
5d9746a92000-5d9746a93000 r--p 00002000 08:02 1841092                    /usr/lib/jvm/java-11-openjdk-amd64/bin/java
5d9746a93000-5d9746a94000 rw-p 00003000 08:02 1841092                    /usr/lib/jvm/java-11-openjdk-amd64/bin/java
5d974a0ca000-5d974a0eb000 rw-p 00000000 00:00 0                          [heap]
7a4009400000-7a4009d26000 r--p 00000000 08:02 660167                     /home/asus/.javacpp/cache/llvm-13.0.1-1.5.7-linux-x86_64.jar/org/bytedeco/llvm/linux-x86_64/libLLVM-13.so
7a4009d26000-7a400d6e9000 r-xp 00926000 08:02 660167                     /home/asus/.javacpp/cache/llvm-13.0.1-1.5.7-linux-x86_64.jar/org/bytedeco/llvm/linux-x86_64/libLLVM-13.so
7a400d6e9000-7a400f93e000 r--p 042e9000 08:02 660167                     /home/asus/.javacpp/cache/llvm-13.0.1-1.5.7-linux-x86_64.jar/org/bytedeco/llvm/linux-x86_64/libLLVM-13.so
7a400f93e000-7a400fe53000 r--p 0653d000 08:02 660167                     /home/asus/.javacpp/cache/llvm-13.0.1-1.5.7-linux-x86_64.jar/org/bytedeco/llvm/linux-x86_64/libLLVM-13.so
7a400fe53000-7a400fe5e000 rw-p 06a52000 08:02 660167                     /home/asus/.javacpp/cache/llvm-13.0.1-1.5.7-linux-x86_64.jar/org/bytedeco/llvm/linux-x86_64/libLLVM-13.so
7a400fe5e000-7a400fed4000 rw-p 00000000 00:00 0 
7a4010000000-7a4010021000 rw-p 00000000 00:00 0 
7a4010021000-7a4014000000 ---p 00000000 00:00 0 
7a4017c4d000-7a4018021000 rw-p 00000000 00:00 0 
7a4018021000-7a401c000000 ---p 00000000 00:00 0 
7a401c000000-7a401c03e000 rw-p 00000000 00:00 0 
7a401c03e000-7a4020000000 ---p 00000000 00:00 0 
7a4020000000-7a4020135000 rw-p 00000000 00:00 0 
7a4020135000-7a4024000000 ---p 00000000 00:00 0 
7a4024000000-7a4024021000 rw-p 00000000 00:00 0 
7a4024021000-7a4028000000 ---p 00000000 00:00 0 
7a4028000000-7a4028021000 rw-p 00000000 00:00 0 
7a4028021000-7a402c000000 ---p 00000000 00:00 0 
7a402c000000-7a402c021000 rw-p 00000000 00:00 0 
7a402c021000-7a4030000000 ---p 00000000 00:00 0 
7a4030000000-7a4030357000 rw-p 00000000 00:00 0 
7a4030357000-7a4034000000 ---p 00000000 00:00 0 
7a4034000000-7a4034330000 rw-p 00000000 00:00 0 
7a4034330000-7a4038000000 ---p 00000000 00:00 0 
7a4038000000-7a4038021000 rw-p 00000000 00:00 0 
7a4038021000-7a403c000000 ---p 00000000 00:00 0 
7a403c000000-7a403c021000 rw-p 00000000 00:00 0 
7a403c021000-7a4040000000 ---p 00000000 00:00 0 
7a4040000000-7a4040021000 rw-p 00000000 00:00 0 
7a4040021000-7a4044000000 ---p 00000000 00:00 0 
7a4044000000-7a4044021000 rw-p 00000000 00:00 0 
7a4044021000-7a4048000000 ---p 00000000 00:00 0 
7a4048000000-7a4048021000 rw-p 00000000 00:00 0 
7a4048021000-7a404c000000 ---p 00000000 00:00 0 
7a404c000000-7a404c021000 rw-p 00000000 00:00 0 
7a404c021000-7a4050000000 ---p 00000000 00:00 0 
7a4050000000-7a4050021000 rw-p 00000000 00:00 0 
7a4050021000-7a4054000000 ---p 00000000 00:00 0 
7a4054000000-7a4054021000 rw-p 00000000 00:00 0 
7a4054021000-7a4058000000 ---p 00000000 00:00 0 
7a40580f9000-7a405815e000 r--p 00000000 08:02 660172                     /home/asus/.javacpp/cache/llvm-13.0.1-1.5.7-linux-x86_64.jar/org/bytedeco/llvm/linux-x86_64/libjniLLVM.so
7a405815e000-7a40581cc000 r-xp 00065000 08:02 660172                     /home/asus/.javacpp/cache/llvm-13.0.1-1.5.7-linux-x86_64.jar/org/bytedeco/llvm/linux-x86_64/libjniLLVM.so
7a40581cc000-7a40581f7000 r--p 000d3000 08:02 660172                     /home/asus/.javacpp/cache/llvm-13.0.1-1.5.7-linux-x86_64.jar/org/bytedeco/llvm/linux-x86_64/libjniLLVM.so
7a40581f7000-7a40581fa000 r--p 000fd000 08:02 660172                     /home/asus/.javacpp/cache/llvm-13.0.1-1.5.7-linux-x86_64.jar/org/bytedeco/llvm/linux-x86_64/libjniLLVM.so
7a40581fa000-7a40581fd000 rw-p 00100000 08:02 660172                     /home/asus/.javacpp/cache/llvm-13.0.1-1.5.7-linux-x86_64.jar/org/bytedeco/llvm/linux-x86_64/libjniLLVM.so
7a40581fd000-7a40581ff000 rw-p 00000000 00:00 0 
7a40581ff000-7a4058203000 ---p 00000000 00:00 0 
7a4058203000-7a40582ff000 rw-p 00000000 00:00 0 
7a40582ff000-7a4058303000 ---p 00000000 00:00 0 
7a4058303000-7a40583ff000 rw-p 00000000 00:00 0 
7a40583ff000-7a4058400000 ---p 00000000 00:00 0 
7a4058400000-7a4058500000 rw-p 00000000 00:00 0 
7a4058500000-7a4058504000 ---p 00000000 00:00 0 
7a4058504000-7a4058600000 rw-p 00000000 00:00 0 
7a4058600000-7a4058604000 ---p 00000000 00:00 0 
7a4058604000-7a4058700000 rw-p 00000000 00:00 0 
7a4058700000-7a4058704000 ---p 00000000 00:00 0 
7a4058704000-7a4058800000 rw-p 00000000 00:00 0 
7a4058800000-7a4058804000 ---p 00000000 00:00 0 
7a4058804000-7a4058900000 rw-p 00000000 00:00 0 
7a4058900000-7a4058904000 ---p 00000000 00:00 0 
7a4058904000-7a4058a00000 rw-p 00000000 00:00 0 
7a4058a00000-7a40597ec000 r--p 00000000 08:02 1313419                    /usr/lib/locale/locale-archive
7a4059800000-7a4059e00000 rw-p 00000000 00:00 0 
7a4059e00000-7a405a000000 ---p 00000000 00:00 0 
7a405a000000-7a405c021000 rw-p 00000000 00:00 0 
7a405c021000-7a4060000000 ---p 00000000 00:00 0 
7a4060050000-7a4060054000 ---p 00000000 00:00 0 
7a4060054000-7a4060150000 rw-p 00000000 00:00 0 
7a4060150000-7a4060154000 ---p 00000000 00:00 0 
7a4060154000-7a4060250000 rw-p 00000000 00:00 0 
7a4060250000-7a4060440000 rw-p 00000000 00:00 0 
7a4060440000-7a4062120000 ---p 00000000 00:00 0 
7a4062120000-7a4062318000 rw-p 00000000 00:00 0 
7a4062318000-7a4063ff8000 ---p 00000000 00:00 0 
7a4063ff8000-7a4064021000 rw-p 00000000 00:00 0 
7a4064021000-7a4068000000 ---p 00000000 00:00 0 
7a40680fe000-7a4068102000 ---p 00000000 00:00 0 
7a4068102000-7a40681fe000 rw-p 00000000 00:00 0 
7a40681fe000-7a4068202000 ---p 00000000 00:00 0 
7a4068202000-7a40682fe000 rw-p 00000000 00:00 0 
7a40682fe000-7a4068302000 ---p 00000000 00:00 0 
7a4068302000-7a40683fe000 rw-p 00000000 00:00 0 
7a40683fe000-7a40683ff000 ---p 00000000 00:00 0 
7a40683ff000-7a40684ff000 rw-p 00000000 00:00 0 
7a40684ff000-7a4068500000 ---p 00000000 00:00 0 
7a4068500000-7a4068600000 rw-p 00000000 00:00 0 
7a4068600000-7a4068870000 rwxp 00000000 00:00 0 
7a4068870000-7a4068b90000 ---p 00000000 00:00 0 
7a4068b90000-7a4068e00000 rwxp 00000000 00:00 0 
7a4068e00000-7a40700c8000 ---p 00000000 00:00 0 
7a40700c8000-7a4070338000 rwxp 00000000 00:00 0 
7a4070338000-7a4077600000 ---p 00000000 00:00 0 
7a4077600000-7a407fe41000 r--s 00000000 08:02 1841183                    /usr/lib/jvm/java-11-openjdk-amd64/lib/modules
7a407fe7e000-7a407feff000 rw-p 00000000 00:00 0 
7a407feff000-7a407ff00000 ---p 00000000 00:00 0 
7a407ff00000-7a4080000000 rw-p 00000000 00:00 0 
7a4080000000-7a40804f7000 rw-p 00000000 00:00 0 
7a40804f7000-7a4084000000 ---p 00000000 00:00 0 
7a4084017000-7a408401a000 r--p 00000000 08:02 1841169                    /usr/lib/jvm/java-11-openjdk-amd64/lib/libmanagement.so
7a408401a000-7a408401b000 r-xp 00003000 08:02 1841169                    /usr/lib/jvm/java-11-openjdk-amd64/lib/libmanagement.so
7a408401b000-7a408401c000 r--p 00004000 08:02 1841169                    /usr/lib/jvm/java-11-openjdk-amd64/lib/libmanagement.so
7a408401c000-7a408401d000 r--p 00004000 08:02 1841169                    /usr/lib/jvm/java-11-openjdk-amd64/lib/libmanagement.so
7a408401d000-7a408401e000 rw-p 00005000 08:02 1841169                    /usr/lib/jvm/java-11-openjdk-amd64/lib/libmanagement.so
7a408401e000-7a408447d000 rw-p 00000000 00:00 0 
7a408447d000-7a408447e000 ---p 00000000 00:00 0 
7a408447e000-7a408457e000 rw-p 00000000 00:00 0 
7a408457e000-7a408457f000 ---p 00000000 00:00 0 
7a408457f000-7a408467f000 rw-p 00000000 00:00 0 
7a408467f000-7a40846bd000 rw-p 00000000 00:00 0 
7a40846bd000-7a4084a59000 ---p 00000000 00:00 0 
7a4084a59000-7a4084a98000 rw-p 00000000 00:00 0 
7a4084a98000-7a4084e34000 ---p 00000000 00:00 0 
7a4084e34000-7a4084e73000 rw-p 00000000 00:00 0 
7a4084e73000-7a408520f000 ---p 00000000 00:00 0 
7a408520f000-7a4085614000 rw-p 00000000 00:00 0 
7a4085614000-7a4085615000 ---p 00000000 00:00 0 
7a4085615000-7a4085715000 rw-p 00000000 00:00 0 
7a4085715000-7a408571a000 rw-p 00000000 00:00 0 
7a408571a000-7a4085800000 ---p 00000000 00:00 0 
7a4085800000-7a408589d000 r--p 00000000 08:02 1322725                    /usr/lib/x86_64-linux-gnu/libstdc++.so.6.0.33
7a408589d000-7a40859e5000 r-xp 0009d000 08:02 1322725                    /usr/lib/x86_64-linux-gnu/libstdc++.so.6.0.33
7a40859e5000-7a4085a6c000 r--p 001e5000 08:02 1322725                    /usr/lib/x86_64-linux-gnu/libstdc++.so.6.0.33
7a4085a6c000-7a4085a77000 r--p 0026b000 08:02 1322725                    /usr/lib/x86_64-linux-gnu/libstdc++.so.6.0.33
7a4085a77000-7a4085a7a000 rw-p 00276000 08:02 1322725                    /usr/lib/x86_64-linux-gnu/libstdc++.so.6.0.33
7a4085a7a000-7a4085a7e000 rw-p 00000000 00:00 0 
7a4085a83000-7a4085a8a000 r--p 00000000 08:02 660168                     /home/asus/.javacpp/cache/llvm-13.0.1-1.5.7-linux-x86_64.jar/org/bytedeco/llvm/linux-x86_64/libLTO.so.13
7a4085a8a000-7a4085a92000 r-xp 00007000 08:02 660168                     /home/asus/.javacpp/cache/llvm-13.0.1-1.5.7-linux-x86_64.jar/org/bytedeco/llvm/linux-x86_64/libLTO.so.13
7a4085a92000-7a4085a94000 r--p 0000f000 08:02 660168                     /home/asus/.javacpp/cache/llvm-13.0.1-1.5.7-linux-x86_64.jar/org/bytedeco/llvm/linux-x86_64/libLTO.so.13
7a4085a94000-7a4085a95000 r--p 00010000 08:02 660168                     /home/asus/.javacpp/cache/llvm-13.0.1-1.5.7-linux-x86_64.jar/org/bytedeco/llvm/linux-x86_64/libLTO.so.13
7a4085a95000-7a4085a96000 rw-p 00011000 08:02 660168                     /home/asus/.javacpp/cache/llvm-13.0.1-1.5.7-linux-x86_64.jar/org/bytedeco/llvm/linux-x86_64/libLTO.so.13
7a4085a96000-7a4085a9a000 r--p 00000000 08:02 660161                     /home/asus/.javacpp/cache/javacpp-1.5.7-linux-x86_64.jar/org/bytedeco/javacpp/linux-x86_64/libjnijavacpp.so
7a4085a9a000-7a4085aa1000 r-xp 00004000 08:02 660161                     /home/asus/.javacpp/cache/javacpp-1.5.7-linux-x86_64.jar/org/bytedeco/javacpp/linux-x86_64/libjnijavacpp.so
7a4085aa1000-7a4085aa5000 r--p 0000b000 08:02 660161                     /home/asus/.javacpp/cache/javacpp-1.5.7-linux-x86_64.jar/org/bytedeco/javacpp/linux-x86_64/libjnijavacpp.so
7a4085aa5000-7a4085aa6000 r--p 0000e000 08:02 660161                     /home/asus/.javacpp/cache/javacpp-1.5.7-linux-x86_64.jar/org/bytedeco/javacpp/linux-x86_64/libjnijavacpp.so
7a4085aa6000-7a4085aa7000 rw-p 0000f000 08:02 660161                     /home/asus/.javacpp/cache/javacpp-1.5.7-linux-x86_64.jar/org/bytedeco/javacpp/linux-x86_64/libjnijavacpp.so
7a4085aa7000-7a4085aab000 r--p 00000000 08:02 1841173                    /usr/lib/jvm/java-11-openjdk-amd64/lib/libnet.so
7a4085aab000-7a4085ab9000 r-xp 00004000 08:02 1841173                    /usr/lib/jvm/java-11-openjdk-amd64/lib/libnet.so
7a4085ab9000-7a4085abd000 r--p 00012000 08:02 1841173                    /usr/lib/jvm/java-11-openjdk-amd64/lib/libnet.so
7a4085abd000-7a4085abe000 r--p 00015000 08:02 1841173                    /usr/lib/jvm/java-11-openjdk-amd64/lib/libnet.so
7a4085abe000-7a4085abf000 rw-p 00016000 08:02 1841173                    /usr/lib/jvm/java-11-openjdk-amd64/lib/libnet.so
7a4085abf000-7a4085ac6000 r--p 00000000 08:02 1841174                    /usr/lib/jvm/java-11-openjdk-amd64/lib/libnio.so
7a4085ac6000-7a4085ace000 r-xp 00007000 08:02 1841174                    /usr/lib/jvm/java-11-openjdk-amd64/lib/libnio.so
7a4085ace000-7a4085ad1000 r--p 0000f000 08:02 1841174                    /usr/lib/jvm/java-11-openjdk-amd64/lib/libnio.so
7a4085ad1000-7a4085ad2000 r--p 00011000 08:02 1841174                    /usr/lib/jvm/java-11-openjdk-amd64/lib/libnio.so
7a4085ad2000-7a4085ad3000 rw-p 00012000 08:02 1841174                    /usr/lib/jvm/java-11-openjdk-amd64/lib/libnio.so
7a4085ad3000-7a4085b1a000 rw-p 00000000 00:00 0 
7a4085b1a000-7a4085c00000 ---p 00000000 00:00 0 
7a4085c00000-7a4085e83000 r--p 00000000 08:02 1841186                    /usr/lib/jvm/java-11-openjdk-amd64/lib/server/libjvm.so
7a4085e83000-7a4086b37000 r-xp 00283000 08:02 1841186                    /usr/lib/jvm/java-11-openjdk-amd64/lib/server/libjvm.so
7a4086b37000-7a4086d91000 r--p 00f37000 08:02 1841186                    /usr/lib/jvm/java-11-openjdk-amd64/lib/server/libjvm.so
7a4086d91000-7a4086e55000 r--p 01191000 08:02 1841186                    /usr/lib/jvm/java-11-openjdk-amd64/lib/server/libjvm.so
7a4086e55000-7a4086e90000 rw-p 01255000 08:02 1841186                    /usr/lib/jvm/java-11-openjdk-amd64/lib/server/libjvm.so
7a4086e90000-7a4086ee7000 rw-p 00000000 00:00 0 
7a4086ee8000-7a4086eef000 r--s 00000000 08:02 1323877                    /usr/lib/x86_64-linux-gnu/gconv/gconv-modules.cache
7a4086eef000-7a4086ef0000 r--p 00000000 08:02 660170                     /home/asus/.javacpp/cache/llvm-13.0.1-1.5.7-linux-x86_64.jar/org/bytedeco/llvm/linux-x86_64/libRemarks.so.13
7a4086ef0000-7a4086ef1000 r-xp 00001000 08:02 660170                     /home/asus/.javacpp/cache/llvm-13.0.1-1.5.7-linux-x86_64.jar/org/bytedeco/llvm/linux-x86_64/libRemarks.so.13
7a4086ef1000-7a4086ef2000 r--p 00002000 08:02 660170                     /home/asus/.javacpp/cache/llvm-13.0.1-1.5.7-linux-x86_64.jar/org/bytedeco/llvm/linux-x86_64/libRemarks.so.13
7a4086ef2000-7a4086ef3000 r--p 00002000 08:02 660170                     /home/asus/.javacpp/cache/llvm-13.0.1-1.5.7-linux-x86_64.jar/org/bytedeco/llvm/linux-x86_64/libRemarks.so.13
7a4086ef3000-7a4086ef4000 rw-p 00003000 08:02 660170                     /home/asus/.javacpp/cache/llvm-13.0.1-1.5.7-linux-x86_64.jar/org/bytedeco/llvm/linux-x86_64/libRemarks.so.13
7a4086ef4000-7a4086ef9000 rw-p 00000000 00:00 0 
7a4086ef9000-7a4086f00000 ---p 00000000 00:00 0 
7a4086f00000-7a4086f04000 ---p 00000000 00:00 0 
7a4086f04000-7a4087000000 rw-p 00000000 00:00 0 
7a4087000000-7a4087028000 r--p 00000000 08:02 1322197                    /usr/lib/x86_64-linux-gnu/libc.so.6
7a4087028000-7a40871b0000 r-xp 00028000 08:02 1322197                    /usr/lib/x86_64-linux-gnu/libc.so.6
7a40871b0000-7a40871ff000 r--p 001b0000 08:02 1322197                    /usr/lib/x86_64-linux-gnu/libc.so.6
7a40871ff000-7a4087203000 r--p 001fe000 08:02 1322197                    /usr/lib/x86_64-linux-gnu/libc.so.6
7a4087203000-7a4087205000 rw-p 00202000 08:02 1322197                    /usr/lib/x86_64-linux-gnu/libc.so.6
7a4087205000-7a4087212000 rw-p 00000000 00:00 0 
7a4087213000-7a4087214000 r--p 00000000 08:02 1322256                    /usr/lib/x86_64-linux-gnu/libdl.so.2
7a4087214000-7a4087215000 r-xp 00001000 08:02 1322256                    /usr/lib/x86_64-linux-gnu/libdl.so.2
7a4087215000-7a4087216000 r--p 00002000 08:02 1322256                    /usr/lib/x86_64-linux-gnu/libdl.so.2
7a4087216000-7a4087217000 r--p 00002000 08:02 1322256                    /usr/lib/x86_64-linux-gnu/libdl.so.2
7a4087217000-7a4087218000 rw-p 00003000 08:02 1322256                    /usr/lib/x86_64-linux-gnu/libdl.so.2
7a4087218000-7a4087219000 r--p 00000000 08:02 1322654                    /usr/lib/x86_64-linux-gnu/libpthread.so.0
7a4087219000-7a408721a000 r-xp 00001000 08:02 1322654                    /usr/lib/x86_64-linux-gnu/libpthread.so.0
7a408721a000-7a408721b000 r--p 00002000 08:02 1322654                    /usr/lib/x86_64-linux-gnu/libpthread.so.0
7a408721b000-7a408721c000 r--p 00002000 08:02 1322654                    /usr/lib/x86_64-linux-gnu/libpthread.so.0
7a408721c000-7a408721d000 rw-p 00003000 08:02 1322654                    /usr/lib/x86_64-linux-gnu/libpthread.so.0
7a408721d000-7a408721f000 r--p 00000000 08:02 1841182                    /usr/lib/jvm/java-11-openjdk-amd64/lib/libzip.so
7a408721f000-7a4087224000 r-xp 00002000 08:02 1841182                    /usr/lib/jvm/java-11-openjdk-amd64/lib/libzip.so
7a4087224000-7a4087226000 r--p 00007000 08:02 1841182                    /usr/lib/jvm/java-11-openjdk-amd64/lib/libzip.so
7a4087226000-7a4087227000 r--p 00008000 08:02 1841182                    /usr/lib/jvm/java-11-openjdk-amd64/lib/libzip.so
7a4087227000-7a4087228000 rw-p 00009000 08:02 1841182                    /usr/lib/jvm/java-11-openjdk-amd64/lib/libzip.so
7a4087228000-7a4087230000 rw-s 00000000 08:02 1712453                    /tmp/hsperfdata_asus/14679
7a4087230000-7a4087232000 r--p 00000000 08:02 1841157                    /usr/lib/jvm/java-11-openjdk-amd64/lib/libinstrument.so
7a4087232000-7a4087238000 r-xp 00002000 08:02 1841157                    /usr/lib/jvm/java-11-openjdk-amd64/lib/libinstrument.so
7a4087238000-7a408723b000 r--p 00008000 08:02 1841157                    /usr/lib/jvm/java-11-openjdk-amd64/lib/libinstrument.so
7a408723b000-7a408723c000 r--p 0000a000 08:02 1841157                    /usr/lib/jvm/java-11-openjdk-amd64/lib/libinstrument.so
7a408723c000-7a408723d000 rw-p 0000b000 08:02 1841157                    /usr/lib/jvm/java-11-openjdk-amd64/lib/libinstrument.so
7a408723d000-7a408724b000 r--p 00000000 08:02 1841162                    /usr/lib/jvm/java-11-openjdk-amd64/lib/libjava.so
7a408724b000-7a4087262000 r-xp 0000e000 08:02 1841162                    /usr/lib/jvm/java-11-openjdk-amd64/lib/libjava.so
7a4087262000-7a4087269000 r--p 00025000 08:02 1841162                    /usr/lib/jvm/java-11-openjdk-amd64/lib/libjava.so
7a4087269000-7a408726a000 r--p 0002b000 08:02 1841162                    /usr/lib/jvm/java-11-openjdk-amd64/lib/libjava.so
7a408726a000-7a408726b000 rw-p 0002c000 08:02 1841162                    /usr/lib/jvm/java-11-openjdk-amd64/lib/libjava.so
7a408726b000-7a408726c000 rw-p 00000000 00:00 0 
7a408726c000-7a4087271000 r--p 00000000 08:02 1841181                    /usr/lib/jvm/java-11-openjdk-amd64/lib/libverify.so
7a4087271000-7a4087278000 r-xp 00005000 08:02 1841181                    /usr/lib/jvm/java-11-openjdk-amd64/lib/libverify.so
7a4087278000-7a408727a000 r--p 0000c000 08:02 1841181                    /usr/lib/jvm/java-11-openjdk-amd64/lib/libverify.so
7a408727a000-7a408727c000 r--p 0000d000 08:02 1841181                    /usr/lib/jvm/java-11-openjdk-amd64/lib/libverify.so
7a408727c000-7a408727d000 rw-p 0000f000 08:02 1841181                    /usr/lib/jvm/java-11-openjdk-amd64/lib/libverify.so
7a408727d000-7a408727e000 r--p 00000000 08:02 1322672                    /usr/lib/x86_64-linux-gnu/librt.so.1
7a408727e000-7a408727f000 r-xp 00001000 08:02 1322672                    /usr/lib/x86_64-linux-gnu/librt.so.1
7a408727f000-7a4087280000 r--p 00002000 08:02 1322672                    /usr/lib/x86_64-linux-gnu/librt.so.1
7a4087280000-7a4087281000 r--p 00002000 08:02 1322672                    /usr/lib/x86_64-linux-gnu/librt.so.1
7a4087281000-7a4087282000 rw-p 00003000 08:02 1322672                    /usr/lib/x86_64-linux-gnu/librt.so.1
7a4087282000-7a4087286000 r--p 00000000 08:02 1322331                    /usr/lib/x86_64-linux-gnu/libgcc_s.so.1
7a4087286000-7a40872aa000 r-xp 00004000 08:02 1322331                    /usr/lib/x86_64-linux-gnu/libgcc_s.so.1
7a40872aa000-7a40872ae000 r--p 00028000 08:02 1322331                    /usr/lib/x86_64-linux-gnu/libgcc_s.so.1
7a40872ae000-7a40872af000 r--p 0002b000 08:02 1322331                    /usr/lib/x86_64-linux-gnu/libgcc_s.so.1
7a40872af000-7a40872b0000 rw-p 0002c000 08:02 1322331                    /usr/lib/x86_64-linux-gnu/libgcc_s.so.1
7a40872b0000-7a40872c0000 r--p 00000000 08:02 1322503                    /usr/lib/x86_64-linux-gnu/libm.so.6
7a40872c0000-7a408733f000 r-xp 00010000 08:02 1322503                    /usr/lib/x86_64-linux-gnu/libm.so.6
7a408733f000-7a4087397000 r--p 0008f000 08:02 1322503                    /usr/lib/x86_64-linux-gnu/libm.so.6
7a4087397000-7a4087398000 r--p 000e7000 08:02 1322503                    /usr/lib/x86_64-linux-gnu/libm.so.6
7a4087398000-7a4087399000 rw-p 000e8000 08:02 1322503                    /usr/lib/x86_64-linux-gnu/libm.so.6
7a4087399000-7a408739b000 rw-p 00000000 00:00 0 
7a408739b000-7a408739e000 r--p 00000000 08:02 1841147                    /usr/lib/jvm/java-11-openjdk-amd64/lib/jli/libjli.so
7a408739e000-7a40873a8000 r-xp 00003000 08:02 1841147                    /usr/lib/jvm/java-11-openjdk-amd64/lib/jli/libjli.so
7a40873a8000-7a40873ab000 r--p 0000d000 08:02 1841147                    /usr/lib/jvm/java-11-openjdk-amd64/lib/jli/libjli.so
7a40873ab000-7a40873ac000 r--p 00010000 08:02 1841147                    /usr/lib/jvm/java-11-openjdk-amd64/lib/jli/libjli.so
7a40873ac000-7a40873ad000 rw-p 00011000 08:02 1841147                    /usr/lib/jvm/java-11-openjdk-amd64/lib/jli/libjli.so
7a40873ad000-7a40873af000 r--p 00000000 08:02 1322857                    /usr/lib/x86_64-linux-gnu/libz.so.1.3
7a40873af000-7a40873c1000 r-xp 00002000 08:02 1322857                    /usr/lib/x86_64-linux-gnu/libz.so.1.3
7a40873c1000-7a40873c7000 r--p 00014000 08:02 1322857                    /usr/lib/x86_64-linux-gnu/libz.so.1.3
7a40873c7000-7a40873c8000 r--p 0001a000 08:02 1322857                    /usr/lib/x86_64-linux-gnu/libz.so.1.3
7a40873c8000-7a40873c9000 rw-p 0001b000 08:02 1322857                    /usr/lib/x86_64-linux-gnu/libz.so.1.3
7a40873c9000-7a40873ca000 r--p 00000000 08:02 1841155                    /usr/lib/jvm/java-11-openjdk-amd64/lib/libextnet.so
7a40873ca000-7a40873cb000 r-xp 00001000 08:02 1841155                    /usr/lib/jvm/java-11-openjdk-amd64/lib/libextnet.so
7a40873cb000-7a40873cc000 r--p 00002000 08:02 1841155                    /usr/lib/jvm/java-11-openjdk-amd64/lib/libextnet.so
7a40873cc000-7a40873cd000 r--p 00002000 08:02 1841155                    /usr/lib/jvm/java-11-openjdk-amd64/lib/libextnet.so
7a40873cd000-7a40873ce000 rw-p 00003000 08:02 1841155                    /usr/lib/jvm/java-11-openjdk-amd64/lib/libextnet.so
7a40873ce000-7a40873cf000 ---p 00000000 00:00 0 
7a40873cf000-7a40873d0000 r--p 00000000 00:00 0 
7a40873d0000-7a40873d2000 r--p 00000000 08:02 1841165                    /usr/lib/jvm/java-11-openjdk-amd64/lib/libjimage.so
7a40873d2000-7a40873d5000 r-xp 00002000 08:02 1841165                    /usr/lib/jvm/java-11-openjdk-amd64/lib/libjimage.so
7a40873d5000-7a40873d6000 r--p 00005000 08:02 1841165                    /usr/lib/jvm/java-11-openjdk-amd64/lib/libjimage.so
7a40873d6000-7a40873d7000 r--p 00006000 08:02 1841165                    /usr/lib/jvm/java-11-openjdk-amd64/lib/libjimage.so
7a40873d7000-7a40873d8000 rw-p 00007000 08:02 1841165                    /usr/lib/jvm/java-11-openjdk-amd64/lib/libjimage.so
7a40873d8000-7a40873da000 rw-p 00000000 00:00 0 
7a40873da000-7a40873de000 r--p 00000000 00:00 0                          [vvar]
7a40873de000-7a40873e0000 r-xp 00000000 00:00 0                          [vdso]
7a40873e0000-7a40873e1000 r--p 00000000 08:02 1322015                    /usr/lib/x86_64-linux-gnu/ld-linux-x86-64.so.2
7a40873e1000-7a408740c000 r-xp 00001000 08:02 1322015                    /usr/lib/x86_64-linux-gnu/ld-linux-x86-64.so.2
7a408740c000-7a4087416000 r--p 0002c000 08:02 1322015                    /usr/lib/x86_64-linux-gnu/ld-linux-x86-64.so.2
7a4087416000-7a4087418000 r--p 00036000 08:02 1322015                    /usr/lib/x86_64-linux-gnu/ld-linux-x86-64.so.2
7a4087418000-7a408741a000 rw-p 00038000 08:02 1322015                    /usr/lib/x86_64-linux-gnu/ld-linux-x86-64.so.2
7ffee3ccb000-7ffee3cec000 rw-p 00000000 00:00 0                          [stack]
ffffffffff600000-ffffffffff601000 --xp 00000000 00:00 0                  [vsyscall]


VM Arguments:
jvm_args: -javaagent:/snap/intellij-idea-ultimate/604/lib/idea_rt.jar=39949 -Dfile.encoding=UTF-8 
java_command: Main tests/test1.sysy tests/test1.ll
java_class_path (initial): /home/asus/桌面/Lab/out/production/Lab:/usr/local/lib/antlr-4.9.1-complete.jar:/usr/local/lib/javacpp-1.5.7.jar:/usr/local/lib/javacpp-1.5.7-linux-x86_64.jar:/usr/local/lib/llvm-13.0.1-1.5.7-linux-x86_64.jar:/usr/local/lib/llvm-13.0.1-1.5.7.jar:/usr/local/lib/llvm-platform-13.0.1-1.5.7.jar:/usr/local/lib/llvm4j-0.1.2-SNAPSHOT.jar:/usr/local/lib/kotlin-stdlib-1.9.0.jar
Launcher Type: SUN_STANDARD

[Global flags]
     intx CICompilerCount                          = 3                                         {product} {ergonomic}
     uint ConcGCThreads                            = 1                                         {product} {ergonomic}
     uint G1ConcRefinementThreads                  = 4                                         {product} {ergonomic}
   size_t G1HeapRegionSize                         = 1048576                                   {product} {ergonomic}
    uintx GCDrainStackTargetSize                   = 64                                        {product} {ergonomic}
   size_t InitialHeapSize                          = 130023424                                 {product} {ergonomic}
   size_t MarkStackSize                            = 4194304                                   {product} {ergonomic}
   size_t MaxHeapSize                              = 2069889024                                {product} {ergonomic}
   size_t MaxNewSize                               = 1241513984                                {product} {ergonomic}
   size_t MinHeapDeltaBytes                        = 1048576                                   {product} {ergonomic}
    uintx NonNMethodCodeHeapSize                   = 5830732                                {pd product} {ergonomic}
    uintx NonProfiledCodeHeapSize                  = 122913754                              {pd product} {ergonomic}
    uintx ProfiledCodeHeapSize                     = 122913754                              {pd product} {ergonomic}
    uintx ReservedCodeCacheSize                    = 251658240                              {pd product} {ergonomic}
     bool SegmentedCodeCache                       = true                                      {product} {ergonomic}
     bool UseCompressedClassPointers               = true                                 {lp64_product} {ergonomic}
     bool UseCompressedOops                        = true                                 {lp64_product} {ergonomic}
     bool UseG1GC                                  = true                                      {product} {ergonomic}

Logging:
Log output configuration:
 #0: stdout all=warning uptime,level,tags
 #1: stderr all=off uptime,level,tags

Environment Variables:
PATH=/usr/local/sbin:/usr/local/bin:/usr/sbin:/usr/bin:/sbin:/bin:/usr/games:/usr/local/games:/snap/bin:/snap/bin
USERNAME=asus
SHELL=/bin/bash
DISPLAY=:0
LANG=zh_CN.UTF-8

Signal Handlers:
SIGSEGV: [libjvm.so+0xec3eb0], sa_mask[0]=11111111011111111101111111111110, sa_flags=SA_RESTART|SA_SIGINFO
SIGBUS: [libjvm.so+0xec3eb0], sa_mask[0]=11111111011111111101111111111110, sa_flags=SA_RESTART|SA_SIGINFO
SIGFPE: [libjvm.so+0xec3eb0], sa_mask[0]=11111111011111111101111111111110, sa_flags=SA_RESTART|SA_SIGINFO
SIGPIPE: [libjvm.so+0xbff180], sa_mask[0]=11111111011111111101111111111110, sa_flags=SA_RESTART|SA_SIGINFO
SIGXFSZ: [libjvm.so+0xbff180], sa_mask[0]=11111111011111111101111111111110, sa_flags=SA_RESTART|SA_SIGINFO
SIGILL: [libjvm.so+0xec3eb0], sa_mask[0]=11111111011111111101111111111110, sa_flags=SA_RESTART|SA_SIGINFO
SIGUSR2: [libjvm.so+0xbff030], sa_mask[0]=00000000000000000000000000000000, sa_flags=SA_RESTART|SA_SIGINFO
SIGHUP: [libjvm.so+0xbff7e0], sa_mask[0]=11111111011111111101111111111110, sa_flags=SA_RESTART|SA_SIGINFO
SIGINT: [libjvm.so+0xbff7e0], sa_mask[0]=11111111011111111101111111111110, sa_flags=SA_RESTART|SA_SIGINFO
SIGTERM: [libjvm.so+0xbff7e0], sa_mask[0]=11111111011111111101111111111110, sa_flags=SA_RESTART|SA_SIGINFO
SIGQUIT: [libjvm.so+0xbff7e0], sa_mask[0]=11111111011111111101111111111110, sa_flags=SA_RESTART|SA_SIGINFO


---------------  S Y S T E M  ---------------

OS:DISTRIB_ID=Ubuntu
DISTRIB_RELEASE=24.04
DISTRIB_CODENAME=noble
DISTRIB_DESCRIPTION="Ubuntu 24.04.2 LTS"
uname:Linux 6.11.0-25-generic #25~24.04.1-Ubuntu SMP PREEMPT_DYNAMIC Tue Apr 15 17:20:50 UTC 2 x86_64
OS uptime: 0 days 3:25 hours
libc:glibc 2.39 NPTL 2.39 
rlimit (soft/hard): STACK 8192k/infinity , CORE 0k/infinity , NPROC 31274/31274 , NOFILE 1048576/1048576 , AS infinity/infinity , CPU infinity/infinity , DATA infinity/infinity , FSIZE infinity/infinity , MEMLOCK 1010268k/1010268k
load average:2.17 1.58 0.89

/proc/meminfo:
MemTotal:        8082168 kB
MemFree:          660048 kB
MemAvailable:    2755612 kB
Buffers:           19260 kB
Cached:          2268160 kB
SwapCached:        37016 kB
Active:          4456836 kB
Inactive:        1563828 kB
Active(anon):    3403352 kB
Inactive(anon):   407668 kB
Active(file):    1053484 kB
Inactive(file):  1156160 kB
Unevictable:          32 kB
Mlocked:              32 kB
SwapTotal:       3958780 kB
SwapFree:        3665252 kB
Zswap:                 0 kB
Zswapped:              0 kB
Dirty:              1916 kB
Writeback:             0 kB
AnonPages:       3715576 kB
Mapped:          1202072 kB
Shmem:             77776 kB
KReclaimable:     191132 kB
Slab:             439724 kB
SReclaimable:     191132 kB
SUnreclaim:       248592 kB
KernelStack:       19840 kB
PageTables:        47660 kB
SecPageTables:         0 kB
NFS_Unstable:          0 kB
Bounce:                0 kB
WritebackTmp:          0 kB
CommitLimit:     7999864 kB
Committed_AS:   10307484 kB
VmallocTotal:   34359738367 kB
VmallocUsed:       47316 kB
VmallocChunk:          0 kB
Percpu:            91136 kB
HardwareCorrupted:     0 kB
AnonHugePages:         0 kB
ShmemHugePages:        0 kB
ShmemPmdMapped:        0 kB
FileHugePages:         0 kB
FilePmdMapped:         0 kB
Unaccepted:            0 kB
HugePages_Total:       0
HugePages_Free:        0
HugePages_Rsvd:        0
HugePages_Surp:        0
Hugepagesize:       2048 kB
Hugetlb:               0 kB
DirectMap4k:      155456 kB
DirectMap2M:     5087232 kB
DirectMap1G:     5242880 kB

/sys/kernel/mm/transparent_hugepage/enabled:
always [madvise] never
/sys/kernel/mm/transparent_hugepage/defrag (defrag/compaction efforts parameter):
always defer defer+madvise [madvise] never

Process Memory:
Virtual Size: 5079908K (peak: 13447232K)
Resident Set Size: 109452K (peak: 109452K) (anon: 50028K, file: 59424K, shmem: 0K)
Swapped out: 0K
C-Heap outstanding allocations: 24441K, retained: 3366K
glibc malloc tunables: (default)

/proc/sys/kernel/threads-max (system-wide limit on the number of threads):
62548
/proc/sys/vm/max_map_count (maximum number of memory map areas a process may have):
1048576
/proc/sys/kernel/pid_max (system-wide limit on number of process identifiers):
4194304

container (cgroup) information:
container_type: cgroupv2
cpu_cpuset_cpus: not supported
cpu_memory_nodes: not supported
active_processor_count: 4
cpu_quota: not supported
cpu_period: not supported
cpu_shares: not supported
memory_limit_in_bytes: unlimited
memory_and_swap_limit_in_bytes: unlimited
memory_soft_limit_in_bytes: unlimited
memory_usage_in_bytes: 3354844 k
memory_max_usage_in_bytes: not supported
memory_swap_current_in_bytes: unlimited
memory_swap_max_limit_in_bytes: unlimited
maximum number of tasks: 9382
current number of tasks: 144

VMWare virtualization detected
Steal ticks since vm start: 0
Steal ticks percentage since vm start:  0.000

CPU:total 128 (initial active 4) (2 cores per cpu, 1 threads per core) family 6 model 186 stepping 2 microcode 0x4122, cmov, cx8, fxsr, mmx, sse, sse2, sse3, ssse3, sse4.1, sse4.2, popcnt, avx, avx2, aes, clmul, erms, 3dnowpref, lzcnt, tsc, tscinvbit, bmi1, bmi2, adx, sha, fma
CPU Model and flags from /proc/cpuinfo:
model name	: 13th Gen Intel(R) Core(TM) i9-13900H
flags		: fpu vme de pse tsc msr pae mce cx8 apic sep mtrr pge mca cmov pat pse36 clflush mmx fxsr sse sse2 ss ht syscall nx pdpe1gb rdtscp lm constant_tsc arch_perfmon rep_good nopl xtopology tsc_reliable nonstop_tsc cpuid tsc_known_freq pni pclmulqdq ssse3 fma cx16 sse4_1 sse4_2 x2apic movbe popcnt tsc_deadline_timer aes xsave avx f16c rdrand hypervisor lahf_lm abm 3dnowprefetch ssbd ibrs ibpb stibp ibrs_enhanced fsgsbase tsc_adjust bmi1 avx2 smep bmi2 erms invpcid rdseed adx smap clflushopt clwb sha_ni xsaveopt xsavec xgetbv1 xsaves user_shstk avx_vnni arat umip pku ospke gfni vaes vpclmulqdq rdpid movdiri movdir64b fsrm md_clear serialize flush_l1d arch_capabilities
Online cpus:
0-3
Offline cpus:
4-127
BIOS frequency limitation:
<Not Available>
Frequency switch latency (ns):
<Not Available>
Available cpu frequencies:
<Not Available>
Current governor:
<Not Available>
Core performance/turbo boost:
<Not Available>

Memory: 4k page, physical 8082168k(660048k free), swap 3958780k(3665252k free)

vm_info: OpenJDK 64-Bit Server VM (11.0.27+6-post-Ubuntu-0ubuntu124.04) for linux-amd64 JRE (11.0.27+6-post-Ubuntu-0ubuntu124.04), built on Apr 21 2025 06:05:47 by "unknown" with gcc 13.3.0

END.
