#
# A fatal error has been detected by the Java Runtime Environment:
#
#  SIGSEGV (0xb) at pc=0x00007ae94238b75d, pid=7445, tid=7448
#
# JRE version: OpenJDK Runtime Environment (11.0.27+6) (build 11.0.27+6-post-Ubuntu-0ubuntu124.04)
# Java VM: OpenJDK 64-Bit Server VM (11.0.27+6-post-Ubuntu-0ubuntu124.04, mixed mode, sharing, tiered, compressed oops, g1 gc, linux-amd64)
# Problematic frame:
# C  [libc.so.6+0x18b75d]
#
# Core dump will be written. Default location: Core dumps may be processed with "/usr/share/apport/apport -p%p -s%s -c%c -d%d -P%P -u%u -g%g -- %E" (or dumping to /home/asus/桌面/Lab/core.7445)
#
# If you would like to submit a bug report, please visit:
#   https://bugs.launchpad.net/ubuntu/+source/openjdk-lts
# The crash happened outside the Java Virtual Machine in native code.
# See problematic frame for where to report the bug.
#

---------------  S U M M A R Y ------------

Command Line: -agentlib:jdwp=transport=dt_socket,address=127.0.0.1:59215,suspend=y,server=n -javaagent:/snap/intellij-idea-ultimate/604/plugins/java/lib/rt/debugger-agent.jar=file:///tmp/capture1187341955932422173.props -Dkotlinx.coroutines.debug.enable.creation.stack.trace=false -Ddebugger.agent.enable.coroutines=true -Dkotlinx.coroutines.debug.enable.flows.stack.trace=true -Dkotlinx.coroutines.debug.enable.mutable.state.flows.stack.trace=true -Dfile.encoding=UTF-8 Main tests/test1.sysy tests/test1.out

Host: 13th Gen Intel(R) Core(TM) i9-13900H, 128 cores, 7G, Ubuntu 24.04.2 LTS
Time: Thu May 22 17:27:52 2025 CST elapsed time: 0.936920 seconds (0d 0h 0m 0s)

---------------  T H R E A D  ---------------

Current thread (0x00007ae93c019000):  JavaThread "main" [_thread_in_native, id=7448, stack(0x00007ae940d00000,0x00007ae940e00000)]

Stack: [0x00007ae940d00000,0x00007ae940e00000],  sp=0x00007ae940dfdd48,  free space=1015k
Native frames: (J=compiled Java code, A=aot compiled Java code, j=interpreted, Vv=VM code, C=native code)
C  [libc.so.6+0x18b75d]
j  org.bytedeco.javacpp.BytePointer.getStringBytes()[B+17
j  org.bytedeco.javacpp.BytePointer.getString()Ljava/lang/String;+5
j  optimization.cfg.Instruction.toString()Ljava/lang/String;+17
j  com.intellij.rt.debugger.BatchEvaluatorServer.evaluate([Ljava/lang/Object;)Ljava/lang/String;+44
j  com.intellij.rt.debugger.BatchEvaluatorServer.evaluate4(Ljava/lang/Object;Ljava/lang/Object;Ljava/lang/Object;Ljava/lang/Object;)Ljava/lang/String;+20
v  ~StubRoutines::call_stub
V  [libjvm.so+0x87a653]  JavaCalls::call_helper(JavaValue*, methodHandle const&, JavaCallArguments*, Thread*)+0x373
V  [libjvm.so+0x902f67]  jni_invoke_static(JNIEnv_*, JavaValue*, _jobject*, JNICallType, _jmethodID*, JNI_ArgumentPusher*, Thread*) [clone .constprop.0]+0x2d7
V  [libjvm.so+0x903bb4]  jni_CallStaticObjectMethodA+0x134
C  [libjdwp.so+0x1ca95]  invoker_doInvoke+0x5f5
C  [libjdwp.so+0x153f9]  reportEvents.part.0+0xb9
C  [libjdwp.so+0x157db]  event_callback+0x1db
C  [libjdwp.so+0x185c3]  cbBreakpoint+0xc3
V  [libjvm.so+0xa15ec4]  JvmtiExport::post_raw_breakpoint(JavaThread*, Method*, unsigned char*)+0x284
V  [libjvm.so+0x86e203]  InterpreterRuntime::_breakpoint(JavaThread*, Method*, unsigned char*)+0x23
j  optimization.cfg.ControlFlowGraph.runConstantPropagation()V+717
j  optimization.ConstantPropagationPass.run(Lorg/bytedeco/llvm/LLVM/LLVMModuleRef;)Lorg/bytedeco/llvm/LLVM/LLVMModuleRef;+31
j  optimization.IROptimizer.optimize(Lorg/bytedeco/llvm/LLVM/LLVMModuleRef;)Lorg/bytedeco/llvm/LLVM/LLVMModuleRef;+62
j  Main.main([Ljava/lang/String;)V+143
v  ~StubRoutines::call_stub
V  [libjvm.so+0x87a653]  JavaCalls::call_helper(JavaValue*, methodHandle const&, JavaCallArguments*, Thread*)+0x373
V  [libjvm.so+0x8ff69c]  jni_invoke_static(JNIEnv_*, JavaValue*, _jobject*, JNICallType, _jmethodID*, JNI_ArgumentPusher*, Thread*) [clone .constprop.1]+0x31c
V  [libjvm.so+0x902a72]  jni_CallStaticVoidMethod+0x162
C  [libjli.so+0x5a7e]  JavaMain+0xd7e
C  [libjli.so+0x9a6d]  ThreadJavaMain+0xd
C  [libc.so.6+0x9caa4]

Java frames: (J=compiled Java code, j=interpreted, Vv=VM code)
j  org.bytedeco.javacpp.BytePointer.strlen(Lorg/bytedeco/javacpp/BytePointer;)J+0
j  org.bytedeco.javacpp.BytePointer.getStringBytes()[B+17
j  org.bytedeco.javacpp.BytePointer.getString()Ljava/lang/String;+5
j  optimization.cfg.Instruction.toString()Ljava/lang/String;+17
j  com.intellij.rt.debugger.BatchEvaluatorServer.evaluate([Ljava/lang/Object;)Ljava/lang/String;+44
j  com.intellij.rt.debugger.BatchEvaluatorServer.evaluate4(Ljava/lang/Object;Ljava/lang/Object;Ljava/lang/Object;Ljava/lang/Object;)Ljava/lang/String;+20
v  ~StubRoutines::call_stub
j  optimization.cfg.ControlFlowGraph.runConstantPropagation()V+717
j  optimization.ConstantPropagationPass.run(Lorg/bytedeco/llvm/LLVM/LLVMModuleRef;)Lorg/bytedeco/llvm/LLVM/LLVMModuleRef;+31
j  optimization.IROptimizer.optimize(Lorg/bytedeco/llvm/LLVM/LLVMModuleRef;)Lorg/bytedeco/llvm/LLVM/LLVMModuleRef;+62
j  Main.main([Ljava/lang/String;)V+143
v  ~StubRoutines::call_stub

siginfo: si_signo: 11 (SIGSEGV), si_code: 1 (SEGV_MAPERR), si_addr: 0x0000000000000000

Register to memory mapping:

RAX=0x0 is NULL
RBX={method} {0x00007ae919cafd78} 'strlen' '(Lorg/bytedeco/javacpp/BytePointer;)J' in 'org/bytedeco/javacpp/BytePointer'
RCX=0x00000008400720f0 is a pointer to class: 
org.bytedeco.javacpp.BytePointer {0x00000008400720f0}
 - instance size:     6
 - klass size:        150
 - access:            public synchronized 
 - state:             fully_initialized
 - name:              'org/bytedeco/javacpp/BytePointer'
 - super:             'org/bytedeco/javacpp/Pointer'
 - sub:               
 - arrays:            NULL
 - methods:           Array<T>(0x00007ae919cac530)
 - method ordering:   Array<T>(0x00007ae919cb0b60)
 - default_methods:   Array<T>(0x0000000000000000)
 - local interfaces:  Array<T>(0x0000000800525cb0)
 - trans. interfaces: Array<T>(0x00007ae919ca7160)
 - constants:         constant pool [407] {0x00007ae919cab778} for 'org/bytedeco/javacpp/BytePointer' cache=0x00007ae919dd02e0
 - class loader data:  loader data: 0x00007ae93c1a2f40 for instance a 'jdk/internal/loader/ClassLoaders$AppClassLoader'{0x000000008b702aa8}
 - host class:        NULL
 - source file:       'BytePointer.java'
 - class annotations:       Array<T>(0x00007ae919cb0b28)
 - class type annotations:  Array<T>(0x0000000000000000)
 - field annotations:       Array<T>(0x0000000000000000)
 - field type annotations:  Array<T>(0x0000000000000000)
 - inner classes:     Array<T>(0x0000000800526280)
 - nest members:     Array<T>(0x0000000800526280)
 - java mirror:       a 'java/lang/Class'{0x000000008b7769c0} = 'org/bytedeco/javacpp/BytePointer'
 - vtable length      86  (start addr: 0x00000008400722c0)
 - itable length      5 (start addr: 0x0000000840072570)
 - ---- static fields (1 words):
 - private static final 'logger' 'Lorg/bytedeco/javacpp/tools/Logger;' @112 
 - ---- non-static fields (9 words):
 - private 'deallocator' 'Lorg/bytedeco/javacpp/Pointer$Deallocator;' @12 
 - protected 'address' 'J' @16 
 - protected 'position' 'J' @24 
 - protected 'limit' 'J' @32 
 - protected 'capacity' 'J' @40 
 - non-static oop maps: 12-12 
RDX=0x0 is NULL
RSP=0x00007ae940dfdd48 is pointing into the stack for thread: 0x00007ae93c019000
RBP=0x00007ae940dfdda0 is pointing into the stack for thread: 0x00007ae93c019000
RSI=0x00007ae942076950: <offset 0x0000000001276950> in /usr/lib/jvm/java-11-openjdk-amd64/lib/server/libjvm.so at 0x00007ae940e00000
RDI=0x0 is NULL
R8 =0x0000000000000004 is an unknown value
R9 =0x0000000000000001 is an unknown value
R10=0x0000000000000018 is an unknown value
R11=0x000000008b7769c0 points into unknown readable memory: 0x00000067117f4409 | 09 44 7f 11 67 00 00 00
R12=0x0 is NULL
R13=0x00007ae919cafd68 is pointing into metadata
R14=0x00007ae940dfddc0 is pointing into the stack for thread: 0x00007ae93c019000
R15=0x00007ae93c019000 is a thread


Registers:
RAX=0x0000000000000000, RBX=0x00007ae919cafd78, RCX=0x00000008400720f0, RDX=0x0000000000000000
RSP=0x00007ae940dfdd48, RBP=0x00007ae940dfdda0, RSI=0x00007ae942076950, RDI=0x0000000000000000
R8 =0x0000000000000004, R9 =0x0000000000000001, R10=0x0000000000000018, R11=0x000000008b7769c0
R12=0x0000000000000000, R13=0x00007ae919cafd68, R14=0x00007ae940dfddc0, R15=0x00007ae93c019000
RIP=0x00007ae94238b75d, EFLAGS=0x0000000000010283, CSGSFS=0x002b000000000033, ERR=0x0000000000000004
  TRAPNO=0x000000000000000e

Top of Stack: (sp=0x00007ae940dfdd48)
0x00007ae940dfdd48:   00007ae923815503 00000000000003d8
0x00007ae940dfdd58:   00007ae940dfdd58 0000000000000000
0x00007ae940dfdd68:   00007ae940dfddc0 00007ae919dd02e0
0x00007ae940dfdd78:   0000000000000000 000000008b7769c0 

Instructions: (pc=0x00007ae94238b75d)
0x00007ae94238b65d:   f5 da e0 c5 e5 da f2 c5 cd da f4 c5 c5 74 f6 c5
0x00007ae94238b66d:   fd d7 d6 48 83 ef 80 85 d2 74 b8 c5 c5 74 f0 c5
0x00007ae94238b67d:   fd d7 ce 85 c9 75 3c c5 fe 7f 47 01 c5 c5 74 f1
0x00007ae94238b68d:   c5 fd d7 ce 85 c9 75 3e c5 fe 7f 4f 21 c5 c5 74
0x00007ae94238b69d:   f2 c5 fd d7 ce 85 c9 75 40 c5 fe 7f 57 41 0f bc
0x00007ae94238b6ad:   d2 c5 fe 6f 4c 16 42 c5 fe 7f 4c 17 42 c5 f8 77
0x00007ae94238b6bd:   c3 66 90 0f bc c9 c5 fe 6f 4c 0e e2 c5 fe 7f 4c
0x00007ae94238b6cd:   0f e2 c5 f8 77 c3 0f bc c9 c5 fe 6f 4c 0e 02 c5
0x00007ae94238b6dd:   fe 7f 4c 0f 02 c5 f8 77 c3 0f bc c9 c5 fe 6f 4c
0x00007ae94238b6ed:   0e 22 c5 fe 7f 4c 0f 22 c5 f8 77 c3 48 89 f1 48
0x00007ae94238b6fd:   83 e1 e0 c5 c5 74 31 c5 fd d7 ce c4 e2 4b f7 c9
0x00007ae94238b70d:   d1 e1 0f 84 f5 fd ff ff 0f bc c9 48 89 f8 f3 a4
0x00007ae94238b71d:   c5 f8 77 c3 66 2e 0f 1f 84 00 00 00 00 00 66 2e
0x00007ae94238b72d:   0f 1f 84 00 00 00 00 00 66 2e 0f 1f 84 00 00 00
0x00007ae94238b73d:   00 00 90 f3 0f 1e fa 89 f8 48 89 fa c5 f9 ef c0
0x00007ae94238b74d:   25 ff 0f 00 00 3d e0 0f 00 00 0f 87 33 01 00 00
0x00007ae94238b75d:   c5 fd 74 0f c5 fd d7 c1 85 c0 74 57 f3 0f bc c0
0x00007ae94238b76d:   c5 f8 77 c3 66 66 2e 0f 1f 84 00 00 00 00 00 0f
0x00007ae94238b77d:   1f 40 00 f3 0f bc c0 29 d7 ff c7 01 f8 c5 f8 77
0x00007ae94238b78d:   c3 66 90 f3 0f bc c0 29 d7 83 c7 21 01 f8 c5 f8
0x00007ae94238b79d:   77 c3 90 f3 0f bc c0 29 d7 83 c7 41 01 f8 c5 f8
0x00007ae94238b7ad:   77 c3 90 f3 0f bc c0 29 d7 83 c7 61 01 f8 c5 f8
0x00007ae94238b7bd:   77 c3 90 48 83 cf 1f c5 fd 74 4f 01 c5 fd d7 c1
0x00007ae94238b7cd:   85 c0 75 af c5 fd 74 4f 21 c5 fd d7 c1 85 c0 75
0x00007ae94238b7dd:   b2 c5 fd 74 4f 41 c5 fd d7 c1 85 c0 75 b5 c5 fd
0x00007ae94238b7ed:   74 4f 61 c5 fd d7 c1 85 c0 75 b8 48 ff c7 48 83
0x00007ae94238b7fd:   cf 7f 90 c5 fd 6f 4f 01 c5 f5 da 57 21 c5 fd 6f
0x00007ae94238b80d:   5f 41 c5 e5 da 67 61 c5 dd da ea c5 fd 74 ed c5
0x00007ae94238b81d:   fd d7 cd 48 83 ef 80 85 c9 74 d8 c5 fd 74 c9 c5
0x00007ae94238b82d:   fd d7 c1 48 29 d7 85 c0 75 39 c5 fd 74 d2 c5 fd
0x00007ae94238b83d:   d7 c2 85 c0 75 3d c5 fd 74 db c5 fd d7 c3 48 c1
0x00007ae94238b84d:   e1 20 48 09 c8 f3 48 0f bc c0 48 83 ef 3f 48 01 


Stack slot to memory mapping:
stack at sp + 0 slots: 0x00007ae923815503 is at code_begin+1699 in an Interpreter codelet
method entry point (kind = native)  [0x00007ae923814e60, 0x00007ae923815e60]  4096 bytes
stack at sp + 1 slots: 0x00000000000003d8 is an unknown value
stack at sp + 2 slots: 0x00007ae940dfdd58 is pointing into the stack for thread: 0x00007ae93c019000
stack at sp + 3 slots: 0x0 is NULL
stack at sp + 4 slots: 0x00007ae940dfddc0 is pointing into the stack for thread: 0x00007ae93c019000
stack at sp + 5 slots: 0x00007ae919dd02e0 is pointing into metadata
stack at sp + 6 slots: 0x0 is NULL
stack at sp + 7 slots: 0x000000008b7769c0 points into unknown readable memory: 0x00000067117f4409 | 09 44 7f 11 67 00 00 00


---------------  P R O C E S S  ---------------

Threads class SMR info:
_java_thread_list=0x00007ae93c4f2410, length=14, elements={
0x00007ae93c019000, 0x00007ae93c17c000, 0x00007ae93c17e000, 0x00007ae93c183000,
0x00007ae93c185000, 0x00007ae93c187000, 0x00007ae93c189000, 0x00007ae93c18b000,
0x00007ae93c198800, 0x00007ae93c1fa000, 0x00007ae93c206800, 0x00007ae8d8001800,
0x00007ae93c22b000, 0x00007ae93c50e000
}

Java Threads: ( => current thread )
=>0x00007ae93c019000 JavaThread "main" [_thread_in_native, id=7448, stack(0x00007ae940d00000,0x00007ae940e00000)]
  0x00007ae93c17c000 JavaThread "Reference Handler" daemon [_thread_blocked, id=7461, stack(0x00007ae920691000,0x00007ae920791000)]
  0x00007ae93c17e000 JavaThread "Finalizer" daemon [_thread_blocked, id=7462, stack(0x00007ae920591000,0x00007ae920691000)]
  0x00007ae93c183000 JavaThread "Signal Dispatcher" daemon [_thread_blocked, id=7463, stack(0x00007ae920491000,0x00007ae920591000)]
  0x00007ae93c185000 JavaThread "Service Thread" daemon [_thread_blocked, id=7464, stack(0x00007ae920391000,0x00007ae920491000)]
  0x00007ae93c187000 JavaThread "C2 CompilerThread0" daemon [_thread_blocked, id=7465, stack(0x00007ae920291000,0x00007ae920391000)]
  0x00007ae93c189000 JavaThread "C1 CompilerThread0" daemon [_thread_blocked, id=7466, stack(0x00007ae920191000,0x00007ae920291000)]
  0x00007ae93c18b000 JavaThread "Sweeper thread" daemon [_thread_blocked, id=7467, stack(0x00007ae920091000,0x00007ae920191000)]
  0x00007ae93c198800 JavaThread "Common-Cleaner" daemon [_thread_blocked, id=7470, stack(0x00007ae91a028000,0x00007ae91a128000)]
  0x00007ae93c1fa000 JavaThread "JDWP Transport Listener: dt_socket" daemon [_thread_blocked, id=7473, stack(0x00007ae919700000,0x00007ae919800000)]
  0x00007ae93c206800 JavaThread "JDWP Event Helper Thread" daemon [_thread_blocked, id=7474, stack(0x00007ae919600000,0x00007ae919700000)]
  0x00007ae8d8001800 JavaThread "JDWP Command Reader" daemon [_thread_in_native, id=7476, stack(0x00007ae919500000,0x00007ae919600000)]
  0x00007ae93c22b000 JavaThread "IntelliJ Suspend Helper" daemon [_thread_blocked, id=7478, stack(0x00007ae919400000,0x00007ae919500000)]
  0x00007ae93c50e000 JavaThread "JavaCPP Deallocator" daemon [_thread_blocked, id=7482, stack(0x00007ae9191ff000,0x00007ae9192ff000)]

Other Threads:
  0x00007ae93c179000 VMThread "VM Thread" [stack: 0x00007ae920792000,0x00007ae920892000] [id=7460]
  0x00007ae93c254800 WatcherThread [stack: 0x00007ae919300000,0x00007ae919400000] [id=7479]
  0x00007ae93c033800 GCTaskThread "GC Thread#0" [stack: 0x00007ae94071e000,0x00007ae94081e000] [id=7449]
  0x00007ae90400a000 GCTaskThread "GC Thread#1" [stack: 0x00007ae918ff9000,0x00007ae9190f9000] [id=7483]
  0x00007ae90400b800 GCTaskThread "GC Thread#2" [stack: 0x00007ae918ef8000,0x00007ae918ff8000] [id=7484]
  0x00007ae93c065000 ConcurrentGCThread "G1 Main Marker" [stack: 0x00007ae9401d7000,0x00007ae9402d7000] [id=7452]
  0x00007ae93c066800 ConcurrentGCThread "G1 Conc#0" [stack: 0x00007ae9400d6000,0x00007ae9401d6000] [id=7453]
  0x00007ae93c0df000 ConcurrentGCThread "G1 Refine#0" [stack: 0x00007ae920994000,0x00007ae920a94000] [id=7454]
  0x00007ae93c0e0800 ConcurrentGCThread "G1 Young RemSet Sampling" [stack: 0x00007ae920893000,0x00007ae920993000] [id=7455]

Threads with active compile tasks:

VM state:not at safepoint (normal execution)

VM Mutex/Monitor currently owned by a thread: None

Heap address: 0x0000000084a00000, size: 1974 MB, Compressed Oops mode: 32-bit
Narrow klass base: 0x0000000800000000, Narrow klass shift: 3
Compressed class space size: 1073741824 Address: 0x0000000840000000

Heap:
 garbage-first heap   total 129024K, used 4674K [0x0000000084a00000, 0x0000000100000000)
  region size 1024K, 5 young (5120K), 2 survivors (2048K)
 Metaspace       used 5936K, capacity 6681K, committed 6912K, reserved 1056768K
  class space    used 606K, capacity 694K, committed 768K, reserved 1048576K
Heap Regions: E=young(eden), S=young(survivor), O=old, HS=humongous(starts), HC=humongous(continues), CS=collection set, F=free, A=archive, TAMS=top-at-mark-start (previous, next)
|   0|0x0000000084a00000, 0x0000000084a00000, 0x0000000084b00000|  0%| F|  |TAMS 0x0000000084a00000, 0x0000000084a00000| Untracked 
|   1|0x0000000084b00000, 0x0000000084b00000, 0x0000000084c00000|  0%| F|  |TAMS 0x0000000084b00000, 0x0000000084b00000| Untracked 
|   2|0x0000000084c00000, 0x0000000084c00000, 0x0000000084d00000|  0%| F|  |TAMS 0x0000000084c00000, 0x0000000084c00000| Untracked 
|   3|0x0000000084d00000, 0x0000000084d00000, 0x0000000084e00000|  0%| F|  |TAMS 0x0000000084d00000, 0x0000000084d00000| Untracked 
|   4|0x0000000084e00000, 0x0000000084e00000, 0x0000000084f00000|  0%| F|  |TAMS 0x0000000084e00000, 0x0000000084e00000| Untracked 
|   5|0x0000000084f00000, 0x0000000084f00000, 0x0000000085000000|  0%| F|  |TAMS 0x0000000084f00000, 0x0000000084f00000| Untracked 
|   6|0x0000000085000000, 0x0000000085000000, 0x0000000085100000|  0%| F|  |TAMS 0x0000000085000000, 0x0000000085000000| Untracked 
|   7|0x0000000085100000, 0x0000000085100000, 0x0000000085200000|  0%| F|  |TAMS 0x0000000085100000, 0x0000000085100000| Untracked 
|   8|0x0000000085200000, 0x0000000085200000, 0x0000000085300000|  0%| F|  |TAMS 0x0000000085200000, 0x0000000085200000| Untracked 
|   9|0x0000000085300000, 0x0000000085300000, 0x0000000085400000|  0%| F|  |TAMS 0x0000000085300000, 0x0000000085300000| Untracked 
|  10|0x0000000085400000, 0x0000000085400000, 0x0000000085500000|  0%| F|  |TAMS 0x0000000085400000, 0x0000000085400000| Untracked 
|  11|0x0000000085500000, 0x0000000085500000, 0x0000000085600000|  0%| F|  |TAMS 0x0000000085500000, 0x0000000085500000| Untracked 
|  12|0x0000000085600000, 0x0000000085600000, 0x0000000085700000|  0%| F|  |TAMS 0x0000000085600000, 0x0000000085600000| Untracked 
|  13|0x0000000085700000, 0x0000000085700000, 0x0000000085800000|  0%| F|  |TAMS 0x0000000085700000, 0x0000000085700000| Untracked 
|  14|0x0000000085800000, 0x0000000085800000, 0x0000000085900000|  0%| F|  |TAMS 0x0000000085800000, 0x0000000085800000| Untracked 
|  15|0x0000000085900000, 0x0000000085900000, 0x0000000085a00000|  0%| F|  |TAMS 0x0000000085900000, 0x0000000085900000| Untracked 
|  16|0x0000000085a00000, 0x0000000085a00000, 0x0000000085b00000|  0%| F|  |TAMS 0x0000000085a00000, 0x0000000085a00000| Untracked 
|  17|0x0000000085b00000, 0x0000000085b00000, 0x0000000085c00000|  0%| F|  |TAMS 0x0000000085b00000, 0x0000000085b00000| Untracked 
|  18|0x0000000085c00000, 0x0000000085c00000, 0x0000000085d00000|  0%| F|  |TAMS 0x0000000085c00000, 0x0000000085c00000| Untracked 
|  19|0x0000000085d00000, 0x0000000085d00000, 0x0000000085e00000|  0%| F|  |TAMS 0x0000000085d00000, 0x0000000085d00000| Untracked 
|  20|0x0000000085e00000, 0x0000000085e00000, 0x0000000085f00000|  0%| F|  |TAMS 0x0000000085e00000, 0x0000000085e00000| Untracked 
|  21|0x0000000085f00000, 0x0000000085f00000, 0x0000000086000000|  0%| F|  |TAMS 0x0000000085f00000, 0x0000000085f00000| Untracked 
|  22|0x0000000086000000, 0x0000000086000000, 0x0000000086100000|  0%| F|  |TAMS 0x0000000086000000, 0x0000000086000000| Untracked 
|  23|0x0000000086100000, 0x0000000086100000, 0x0000000086200000|  0%| F|  |TAMS 0x0000000086100000, 0x0000000086100000| Untracked 
|  24|0x0000000086200000, 0x0000000086200000, 0x0000000086300000|  0%| F|  |TAMS 0x0000000086200000, 0x0000000086200000| Untracked 
|  25|0x0000000086300000, 0x0000000086300000, 0x0000000086400000|  0%| F|  |TAMS 0x0000000086300000, 0x0000000086300000| Untracked 
|  26|0x0000000086400000, 0x0000000086400000, 0x0000000086500000|  0%| F|  |TAMS 0x0000000086400000, 0x0000000086400000| Untracked 
|  27|0x0000000086500000, 0x0000000086500000, 0x0000000086600000|  0%| F|  |TAMS 0x0000000086500000, 0x0000000086500000| Untracked 
|  28|0x0000000086600000, 0x0000000086600000, 0x0000000086700000|  0%| F|  |TAMS 0x0000000086600000, 0x0000000086600000| Untracked 
|  29|0x0000000086700000, 0x0000000086700000, 0x0000000086800000|  0%| F|  |TAMS 0x0000000086700000, 0x0000000086700000| Untracked 
|  30|0x0000000086800000, 0x0000000086800000, 0x0000000086900000|  0%| F|  |TAMS 0x0000000086800000, 0x0000000086800000| Untracked 
|  31|0x0000000086900000, 0x0000000086900000, 0x0000000086a00000|  0%| F|  |TAMS 0x0000000086900000, 0x0000000086900000| Untracked 
|  32|0x0000000086a00000, 0x0000000086a00000, 0x0000000086b00000|  0%| F|  |TAMS 0x0000000086a00000, 0x0000000086a00000| Untracked 
|  33|0x0000000086b00000, 0x0000000086b00000, 0x0000000086c00000|  0%| F|  |TAMS 0x0000000086b00000, 0x0000000086b00000| Untracked 
|  34|0x0000000086c00000, 0x0000000086c00000, 0x0000000086d00000|  0%| F|  |TAMS 0x0000000086c00000, 0x0000000086c00000| Untracked 
|  35|0x0000000086d00000, 0x0000000086d00000, 0x0000000086e00000|  0%| F|  |TAMS 0x0000000086d00000, 0x0000000086d00000| Untracked 
|  36|0x0000000086e00000, 0x0000000086e00000, 0x0000000086f00000|  0%| F|  |TAMS 0x0000000086e00000, 0x0000000086e00000| Untracked 
|  37|0x0000000086f00000, 0x0000000086f00000, 0x0000000087000000|  0%| F|  |TAMS 0x0000000086f00000, 0x0000000086f00000| Untracked 
|  38|0x0000000087000000, 0x0000000087000000, 0x0000000087100000|  0%| F|  |TAMS 0x0000000087000000, 0x0000000087000000| Untracked 
|  39|0x0000000087100000, 0x0000000087100000, 0x0000000087200000|  0%| F|  |TAMS 0x0000000087100000, 0x0000000087100000| Untracked 
|  40|0x0000000087200000, 0x0000000087200000, 0x0000000087300000|  0%| F|  |TAMS 0x0000000087200000, 0x0000000087200000| Untracked 
|  41|0x0000000087300000, 0x0000000087300000, 0x0000000087400000|  0%| F|  |TAMS 0x0000000087300000, 0x0000000087300000| Untracked 
|  42|0x0000000087400000, 0x0000000087400000, 0x0000000087500000|  0%| F|  |TAMS 0x0000000087400000, 0x0000000087400000| Untracked 
|  43|0x0000000087500000, 0x0000000087500000, 0x0000000087600000|  0%| F|  |TAMS 0x0000000087500000, 0x0000000087500000| Untracked 
|  44|0x0000000087600000, 0x0000000087600000, 0x0000000087700000|  0%| F|  |TAMS 0x0000000087600000, 0x0000000087600000| Untracked 
|  45|0x0000000087700000, 0x0000000087700000, 0x0000000087800000|  0%| F|  |TAMS 0x0000000087700000, 0x0000000087700000| Untracked 
|  46|0x0000000087800000, 0x0000000087800000, 0x0000000087900000|  0%| F|  |TAMS 0x0000000087800000, 0x0000000087800000| Untracked 
|  47|0x0000000087900000, 0x0000000087900000, 0x0000000087a00000|  0%| F|  |TAMS 0x0000000087900000, 0x0000000087900000| Untracked 
|  48|0x0000000087a00000, 0x0000000087a00000, 0x0000000087b00000|  0%| F|  |TAMS 0x0000000087a00000, 0x0000000087a00000| Untracked 
|  49|0x0000000087b00000, 0x0000000087b00000, 0x0000000087c00000|  0%| F|  |TAMS 0x0000000087b00000, 0x0000000087b00000| Untracked 
|  50|0x0000000087c00000, 0x0000000087c00000, 0x0000000087d00000|  0%| F|  |TAMS 0x0000000087c00000, 0x0000000087c00000| Untracked 
|  51|0x0000000087d00000, 0x0000000087d00000, 0x0000000087e00000|  0%| F|  |TAMS 0x0000000087d00000, 0x0000000087d00000| Untracked 
|  52|0x0000000087e00000, 0x0000000087e00000, 0x0000000087f00000|  0%| F|  |TAMS 0x0000000087e00000, 0x0000000087e00000| Untracked 
|  53|0x0000000087f00000, 0x0000000087f00000, 0x0000000088000000|  0%| F|  |TAMS 0x0000000087f00000, 0x0000000087f00000| Untracked 
|  54|0x0000000088000000, 0x0000000088000000, 0x0000000088100000|  0%| F|  |TAMS 0x0000000088000000, 0x0000000088000000| Untracked 
|  55|0x0000000088100000, 0x0000000088100000, 0x0000000088200000|  0%| F|  |TAMS 0x0000000088100000, 0x0000000088100000| Untracked 
|  56|0x0000000088200000, 0x0000000088200000, 0x0000000088300000|  0%| F|  |TAMS 0x0000000088200000, 0x0000000088200000| Untracked 
|  57|0x0000000088300000, 0x0000000088300000, 0x0000000088400000|  0%| F|  |TAMS 0x0000000088300000, 0x0000000088300000| Untracked 
|  58|0x0000000088400000, 0x0000000088400000, 0x0000000088500000|  0%| F|  |TAMS 0x0000000088400000, 0x0000000088400000| Untracked 
|  59|0x0000000088500000, 0x0000000088500000, 0x0000000088600000|  0%| F|  |TAMS 0x0000000088500000, 0x0000000088500000| Untracked 
|  60|0x0000000088600000, 0x0000000088600000, 0x0000000088700000|  0%| F|  |TAMS 0x0000000088600000, 0x0000000088600000| Untracked 
|  61|0x0000000088700000, 0x0000000088700000, 0x0000000088800000|  0%| F|  |TAMS 0x0000000088700000, 0x0000000088700000| Untracked 
|  62|0x0000000088800000, 0x0000000088800000, 0x0000000088900000|  0%| F|  |TAMS 0x0000000088800000, 0x0000000088800000| Untracked 
|  63|0x0000000088900000, 0x0000000088900000, 0x0000000088a00000|  0%| F|  |TAMS 0x0000000088900000, 0x0000000088900000| Untracked 
|  64|0x0000000088a00000, 0x0000000088a00000, 0x0000000088b00000|  0%| F|  |TAMS 0x0000000088a00000, 0x0000000088a00000| Untracked 
|  65|0x0000000088b00000, 0x0000000088b00000, 0x0000000088c00000|  0%| F|  |TAMS 0x0000000088b00000, 0x0000000088b00000| Untracked 
|  66|0x0000000088c00000, 0x0000000088c00000, 0x0000000088d00000|  0%| F|  |TAMS 0x0000000088c00000, 0x0000000088c00000| Untracked 
|  67|0x0000000088d00000, 0x0000000088d00000, 0x0000000088e00000|  0%| F|  |TAMS 0x0000000088d00000, 0x0000000088d00000| Untracked 
|  68|0x0000000088e00000, 0x0000000088e00000, 0x0000000088f00000|  0%| F|  |TAMS 0x0000000088e00000, 0x0000000088e00000| Untracked 
|  69|0x0000000088f00000, 0x0000000088f00000, 0x0000000089000000|  0%| F|  |TAMS 0x0000000088f00000, 0x0000000088f00000| Untracked 
|  70|0x0000000089000000, 0x0000000089000000, 0x0000000089100000|  0%| F|  |TAMS 0x0000000089000000, 0x0000000089000000| Untracked 
|  71|0x0000000089100000, 0x0000000089100000, 0x0000000089200000|  0%| F|  |TAMS 0x0000000089100000, 0x0000000089100000| Untracked 
|  72|0x0000000089200000, 0x0000000089200000, 0x0000000089300000|  0%| F|  |TAMS 0x0000000089200000, 0x0000000089200000| Untracked 
|  73|0x0000000089300000, 0x0000000089300000, 0x0000000089400000|  0%| F|  |TAMS 0x0000000089300000, 0x0000000089300000| Untracked 
|  74|0x0000000089400000, 0x0000000089400000, 0x0000000089500000|  0%| F|  |TAMS 0x0000000089400000, 0x0000000089400000| Untracked 
|  75|0x0000000089500000, 0x0000000089500000, 0x0000000089600000|  0%| F|  |TAMS 0x0000000089500000, 0x0000000089500000| Untracked 
|  76|0x0000000089600000, 0x0000000089600000, 0x0000000089700000|  0%| F|  |TAMS 0x0000000089600000, 0x0000000089600000| Untracked 
|  77|0x0000000089700000, 0x0000000089700000, 0x0000000089800000|  0%| F|  |TAMS 0x0000000089700000, 0x0000000089700000| Untracked 
|  78|0x0000000089800000, 0x0000000089800000, 0x0000000089900000|  0%| F|  |TAMS 0x0000000089800000, 0x0000000089800000| Untracked 
|  79|0x0000000089900000, 0x0000000089900000, 0x0000000089a00000|  0%| F|  |TAMS 0x0000000089900000, 0x0000000089900000| Untracked 
|  80|0x0000000089a00000, 0x0000000089a00000, 0x0000000089b00000|  0%| F|  |TAMS 0x0000000089a00000, 0x0000000089a00000| Untracked 
|  81|0x0000000089b00000, 0x0000000089b00000, 0x0000000089c00000|  0%| F|  |TAMS 0x0000000089b00000, 0x0000000089b00000| Untracked 
|  82|0x0000000089c00000, 0x0000000089c00000, 0x0000000089d00000|  0%| F|  |TAMS 0x0000000089c00000, 0x0000000089c00000| Untracked 
|  83|0x0000000089d00000, 0x0000000089d00000, 0x0000000089e00000|  0%| F|  |TAMS 0x0000000089d00000, 0x0000000089d00000| Untracked 
|  84|0x0000000089e00000, 0x0000000089e00000, 0x0000000089f00000|  0%| F|  |TAMS 0x0000000089e00000, 0x0000000089e00000| Untracked 
|  85|0x0000000089f00000, 0x0000000089f00000, 0x000000008a000000|  0%| F|  |TAMS 0x0000000089f00000, 0x0000000089f00000| Untracked 
|  86|0x000000008a000000, 0x000000008a000000, 0x000000008a100000|  0%| F|  |TAMS 0x000000008a000000, 0x000000008a000000| Untracked 
|  87|0x000000008a100000, 0x000000008a100000, 0x000000008a200000|  0%| F|  |TAMS 0x000000008a100000, 0x000000008a100000| Untracked 
|  88|0x000000008a200000, 0x000000008a200000, 0x000000008a300000|  0%| F|  |TAMS 0x000000008a200000, 0x000000008a200000| Untracked 
|  89|0x000000008a300000, 0x000000008a300000, 0x000000008a400000|  0%| F|  |TAMS 0x000000008a300000, 0x000000008a300000| Untracked 
|  90|0x000000008a400000, 0x000000008a400000, 0x000000008a500000|  0%| F|  |TAMS 0x000000008a400000, 0x000000008a400000| Untracked 
|  91|0x000000008a500000, 0x000000008a500000, 0x000000008a600000|  0%| F|  |TAMS 0x000000008a500000, 0x000000008a500000| Untracked 
|  92|0x000000008a600000, 0x000000008a600000, 0x000000008a700000|  0%| F|  |TAMS 0x000000008a600000, 0x000000008a600000| Untracked 
|  93|0x000000008a700000, 0x000000008a700000, 0x000000008a800000|  0%| F|  |TAMS 0x000000008a700000, 0x000000008a700000| Untracked 
|  94|0x000000008a800000, 0x000000008a800000, 0x000000008a900000|  0%| F|  |TAMS 0x000000008a800000, 0x000000008a800000| Untracked 
|  95|0x000000008a900000, 0x000000008a900000, 0x000000008aa00000|  0%| F|  |TAMS 0x000000008a900000, 0x000000008a900000| Untracked 
|  96|0x000000008aa00000, 0x000000008aa00000, 0x000000008ab00000|  0%| F|  |TAMS 0x000000008aa00000, 0x000000008aa00000| Untracked 
|  97|0x000000008ab00000, 0x000000008ab00000, 0x000000008ac00000|  0%| F|  |TAMS 0x000000008ab00000, 0x000000008ab00000| Untracked 
|  98|0x000000008ac00000, 0x000000008ac00000, 0x000000008ad00000|  0%| F|  |TAMS 0x000000008ac00000, 0x000000008ac00000| Untracked 
|  99|0x000000008ad00000, 0x000000008ad00000, 0x000000008ae00000|  0%| F|  |TAMS 0x000000008ad00000, 0x000000008ad00000| Untracked 
| 100|0x000000008ae00000, 0x000000008ae00000, 0x000000008af00000|  0%| F|  |TAMS 0x000000008ae00000, 0x000000008ae00000| Untracked 
| 101|0x000000008af00000, 0x000000008af00000, 0x000000008b000000|  0%| F|  |TAMS 0x000000008af00000, 0x000000008af00000| Untracked 
| 102|0x000000008b000000, 0x000000008b000000, 0x000000008b100000|  0%| F|  |TAMS 0x000000008b000000, 0x000000008b000000| Untracked 
| 103|0x000000008b100000, 0x000000008b100000, 0x000000008b200000|  0%| F|  |TAMS 0x000000008b100000, 0x000000008b100000| Untracked 
| 104|0x000000008b200000, 0x000000008b200000, 0x000000008b300000|  0%| F|  |TAMS 0x000000008b200000, 0x000000008b200000| Untracked 
| 105|0x000000008b300000, 0x000000008b300000, 0x000000008b400000|  0%| F|  |TAMS 0x000000008b300000, 0x000000008b300000| Untracked 
| 106|0x000000008b400000, 0x000000008b400000, 0x000000008b500000|  0%| F|  |TAMS 0x000000008b400000, 0x000000008b400000| Untracked 
| 107|0x000000008b500000, 0x000000008b500000, 0x000000008b600000|  0%| F|  |TAMS 0x000000008b500000, 0x000000008b500000| Untracked 
| 108|0x000000008b600000, 0x000000008b6dcaf8, 0x000000008b700000| 86%| S|CS|TAMS 0x000000008b600000, 0x000000008b600000| Complete 
| 109|0x000000008b700000, 0x000000008b800000, 0x000000008b800000|100%| S|CS|TAMS 0x000000008b700000, 0x000000008b700000| Complete 
| 110|0x000000008b800000, 0x000000008b800000, 0x000000008b900000|  0%| F|  |TAMS 0x000000008b800000, 0x000000008b800000| Untracked 
| 111|0x000000008b900000, 0x000000008b900000, 0x000000008ba00000|  0%| F|  |TAMS 0x000000008b900000, 0x000000008b900000| Untracked 
| 112|0x000000008ba00000, 0x000000008ba00000, 0x000000008bb00000|  0%| F|  |TAMS 0x000000008ba00000, 0x000000008ba00000| Untracked 
| 113|0x000000008bb00000, 0x000000008bb00000, 0x000000008bc00000|  0%| F|  |TAMS 0x000000008bb00000, 0x000000008bb00000| Untracked 
| 114|0x000000008bc00000, 0x000000008bc00000, 0x000000008bd00000|  0%| F|  |TAMS 0x000000008bc00000, 0x000000008bc00000| Untracked 
| 115|0x000000008bd00000, 0x000000008bd00000, 0x000000008be00000|  0%| F|  |TAMS 0x000000008bd00000, 0x000000008bd00000| Untracked 
| 116|0x000000008be00000, 0x000000008be00000, 0x000000008bf00000|  0%| F|  |TAMS 0x000000008be00000, 0x000000008be00000| Untracked 
| 117|0x000000008bf00000, 0x000000008bf00000, 0x000000008c000000|  0%| F|  |TAMS 0x000000008bf00000, 0x000000008bf00000| Untracked 
| 118|0x000000008c000000, 0x000000008c000000, 0x000000008c100000|  0%| F|  |TAMS 0x000000008c000000, 0x000000008c000000| Untracked 
| 119|0x000000008c100000, 0x000000008c100000, 0x000000008c200000|  0%| F|  |TAMS 0x000000008c100000, 0x000000008c100000| Untracked 
| 120|0x000000008c200000, 0x000000008c200000, 0x000000008c300000|  0%| F|  |TAMS 0x000000008c200000, 0x000000008c200000| Untracked 
| 121|0x000000008c300000, 0x000000008c300800, 0x000000008c400000|  0%| E|  |TAMS 0x000000008c300000, 0x000000008c300000| Complete 
| 122|0x000000008c400000, 0x000000008c500000, 0x000000008c500000|100%| E|CS|TAMS 0x000000008c400000, 0x000000008c400000| Complete 
| 123|0x000000008c500000, 0x000000008c600000, 0x000000008c600000|100%| E|CS|TAMS 0x000000008c500000, 0x000000008c500000| Complete 
|1972|0x00000000ffe00000, 0x00000000ffe48000, 0x00000000fff00000| 28%|OA|  |TAMS 0x00000000ffe00000, 0x00000000ffe00000| Untracked 
|1973|0x00000000fff00000, 0x00000000fff6c000, 0x0000000100000000| 42%|CA|  |TAMS 0x00000000fff00000, 0x00000000fff00000| Untracked 

Card table byte_map: [0x00007ae92304a000,0x00007ae923425000] _byte_map_base: 0x00007ae922c25000

Marking Bits (Prev, Next): (CMBitMap*) 0x00007ae93c05c3b8, (CMBitMap*) 0x00007ae93c05c3f0
 Prev Bits: [0x00007ae920d97000, 0x00007ae922c6f000)
 Next Bits: [0x00007ae91a128000, 0x00007ae91c000000)

Polling page: 0x00007ae942481000

Metaspace:

Usage:
  Non-class:      5.85 MB capacity,     5.21 MB ( 89%) used,   649.69 KB ( 11%) free+waste,     7.25 KB ( <1%) overhead. 
      Class:    694.00 KB capacity,   606.27 KB ( 87%) used,    84.05 KB ( 12%) free+waste,     3.69 KB ( <1%) overhead. 
       Both:      6.52 MB capacity,     5.80 MB ( 89%) used,   733.73 KB ( 11%) free+waste,    10.94 KB ( <1%) overhead. 

Virtual space:
  Non-class space:        8.00 MB reserved,       6.00 MB ( 75%) committed 
      Class space:        1.00 GB reserved,     768.00 KB ( <1%) committed 
             Both:        1.01 GB reserved,       6.75 MB ( <1%) committed 

Chunk freelists:
   Non-Class:  29.00 KB
       Class:  10.00 KB
        Both:  39.00 KB

MaxMetaspaceSize: unlimited
CompressedClassSpaceSize: 1.00 GB
Initial GC threshold: 20.80 MB
Current GC threshold: 20.80 MB
CDS: on

CodeHeap 'non-profiled nmethods': size=120032Kb used=241Kb max_used=241Kb free=119790Kb
 bounds [0x00007ae92b2c8000, 0x00007ae92b538000, 0x00007ae932800000]
CodeHeap 'profiled nmethods': size=120032Kb used=1437Kb max_used=1437Kb free=118594Kb
 bounds [0x00007ae923d90000, 0x00007ae924000000, 0x00007ae92b2c8000]
CodeHeap 'non-nmethods': size=5696Kb used=1210Kb max_used=1224Kb free=4485Kb
 bounds [0x00007ae923800000, 0x00007ae923a70000, 0x00007ae923d90000]
 total_blobs=1187 nmethods=782 adapters=327
 compilation: enabled
              stopped_count=0, restarted_count=0
 full_count=0

Compilation events (20 events):
Event: 0.394 Thread 0x00007ae93c189000  773   !   3       java.lang.StringCoding::lookupCharset (24 bytes)
Event: 0.394 Thread 0x00007ae93c189000 nmethod 773 0x00007ae923ef1690 code [0x00007ae923ef18a0, 0x00007ae923ef1d10]
Event: 0.401 Thread 0x00007ae93c189000  774       3       java.util.concurrent.ConcurrentHashMap$EntryIterator::next (5 bytes)
Event: 0.401 Thread 0x00007ae93c189000 nmethod 774 0x00007ae923ef1f90 code [0x00007ae923ef2140, 0x00007ae923ef2280]
Event: 0.401 Thread 0x00007ae93c189000  775       3       java.util.concurrent.ConcurrentHashMap$EntryIterator::next (51 bytes)
Event: 0.401 Thread 0x00007ae93c189000 nmethod 775 0x00007ae923ef2310 code [0x00007ae923ef2500, 0x00007ae923ef29d0]
Event: 0.401 Thread 0x00007ae93c189000  776       3       java.lang.String::getBytes (25 bytes)
Event: 0.402 Thread 0x00007ae93c189000 nmethod 776 0x00007ae923ef2b90 code [0x00007ae923ef2d80, 0x00007ae923ef3070]
Event: 0.402 Thread 0x00007ae93c189000  777   !   3       java.lang.StringCoding::encode (152 bytes)
Event: 0.402 Thread 0x00007ae93c189000 nmethod 777 0x00007ae923ef3190 code [0x00007ae923ef3540, 0x00007ae923ef4be0]
Event: 0.402 Thread 0x00007ae93c189000  778       3       java.lang.Class::getPackageName (81 bytes)
Event: 0.403 Thread 0x00007ae93c189000 nmethod 778 0x00007ae923ef5590 code [0x00007ae923ef5820, 0x00007ae923ef6160]
Event: 0.403 Thread 0x00007ae93c189000  781       3       java.lang.Number::<init> (5 bytes)
Event: 0.403 Thread 0x00007ae93c189000 nmethod 781 0x00007ae923ef6510 code [0x00007ae923ef66c0, 0x00007ae923ef6830]
Event: 0.403 Thread 0x00007ae93c189000  779       3       java.util.ArrayList::contains (14 bytes)
Event: 0.403 Thread 0x00007ae93c189000 nmethod 779 0x00007ae923ef6910 code [0x00007ae923ef6ae0, 0x00007ae923ef6d20]
Event: 0.403 Thread 0x00007ae93c189000  780       3       java.lang.Object::equals (11 bytes)
Event: 0.403 Thread 0x00007ae93c189000 nmethod 780 0x00007ae923ef6e10 code [0x00007ae923ef6fc0, 0x00007ae923ef7130]
Event: 0.935 Thread 0x00007ae93c189000  782       3       java.io.RandomAccessFile::seek (22 bytes)
Event: 0.935 Thread 0x00007ae93c189000 nmethod 782 0x00007ae923ef7190 code [0x00007ae923ef7360, 0x00007ae923ef75f0]

GC Heap History (2 events):
Event: 0.362 GC heap before
{Heap before GC invocations=0 (full 0):
 garbage-first heap   total 129024K, used 14032K [0x0000000084a00000, 0x0000000100000000)
  region size 1024K, 14 young (14336K), 0 survivors (0K)
 Metaspace       used 5515K, capacity 6329K, committed 6656K, reserved 1056768K
  class space    used 569K, capacity 662K, committed 768K, reserved 1048576K
}
Event: 0.367 GC heap after
{Heap after GC invocations=1 (full 0):
 garbage-first heap   total 129024K, used 2626K [0x0000000084a00000, 0x0000000100000000)
  region size 1024K, 2 young (2048K), 2 survivors (2048K)
 Metaspace       used 5515K, capacity 6329K, committed 6656K, reserved 1056768K
  class space    used 569K, capacity 662K, committed 768K, reserved 1048576K
}

Deoptimization events (20 events):
Event: 0.379 Thread 0x00007ae93c019000 Uncommon trap: trap_request=0xffffffc6 fr.pc=0x00007ae92b2ef80c relative=0x00000000000004ac
Event: 0.379 Thread 0x00007ae93c019000 Uncommon trap: reason=bimorphic_or_optimized_type_check action=maybe_recompile pc=0x00007ae92b2ef80c method=java.util.HashMap.getNode(ILjava/lang/Object;)Ljava/util/HashMap$Node; @ 126 c2
Event: 0.379 Thread 0x00007ae93c019000 DEOPT PACKING pc=0x00007ae92b2ef80c sp=0x00007ae940dfdfe0
Event: 0.379 Thread 0x00007ae93c019000 DEOPT UNPACKING pc=0x00007ae923849ea5 sp=0x00007ae940dfdf48 mode 2
Event: 0.383 Thread 0x00007ae93c019000 Uncommon trap: trap_request=0xffffffc6 fr.pc=0x00007ae92b2ef80c relative=0x00000000000004ac
Event: 0.383 Thread 0x00007ae93c019000 Uncommon trap: reason=bimorphic_or_optimized_type_check action=maybe_recompile pc=0x00007ae92b2ef80c method=java.util.HashMap.getNode(ILjava/lang/Object;)Ljava/util/HashMap$Node; @ 126 c2
Event: 0.383 Thread 0x00007ae93c019000 DEOPT PACKING pc=0x00007ae92b2ef80c sp=0x00007ae940dfddc0
Event: 0.383 Thread 0x00007ae93c019000 DEOPT UNPACKING pc=0x00007ae923849ea5 sp=0x00007ae940dfdd28 mode 2
Event: 0.383 Thread 0x00007ae93c019000 Uncommon trap: trap_request=0xffffffc6 fr.pc=0x00007ae92b2ef80c relative=0x00000000000004ac
Event: 0.383 Thread 0x00007ae93c019000 Uncommon trap: reason=bimorphic_or_optimized_type_check action=maybe_recompile pc=0x00007ae92b2ef80c method=java.util.HashMap.getNode(ILjava/lang/Object;)Ljava/util/HashMap$Node; @ 126 c2
Event: 0.383 Thread 0x00007ae93c019000 DEOPT PACKING pc=0x00007ae92b2ef80c sp=0x00007ae940dfe220
Event: 0.383 Thread 0x00007ae93c019000 DEOPT UNPACKING pc=0x00007ae923849ea5 sp=0x00007ae940dfe188 mode 2
Event: 0.384 Thread 0x00007ae93c019000 Uncommon trap: trap_request=0xffffffc6 fr.pc=0x00007ae92b2ef80c relative=0x00000000000004ac
Event: 0.384 Thread 0x00007ae93c019000 Uncommon trap: reason=bimorphic_or_optimized_type_check action=maybe_recompile pc=0x00007ae92b2ef80c method=java.util.HashMap.getNode(ILjava/lang/Object;)Ljava/util/HashMap$Node; @ 126 c2
Event: 0.384 Thread 0x00007ae93c019000 DEOPT PACKING pc=0x00007ae92b2ef80c sp=0x00007ae940dfddf0
Event: 0.384 Thread 0x00007ae93c019000 DEOPT UNPACKING pc=0x00007ae923849ea5 sp=0x00007ae940dfdd58 mode 2
Event: 0.384 Thread 0x00007ae93c019000 Uncommon trap: trap_request=0xffffffc6 fr.pc=0x00007ae92b2ea5fc relative=0x000000000000041c
Event: 0.384 Thread 0x00007ae93c019000 Uncommon trap: reason=bimorphic_or_optimized_type_check action=maybe_recompile pc=0x00007ae92b2ea5fc method=java.util.HashMap.getNode(ILjava/lang/Object;)Ljava/util/HashMap$Node; @ 126 c2
Event: 0.384 Thread 0x00007ae93c019000 DEOPT PACKING pc=0x00007ae92b2ea5fc sp=0x00007ae940dfe120
Event: 0.384 Thread 0x00007ae93c019000 DEOPT UNPACKING pc=0x00007ae923849ea5 sp=0x00007ae940dfe0f0 mode 2

Classes redefined (1 events):
Event: 0.133 Thread 0x00007ae93c179000 redefined class name=java.lang.Throwable, count=1

Internal exceptions (20 events):
Event: 0.270 Thread 0x00007ae93c019000 Exception <a 'java/security/PrivilegedActionException'{0x000000008beb7678}> (0x000000008beb7678) thrown at [./src/hotspot/share/prims/jvm.cpp, line 1304]
Event: 0.270 Thread 0x00007ae93c019000 Exception <a 'java/security/PrivilegedActionException'{0x000000008beb7968}> (0x000000008beb7968) thrown at [./src/hotspot/share/prims/jvm.cpp, line 1304]
Event: 0.270 Thread 0x00007ae93c019000 Exception <a 'java/security/PrivilegedActionException'{0x000000008beb82f8}> (0x000000008beb82f8) thrown at [./src/hotspot/share/prims/jvm.cpp, line 1304]
Event: 0.270 Thread 0x00007ae93c019000 Exception <a 'java/security/PrivilegedActionException'{0x000000008beb85e8}> (0x000000008beb85e8) thrown at [./src/hotspot/share/prims/jvm.cpp, line 1304]
Event: 0.270 Thread 0x00007ae93c019000 Exception <a 'java/security/PrivilegedActionException'{0x000000008beb8fb0}> (0x000000008beb8fb0) thrown at [./src/hotspot/share/prims/jvm.cpp, line 1304]
Event: 0.270 Thread 0x00007ae93c019000 Exception <a 'java/security/PrivilegedActionException'{0x000000008beb92a0}> (0x000000008beb92a0) thrown at [./src/hotspot/share/prims/jvm.cpp, line 1304]
Event: 0.271 Thread 0x00007ae93c019000 Exception <a 'java/security/PrivilegedActionException'{0x000000008beb9c50}> (0x000000008beb9c50) thrown at [./src/hotspot/share/prims/jvm.cpp, line 1304]
Event: 0.271 Thread 0x00007ae93c019000 Exception <a 'java/security/PrivilegedActionException'{0x000000008beb9f40}> (0x000000008beb9f40) thrown at [./src/hotspot/share/prims/jvm.cpp, line 1304]
Event: 0.271 Thread 0x00007ae93c019000 Exception <a 'java/security/PrivilegedActionException'{0x000000008beba8f0}> (0x000000008beba8f0) thrown at [./src/hotspot/share/prims/jvm.cpp, line 1304]
Event: 0.271 Thread 0x00007ae93c019000 Exception <a 'java/security/PrivilegedActionException'{0x000000008bebabe0}> (0x000000008bebabe0) thrown at [./src/hotspot/share/prims/jvm.cpp, line 1304]
Event: 0.271 Thread 0x00007ae93c019000 Exception <a 'java/security/PrivilegedActionException'{0x000000008bebb5a8}> (0x000000008bebb5a8) thrown at [./src/hotspot/share/prims/jvm.cpp, line 1304]
Event: 0.271 Thread 0x00007ae93c019000 Exception <a 'java/security/PrivilegedActionException'{0x000000008bebb898}> (0x000000008bebb898) thrown at [./src/hotspot/share/prims/jvm.cpp, line 1304]
Event: 0.271 Thread 0x00007ae93c019000 Exception <a 'java/security/PrivilegedActionException'{0x000000008bebc260}> (0x000000008bebc260) thrown at [./src/hotspot/share/prims/jvm.cpp, line 1304]
Event: 0.271 Thread 0x00007ae93c019000 Exception <a 'java/security/PrivilegedActionException'{0x000000008bebc550}> (0x000000008bebc550) thrown at [./src/hotspot/share/prims/jvm.cpp, line 1304]
Event: 0.271 Thread 0x00007ae93c019000 Exception <a 'java/security/PrivilegedActionException'{0x000000008bebcf18}> (0x000000008bebcf18) thrown at [./src/hotspot/share/prims/jvm.cpp, line 1304]
Event: 0.271 Thread 0x00007ae93c019000 Exception <a 'java/security/PrivilegedActionException'{0x000000008bebd208}> (0x000000008bebd208) thrown at [./src/hotspot/share/prims/jvm.cpp, line 1304]
Event: 0.271 Thread 0x00007ae93c019000 Exception <a 'java/security/PrivilegedActionException'{0x000000008bebdbb8}> (0x000000008bebdbb8) thrown at [./src/hotspot/share/prims/jvm.cpp, line 1304]
Event: 0.271 Thread 0x00007ae93c019000 Exception <a 'java/security/PrivilegedActionException'{0x000000008bebdea8}> (0x000000008bebdea8) thrown at [./src/hotspot/share/prims/jvm.cpp, line 1304]
Event: 0.271 Thread 0x00007ae93c019000 Exception <a 'java/security/PrivilegedActionException'{0x000000008bebe870}> (0x000000008bebe870) thrown at [./src/hotspot/share/prims/jvm.cpp, line 1304]
Event: 0.271 Thread 0x00007ae93c019000 Exception <a 'java/security/PrivilegedActionException'{0x000000008bebeb60}> (0x000000008bebeb60) thrown at [./src/hotspot/share/prims/jvm.cpp, line 1304]

Events (20 events):
Event: 0.509 Executing VM operation: GetOrSetLocal
Event: 0.509 Executing VM operation: GetOrSetLocal done
Event: 0.509 Executing VM operation: GetOrSetLocal
Event: 0.509 Executing VM operation: GetOrSetLocal done
Event: 0.509 Executing VM operation: GetOrSetLocal
Event: 0.509 Executing VM operation: GetOrSetLocal done
Event: 0.509 Executing VM operation: GetOrSetLocal
Event: 0.509 Executing VM operation: GetOrSetLocal done
Event: 0.509 Executing VM operation: GetOrSetLocal
Event: 0.510 Executing VM operation: GetOrSetLocal done
Event: 0.510 Executing VM operation: GetFrameLocation
Event: 0.510 Executing VM operation: GetFrameLocation done
Event: 0.510 Executing VM operation: GetOrSetLocal
Event: 0.510 Executing VM operation: GetOrSetLocal done
Event: 0.582 Executing VM operation: GetFrameCount
Event: 0.582 Executing VM operation: GetFrameCount done
Event: 0.582 Executing VM operation: GetStackTrace
Event: 0.583 Executing VM operation: GetStackTrace done
Event: 0.934 loading class com/intellij/rt/debugger/BatchEvaluatorServer
Event: 0.934 loading class com/intellij/rt/debugger/BatchEvaluatorServer done


Dynamic libraries:
84a00000-8c600000 rw-p 00000000 00:00 0 
8c600000-ffe00000 ---p 00000000 00:00 0 
ffe00000-ffe48000 rw-p 00b14000 08:02 1838210                            /usr/lib/jvm/java-11-openjdk-amd64/lib/server/classes.jsa
ffe48000-fff00000 rw-p 00000000 00:00 0 
fff00000-fff6c000 rw-p 00aa8000 08:02 1838210                            /usr/lib/jvm/java-11-openjdk-amd64/lib/server/classes.jsa
fff6c000-100000000 rw-p 00000000 00:00 0 
800000000-800002000 rwxp 00001000 08:02 1838210                          /usr/lib/jvm/java-11-openjdk-amd64/lib/server/classes.jsa
800002000-800aa7000 rw-p 00003000 08:02 1838210                          /usr/lib/jvm/java-11-openjdk-amd64/lib/server/classes.jsa
840000000-8400c0000 rw-p 00000000 00:00 0 
8400c0000-880000000 ---p 00000000 00:00 0 
5fcaca21c000-5fcaca21d000 r--p 00000000 08:02 1841092                    /usr/lib/jvm/java-11-openjdk-amd64/bin/java
5fcaca21d000-5fcaca21e000 r-xp 00001000 08:02 1841092                    /usr/lib/jvm/java-11-openjdk-amd64/bin/java
5fcaca21e000-5fcaca21f000 r--p 00002000 08:02 1841092                    /usr/lib/jvm/java-11-openjdk-amd64/bin/java
5fcaca21f000-5fcaca220000 r--p 00002000 08:02 1841092                    /usr/lib/jvm/java-11-openjdk-amd64/bin/java
5fcaca220000-5fcaca221000 rw-p 00003000 08:02 1841092                    /usr/lib/jvm/java-11-openjdk-amd64/bin/java
5fcad608b000-5fcad60ac000 rw-p 00000000 00:00 0                          [heap]
7ae8b4000000-7ae8b4021000 rw-p 00000000 00:00 0 
7ae8b4021000-7ae8b8000000 ---p 00000000 00:00 0 
7ae8bc000000-7ae8bc021000 rw-p 00000000 00:00 0 
7ae8bc021000-7ae8c0000000 ---p 00000000 00:00 0 
7ae8c1400000-7ae8c1d26000 r--p 00000000 08:02 660167                     /home/asus/.javacpp/cache/llvm-13.0.1-1.5.7-linux-x86_64.jar/org/bytedeco/llvm/linux-x86_64/libLLVM-13.so
7ae8c1d26000-7ae8c56e9000 r-xp 00926000 08:02 660167                     /home/asus/.javacpp/cache/llvm-13.0.1-1.5.7-linux-x86_64.jar/org/bytedeco/llvm/linux-x86_64/libLLVM-13.so
7ae8c56e9000-7ae8c793e000 r--p 042e9000 08:02 660167                     /home/asus/.javacpp/cache/llvm-13.0.1-1.5.7-linux-x86_64.jar/org/bytedeco/llvm/linux-x86_64/libLLVM-13.so
7ae8c793e000-7ae8c7e53000 r--p 0653d000 08:02 660167                     /home/asus/.javacpp/cache/llvm-13.0.1-1.5.7-linux-x86_64.jar/org/bytedeco/llvm/linux-x86_64/libLLVM-13.so
7ae8c7e53000-7ae8c7e5e000 rw-p 06a52000 08:02 660167                     /home/asus/.javacpp/cache/llvm-13.0.1-1.5.7-linux-x86_64.jar/org/bytedeco/llvm/linux-x86_64/libLLVM-13.so
7ae8c7e5e000-7ae8c7ed4000 rw-p 00000000 00:00 0 
7ae8c8000000-7ae8c8021000 rw-p 00000000 00:00 0 
7ae8c8021000-7ae8cc000000 ---p 00000000 00:00 0 
7ae8cc000000-7ae8cc021000 rw-p 00000000 00:00 0 
7ae8cc021000-7ae8d0000000 ---p 00000000 00:00 0 
7ae8d0000000-7ae8d0021000 rw-p 00000000 00:00 0 
7ae8d0021000-7ae8d4000000 ---p 00000000 00:00 0 
7ae8d4000000-7ae8d4021000 rw-p 00000000 00:00 0 
7ae8d4021000-7ae8d8000000 ---p 00000000 00:00 0 
7ae8d8000000-7ae8d8028000 rw-p 00000000 00:00 0 
7ae8d8028000-7ae8dc000000 ---p 00000000 00:00 0 
7ae8dc000000-7ae8dc021000 rw-p 00000000 00:00 0 
7ae8dc021000-7ae8e0000000 ---p 00000000 00:00 0 
7ae8e0000000-7ae8e0021000 rw-p 00000000 00:00 0 
7ae8e0021000-7ae8e4000000 ---p 00000000 00:00 0 
7ae8e4000000-7ae8e4021000 rw-p 00000000 00:00 0 
7ae8e4021000-7ae8e8000000 ---p 00000000 00:00 0 
7ae8e8000000-7ae8e8323000 rw-p 00000000 00:00 0 
7ae8e8323000-7ae8ec000000 ---p 00000000 00:00 0 
7ae8ec000000-7ae8ec3e6000 rw-p 00000000 00:00 0 
7ae8ec3e6000-7ae8f0000000 ---p 00000000 00:00 0 
7ae8f0000000-7ae8f0021000 rw-p 00000000 00:00 0 
7ae8f0021000-7ae8f4000000 ---p 00000000 00:00 0 
7ae8f4000000-7ae8f4021000 rw-p 00000000 00:00 0 
7ae8f4021000-7ae8f8000000 ---p 00000000 00:00 0 
7ae8f8000000-7ae8f8021000 rw-p 00000000 00:00 0 
7ae8f8021000-7ae8fc000000 ---p 00000000 00:00 0 
7ae8fc000000-7ae8fc021000 rw-p 00000000 00:00 0 
7ae8fc021000-7ae900000000 ---p 00000000 00:00 0 
7ae900000000-7ae900021000 rw-p 00000000 00:00 0 
7ae900021000-7ae904000000 ---p 00000000 00:00 0 
7ae904000000-7ae904021000 rw-p 00000000 00:00 0 
7ae904021000-7ae908000000 ---p 00000000 00:00 0 
7ae908000000-7ae908021000 rw-p 00000000 00:00 0 
7ae908021000-7ae90c000000 ---p 00000000 00:00 0 
7ae90c000000-7ae90c021000 rw-p 00000000 00:00 0 
7ae90c021000-7ae910000000 ---p 00000000 00:00 0 
7ae912000000-7ae914021000 rw-p 00000000 00:00 0 
7ae914021000-7ae918000000 ---p 00000000 00:00 0 
7ae918b44000-7ae918ef7000 rw-p 00000000 00:00 0 
7ae918ef7000-7ae918ef8000 ---p 00000000 00:00 0 
7ae918ef8000-7ae918ff8000 rw-p 00000000 00:00 0 
7ae918ff8000-7ae918ff9000 ---p 00000000 00:00 0 
7ae918ff9000-7ae9190f9000 rw-p 00000000 00:00 0 
7ae9190f9000-7ae91915e000 r--p 00000000 08:02 660172                     /home/asus/.javacpp/cache/llvm-13.0.1-1.5.7-linux-x86_64.jar/org/bytedeco/llvm/linux-x86_64/libjniLLVM.so
7ae91915e000-7ae9191cc000 r-xp 00065000 08:02 660172                     /home/asus/.javacpp/cache/llvm-13.0.1-1.5.7-linux-x86_64.jar/org/bytedeco/llvm/linux-x86_64/libjniLLVM.so
7ae9191cc000-7ae9191f7000 r--p 000d3000 08:02 660172                     /home/asus/.javacpp/cache/llvm-13.0.1-1.5.7-linux-x86_64.jar/org/bytedeco/llvm/linux-x86_64/libjniLLVM.so
7ae9191f7000-7ae9191fa000 r--p 000fd000 08:02 660172                     /home/asus/.javacpp/cache/llvm-13.0.1-1.5.7-linux-x86_64.jar/org/bytedeco/llvm/linux-x86_64/libjniLLVM.so
7ae9191fa000-7ae9191fd000 rw-p 00100000 08:02 660172                     /home/asus/.javacpp/cache/llvm-13.0.1-1.5.7-linux-x86_64.jar/org/bytedeco/llvm/linux-x86_64/libjniLLVM.so
7ae9191fd000-7ae9191ff000 rw-p 00000000 00:00 0 
7ae9191ff000-7ae919203000 ---p 00000000 00:00 0 
7ae919203000-7ae9192ff000 rw-p 00000000 00:00 0 
7ae9192ff000-7ae919300000 ---p 00000000 00:00 0 
7ae919300000-7ae919400000 rw-p 00000000 00:00 0 
7ae919400000-7ae919404000 ---p 00000000 00:00 0 
7ae919404000-7ae919500000 rw-p 00000000 00:00 0 
7ae919500000-7ae919504000 ---p 00000000 00:00 0 
7ae919504000-7ae919600000 rw-p 00000000 00:00 0 
7ae919600000-7ae919604000 ---p 00000000 00:00 0 
7ae919604000-7ae919700000 rw-p 00000000 00:00 0 
7ae919700000-7ae919704000 ---p 00000000 00:00 0 
7ae919704000-7ae919800000 rw-p 00000000 00:00 0 
7ae919800000-7ae919e00000 rw-p 00000000 00:00 0 
7ae919e00000-7ae91a000000 ---p 00000000 00:00 0 
7ae91a028000-7ae91a02c000 ---p 00000000 00:00 0 
7ae91a02c000-7ae91a128000 rw-p 00000000 00:00 0 
7ae91a128000-7ae91a318000 rw-p 00000000 00:00 0 
7ae91a318000-7ae91bff8000 ---p 00000000 00:00 0 
7ae91bff8000-7ae91c021000 rw-p 00000000 00:00 0 
7ae91c021000-7ae920000000 ---p 00000000 00:00 0 
7ae920091000-7ae920095000 ---p 00000000 00:00 0 
7ae920095000-7ae920191000 rw-p 00000000 00:00 0 
7ae920191000-7ae920195000 ---p 00000000 00:00 0 
7ae920195000-7ae920291000 rw-p 00000000 00:00 0 
7ae920291000-7ae920295000 ---p 00000000 00:00 0 
7ae920295000-7ae920391000 rw-p 00000000 00:00 0 
7ae920391000-7ae920395000 ---p 00000000 00:00 0 
7ae920395000-7ae920491000 rw-p 00000000 00:00 0 
7ae920491000-7ae920495000 ---p 00000000 00:00 0 
7ae920495000-7ae920591000 rw-p 00000000 00:00 0 
7ae920591000-7ae920595000 ---p 00000000 00:00 0 
7ae920595000-7ae920691000 rw-p 00000000 00:00 0 
7ae920691000-7ae920695000 ---p 00000000 00:00 0 
7ae920695000-7ae920791000 rw-p 00000000 00:00 0 
7ae920791000-7ae920792000 ---p 00000000 00:00 0 
7ae920792000-7ae920892000 rw-p 00000000 00:00 0 
7ae920892000-7ae920893000 ---p 00000000 00:00 0 
7ae920893000-7ae920993000 rw-p 00000000 00:00 0 
7ae920993000-7ae920994000 ---p 00000000 00:00 0 
7ae920994000-7ae920a94000 rw-p 00000000 00:00 0 
7ae920a94000-7ae920f87000 rw-p 00000000 00:00 0 
7ae920f87000-7ae922c67000 ---p 00000000 00:00 0 
7ae922c67000-7ae922cad000 rw-p 00000000 00:00 0 
7ae922cad000-7ae923049000 ---p 00000000 00:00 0 
7ae923049000-7ae923088000 rw-p 00000000 00:00 0 
7ae923088000-7ae923424000 ---p 00000000 00:00 0 
7ae923424000-7ae923463000 rw-p 00000000 00:00 0 
7ae923463000-7ae9237ff000 ---p 00000000 00:00 0 
7ae9237ff000-7ae923800000 rw-p 00000000 00:00 0 
7ae923800000-7ae923a70000 rwxp 00000000 00:00 0 
7ae923a70000-7ae923d90000 ---p 00000000 00:00 0 
7ae923d90000-7ae924000000 rwxp 00000000 00:00 0 
7ae924000000-7ae92b2c8000 ---p 00000000 00:00 0 
7ae92b2c8000-7ae92b538000 rwxp 00000000 00:00 0 
7ae92b538000-7ae932800000 ---p 00000000 00:00 0 
7ae932800000-7ae93b041000 r--s 00000000 08:02 1841183                    /usr/lib/jvm/java-11-openjdk-amd64/lib/modules
7ae93b07e000-7ae93b200000 rw-p 00000000 00:00 0 
7ae93b200000-7ae93bfec000 r--p 00000000 08:02 1313419                    /usr/lib/locale/locale-archive
7ae93c000000-7ae93c78c000 rw-p 00000000 00:00 0 
7ae93c78c000-7ae940000000 ---p 00000000 00:00 0 
7ae940016000-7ae94001d000 r--p 00000000 08:02 660168                     /home/asus/.javacpp/cache/llvm-13.0.1-1.5.7-linux-x86_64.jar/org/bytedeco/llvm/linux-x86_64/libLTO.so.13
7ae94001d000-7ae940025000 r-xp 00007000 08:02 660168                     /home/asus/.javacpp/cache/llvm-13.0.1-1.5.7-linux-x86_64.jar/org/bytedeco/llvm/linux-x86_64/libLTO.so.13
7ae940025000-7ae940027000 r--p 0000f000 08:02 660168                     /home/asus/.javacpp/cache/llvm-13.0.1-1.5.7-linux-x86_64.jar/org/bytedeco/llvm/linux-x86_64/libLTO.so.13
7ae940027000-7ae940028000 r--p 00010000 08:02 660168                     /home/asus/.javacpp/cache/llvm-13.0.1-1.5.7-linux-x86_64.jar/org/bytedeco/llvm/linux-x86_64/libLTO.so.13
7ae940028000-7ae940029000 rw-p 00011000 08:02 660168                     /home/asus/.javacpp/cache/llvm-13.0.1-1.5.7-linux-x86_64.jar/org/bytedeco/llvm/linux-x86_64/libLTO.so.13
7ae940029000-7ae94002a000 r--p 00000000 08:02 1322256                    /usr/lib/x86_64-linux-gnu/libdl.so.2
7ae94002a000-7ae94002b000 r-xp 00001000 08:02 1322256                    /usr/lib/x86_64-linux-gnu/libdl.so.2
7ae94002b000-7ae94002c000 r--p 00002000 08:02 1322256                    /usr/lib/x86_64-linux-gnu/libdl.so.2
7ae94002c000-7ae94002d000 r--p 00002000 08:02 1322256                    /usr/lib/x86_64-linux-gnu/libdl.so.2
7ae94002d000-7ae94002e000 rw-p 00003000 08:02 1322256                    /usr/lib/x86_64-linux-gnu/libdl.so.2
7ae940038000-7ae940039000 r--p 00000000 08:02 660170                     /home/asus/.javacpp/cache/llvm-13.0.1-1.5.7-linux-x86_64.jar/org/bytedeco/llvm/linux-x86_64/libRemarks.so.13
7ae940039000-7ae94003a000 r-xp 00001000 08:02 660170                     /home/asus/.javacpp/cache/llvm-13.0.1-1.5.7-linux-x86_64.jar/org/bytedeco/llvm/linux-x86_64/libRemarks.so.13
7ae94003a000-7ae94003b000 r--p 00002000 08:02 660170                     /home/asus/.javacpp/cache/llvm-13.0.1-1.5.7-linux-x86_64.jar/org/bytedeco/llvm/linux-x86_64/libRemarks.so.13
7ae94003b000-7ae94003c000 r--p 00002000 08:02 660170                     /home/asus/.javacpp/cache/llvm-13.0.1-1.5.7-linux-x86_64.jar/org/bytedeco/llvm/linux-x86_64/libRemarks.so.13
7ae94003c000-7ae94003d000 rw-p 00003000 08:02 660170                     /home/asus/.javacpp/cache/llvm-13.0.1-1.5.7-linux-x86_64.jar/org/bytedeco/llvm/linux-x86_64/libRemarks.so.13
7ae94003d000-7ae940041000 r--p 00000000 08:02 660161                     /home/asus/.javacpp/cache/javacpp-1.5.7-linux-x86_64.jar/org/bytedeco/javacpp/linux-x86_64/libjnijavacpp.so
7ae940041000-7ae940048000 r-xp 00004000 08:02 660161                     /home/asus/.javacpp/cache/javacpp-1.5.7-linux-x86_64.jar/org/bytedeco/javacpp/linux-x86_64/libjnijavacpp.so
7ae940048000-7ae94004c000 r--p 0000b000 08:02 660161                     /home/asus/.javacpp/cache/javacpp-1.5.7-linux-x86_64.jar/org/bytedeco/javacpp/linux-x86_64/libjnijavacpp.so
7ae94004c000-7ae94004d000 r--p 0000e000 08:02 660161                     /home/asus/.javacpp/cache/javacpp-1.5.7-linux-x86_64.jar/org/bytedeco/javacpp/linux-x86_64/libjnijavacpp.so
7ae94004d000-7ae94004e000 rw-p 0000f000 08:02 660161                     /home/asus/.javacpp/cache/javacpp-1.5.7-linux-x86_64.jar/org/bytedeco/javacpp/linux-x86_64/libjnijavacpp.so
7ae94004e000-7ae940052000 r--p 00000000 08:02 1841173                    /usr/lib/jvm/java-11-openjdk-amd64/lib/libnet.so
7ae940052000-7ae940060000 r-xp 00004000 08:02 1841173                    /usr/lib/jvm/java-11-openjdk-amd64/lib/libnet.so
7ae940060000-7ae940064000 r--p 00012000 08:02 1841173                    /usr/lib/jvm/java-11-openjdk-amd64/lib/libnet.so
7ae940064000-7ae940065000 r--p 00015000 08:02 1841173                    /usr/lib/jvm/java-11-openjdk-amd64/lib/libnet.so
7ae940065000-7ae940066000 rw-p 00016000 08:02 1841173                    /usr/lib/jvm/java-11-openjdk-amd64/lib/libnet.so
7ae940066000-7ae94006d000 r--p 00000000 08:02 1841174                    /usr/lib/jvm/java-11-openjdk-amd64/lib/libnio.so
7ae94006d000-7ae940075000 r-xp 00007000 08:02 1841174                    /usr/lib/jvm/java-11-openjdk-amd64/lib/libnio.so
7ae940075000-7ae940078000 r--p 0000f000 08:02 1841174                    /usr/lib/jvm/java-11-openjdk-amd64/lib/libnio.so
7ae940078000-7ae940079000 r--p 00011000 08:02 1841174                    /usr/lib/jvm/java-11-openjdk-amd64/lib/libnio.so
7ae940079000-7ae94007a000 rw-p 00012000 08:02 1841174                    /usr/lib/jvm/java-11-openjdk-amd64/lib/libnio.so
7ae94007a000-7ae9400d5000 rw-p 00000000 00:00 0 
7ae9400d5000-7ae9400d6000 ---p 00000000 00:00 0 
7ae9400d6000-7ae9401d6000 rw-p 00000000 00:00 0 
7ae9401d6000-7ae9401d7000 ---p 00000000 00:00 0 
7ae9401d7000-7ae9402d7000 rw-p 00000000 00:00 0 
7ae9402d7000-7ae94071d000 rw-p 00000000 00:00 0 
7ae94071d000-7ae94071e000 ---p 00000000 00:00 0 
7ae94071e000-7ae94081e000 rw-p 00000000 00:00 0 
7ae94081e000-7ae940823000 rw-p 00000000 00:00 0 
7ae940823000-7ae940909000 ---p 00000000 00:00 0 
7ae940909000-7ae94090e000 rw-p 00000000 00:00 0 
7ae94090e000-7ae9409f4000 ---p 00000000 00:00 0 
7ae9409f4000-7ae9409f9000 rw-p 00000000 00:00 0 
7ae9409f9000-7ae940a00000 ---p 00000000 00:00 0 
7ae940a00000-7ae940a9d000 r--p 00000000 08:02 1322725                    /usr/lib/x86_64-linux-gnu/libstdc++.so.6.0.33
7ae940a9d000-7ae940be5000 r-xp 0009d000 08:02 1322725                    /usr/lib/x86_64-linux-gnu/libstdc++.so.6.0.33
7ae940be5000-7ae940c6c000 r--p 001e5000 08:02 1322725                    /usr/lib/x86_64-linux-gnu/libstdc++.so.6.0.33
7ae940c6c000-7ae940c77000 r--p 0026b000 08:02 1322725                    /usr/lib/x86_64-linux-gnu/libstdc++.so.6.0.33
7ae940c77000-7ae940c7a000 rw-p 00276000 08:02 1322725                    /usr/lib/x86_64-linux-gnu/libstdc++.so.6.0.33
7ae940c7a000-7ae940c7e000 rw-p 00000000 00:00 0 
7ae940c80000-7ae940c82000 r--p 00000000 08:02 1841154                    /usr/lib/jvm/java-11-openjdk-amd64/lib/libdt_socket.so
7ae940c82000-7ae940c85000 r-xp 00002000 08:02 1841154                    /usr/lib/jvm/java-11-openjdk-amd64/lib/libdt_socket.so
7ae940c85000-7ae940c86000 r--p 00005000 08:02 1841154                    /usr/lib/jvm/java-11-openjdk-amd64/lib/libdt_socket.so
7ae940c86000-7ae940c87000 r--p 00006000 08:02 1841154                    /usr/lib/jvm/java-11-openjdk-amd64/lib/libdt_socket.so
7ae940c87000-7ae940c88000 rw-p 00007000 08:02 1841154                    /usr/lib/jvm/java-11-openjdk-amd64/lib/libdt_socket.so
7ae940c88000-7ae940c8a000 r--p 00000000 08:02 1841182                    /usr/lib/jvm/java-11-openjdk-amd64/lib/libzip.so
7ae940c8a000-7ae940c8f000 r-xp 00002000 08:02 1841182                    /usr/lib/jvm/java-11-openjdk-amd64/lib/libzip.so
7ae940c8f000-7ae940c91000 r--p 00007000 08:02 1841182                    /usr/lib/jvm/java-11-openjdk-amd64/lib/libzip.so
7ae940c91000-7ae940c92000 r--p 00008000 08:02 1841182                    /usr/lib/jvm/java-11-openjdk-amd64/lib/libzip.so
7ae940c92000-7ae940c93000 rw-p 00009000 08:02 1841182                    /usr/lib/jvm/java-11-openjdk-amd64/lib/libzip.so
7ae940c93000-7ae940c95000 r--p 00000000 08:02 1841164                    /usr/lib/jvm/java-11-openjdk-amd64/lib/libjdwp.so
7ae940c95000-7ae940cc1000 r-xp 00002000 08:02 1841164                    /usr/lib/jvm/java-11-openjdk-amd64/lib/libjdwp.so
7ae940cc1000-7ae940ccf000 r--p 0002e000 08:02 1841164                    /usr/lib/jvm/java-11-openjdk-amd64/lib/libjdwp.so
7ae940ccf000-7ae940cd0000 r--p 0003b000 08:02 1841164                    /usr/lib/jvm/java-11-openjdk-amd64/lib/libjdwp.so
7ae940cd0000-7ae940cd1000 rw-p 0003c000 08:02 1841164                    /usr/lib/jvm/java-11-openjdk-amd64/lib/libjdwp.so
7ae940cd1000-7ae940cdf000 r--p 00000000 08:02 1841162                    /usr/lib/jvm/java-11-openjdk-amd64/lib/libjava.so
7ae940cdf000-7ae940cf6000 r-xp 0000e000 08:02 1841162                    /usr/lib/jvm/java-11-openjdk-amd64/lib/libjava.so
7ae940cf6000-7ae940cfd000 r--p 00025000 08:02 1841162                    /usr/lib/jvm/java-11-openjdk-amd64/lib/libjava.so
7ae940cfd000-7ae940cfe000 r--p 0002b000 08:02 1841162                    /usr/lib/jvm/java-11-openjdk-amd64/lib/libjava.so
7ae940cfe000-7ae940cff000 rw-p 0002c000 08:02 1841162                    /usr/lib/jvm/java-11-openjdk-amd64/lib/libjava.so
7ae940cff000-7ae940d00000 rw-p 00000000 00:00 0 
7ae940d00000-7ae940d04000 ---p 00000000 00:00 0 
7ae940d04000-7ae940e00000 rw-p 00000000 00:00 0 
7ae940e00000-7ae941083000 r--p 00000000 08:02 1841186                    /usr/lib/jvm/java-11-openjdk-amd64/lib/server/libjvm.so
7ae941083000-7ae941d37000 r-xp 00283000 08:02 1841186                    /usr/lib/jvm/java-11-openjdk-amd64/lib/server/libjvm.so
7ae941d37000-7ae941f91000 r--p 00f37000 08:02 1841186                    /usr/lib/jvm/java-11-openjdk-amd64/lib/server/libjvm.so
7ae941f91000-7ae942055000 r--p 01191000 08:02 1841186                    /usr/lib/jvm/java-11-openjdk-amd64/lib/server/libjvm.so
7ae942055000-7ae942090000 rw-p 01255000 08:02 1841186                    /usr/lib/jvm/java-11-openjdk-amd64/lib/server/libjvm.so
7ae942090000-7ae9420e7000 rw-p 00000000 00:00 0 
7ae9420ea000-7ae9420f1000 r--s 00000000 08:02 1323877                    /usr/lib/x86_64-linux-gnu/gconv/gconv-modules.cache
7ae9420f1000-7ae9420f9000 rw-s 00000000 08:02 1711759                    /tmp/hsperfdata_asus/7445
7ae9420f9000-7ae9420fb000 r--p 00000000 08:02 1841157                    /usr/lib/jvm/java-11-openjdk-amd64/lib/libinstrument.so
7ae9420fb000-7ae942101000 r-xp 00002000 08:02 1841157                    /usr/lib/jvm/java-11-openjdk-amd64/lib/libinstrument.so
7ae942101000-7ae942104000 r--p 00008000 08:02 1841157                    /usr/lib/jvm/java-11-openjdk-amd64/lib/libinstrument.so
7ae942104000-7ae942105000 r--p 0000a000 08:02 1841157                    /usr/lib/jvm/java-11-openjdk-amd64/lib/libinstrument.so
7ae942105000-7ae942106000 rw-p 0000b000 08:02 1841157                    /usr/lib/jvm/java-11-openjdk-amd64/lib/libinstrument.so
7ae942106000-7ae94210b000 r--p 00000000 08:02 1841181                    /usr/lib/jvm/java-11-openjdk-amd64/lib/libverify.so
7ae94210b000-7ae942112000 r-xp 00005000 08:02 1841181                    /usr/lib/jvm/java-11-openjdk-amd64/lib/libverify.so
7ae942112000-7ae942114000 r--p 0000c000 08:02 1841181                    /usr/lib/jvm/java-11-openjdk-amd64/lib/libverify.so
7ae942114000-7ae942116000 r--p 0000d000 08:02 1841181                    /usr/lib/jvm/java-11-openjdk-amd64/lib/libverify.so
7ae942116000-7ae942117000 rw-p 0000f000 08:02 1841181                    /usr/lib/jvm/java-11-openjdk-amd64/lib/libverify.so
7ae942117000-7ae942127000 r--p 00000000 08:02 1322503                    /usr/lib/x86_64-linux-gnu/libm.so.6
7ae942127000-7ae9421a6000 r-xp 00010000 08:02 1322503                    /usr/lib/x86_64-linux-gnu/libm.so.6
7ae9421a6000-7ae9421fe000 r--p 0008f000 08:02 1322503                    /usr/lib/x86_64-linux-gnu/libm.so.6
7ae9421fe000-7ae9421ff000 r--p 000e7000 08:02 1322503                    /usr/lib/x86_64-linux-gnu/libm.so.6
7ae9421ff000-7ae942200000 rw-p 000e8000 08:02 1322503                    /usr/lib/x86_64-linux-gnu/libm.so.6
7ae942200000-7ae942228000 r--p 00000000 08:02 1322197                    /usr/lib/x86_64-linux-gnu/libc.so.6
7ae942228000-7ae9423b0000 r-xp 00028000 08:02 1322197                    /usr/lib/x86_64-linux-gnu/libc.so.6
7ae9423b0000-7ae9423ff000 r--p 001b0000 08:02 1322197                    /usr/lib/x86_64-linux-gnu/libc.so.6
7ae9423ff000-7ae942403000 r--p 001fe000 08:02 1322197                    /usr/lib/x86_64-linux-gnu/libc.so.6
7ae942403000-7ae942405000 rw-p 00202000 08:02 1322197                    /usr/lib/x86_64-linux-gnu/libc.so.6
7ae942405000-7ae942412000 rw-p 00000000 00:00 0 
7ae942412000-7ae942419000 r--s 00111000 07:0f 1559                       /snap/intellij-idea-ultimate/604/plugins/java/lib/rt/debugger-agent.jar
7ae942419000-7ae94241a000 r--p 00000000 08:02 1322672                    /usr/lib/x86_64-linux-gnu/librt.so.1
7ae94241a000-7ae94241b000 r-xp 00001000 08:02 1322672                    /usr/lib/x86_64-linux-gnu/librt.so.1
7ae94241b000-7ae94241c000 r--p 00002000 08:02 1322672                    /usr/lib/x86_64-linux-gnu/librt.so.1
7ae94241c000-7ae94241d000 r--p 00002000 08:02 1322672                    /usr/lib/x86_64-linux-gnu/librt.so.1
7ae94241d000-7ae94241e000 rw-p 00003000 08:02 1322672                    /usr/lib/x86_64-linux-gnu/librt.so.1
7ae94241e000-7ae942422000 r--p 00000000 08:02 1322331                    /usr/lib/x86_64-linux-gnu/libgcc_s.so.1
7ae942422000-7ae942446000 r-xp 00004000 08:02 1322331                    /usr/lib/x86_64-linux-gnu/libgcc_s.so.1
7ae942446000-7ae94244a000 r--p 00028000 08:02 1322331                    /usr/lib/x86_64-linux-gnu/libgcc_s.so.1
7ae94244a000-7ae94244b000 r--p 0002b000 08:02 1322331                    /usr/lib/x86_64-linux-gnu/libgcc_s.so.1
7ae94244b000-7ae94244c000 rw-p 0002c000 08:02 1322331                    /usr/lib/x86_64-linux-gnu/libgcc_s.so.1
7ae94244c000-7ae94244e000 rw-p 00000000 00:00 0 
7ae94244e000-7ae942451000 r--p 00000000 08:02 1841147                    /usr/lib/jvm/java-11-openjdk-amd64/lib/jli/libjli.so
7ae942451000-7ae94245b000 r-xp 00003000 08:02 1841147                    /usr/lib/jvm/java-11-openjdk-amd64/lib/jli/libjli.so
7ae94245b000-7ae94245e000 r--p 0000d000 08:02 1841147                    /usr/lib/jvm/java-11-openjdk-amd64/lib/jli/libjli.so
7ae94245e000-7ae94245f000 r--p 00010000 08:02 1841147                    /usr/lib/jvm/java-11-openjdk-amd64/lib/jli/libjli.so
7ae94245f000-7ae942460000 rw-p 00011000 08:02 1841147                    /usr/lib/jvm/java-11-openjdk-amd64/lib/jli/libjli.so
7ae942460000-7ae942462000 r--p 00000000 08:02 1322857                    /usr/lib/x86_64-linux-gnu/libz.so.1.3
7ae942462000-7ae942474000 r-xp 00002000 08:02 1322857                    /usr/lib/x86_64-linux-gnu/libz.so.1.3
7ae942474000-7ae94247a000 r--p 00014000 08:02 1322857                    /usr/lib/x86_64-linux-gnu/libz.so.1.3
7ae94247a000-7ae94247b000 r--p 0001a000 08:02 1322857                    /usr/lib/x86_64-linux-gnu/libz.so.1.3
7ae94247b000-7ae94247c000 rw-p 0001b000 08:02 1322857                    /usr/lib/x86_64-linux-gnu/libz.so.1.3
7ae94247c000-7ae94247d000 r--p 00000000 08:02 1322654                    /usr/lib/x86_64-linux-gnu/libpthread.so.0
7ae94247d000-7ae94247e000 r-xp 00001000 08:02 1322654                    /usr/lib/x86_64-linux-gnu/libpthread.so.0
7ae94247e000-7ae94247f000 r--p 00002000 08:02 1322654                    /usr/lib/x86_64-linux-gnu/libpthread.so.0
7ae94247f000-7ae942480000 r--p 00002000 08:02 1322654                    /usr/lib/x86_64-linux-gnu/libpthread.so.0
7ae942480000-7ae942481000 rw-p 00003000 08:02 1322654                    /usr/lib/x86_64-linux-gnu/libpthread.so.0
7ae942481000-7ae942482000 ---p 00000000 00:00 0 
7ae942482000-7ae942483000 r--p 00000000 00:00 0 
7ae942483000-7ae942485000 r--p 00000000 08:02 1841165                    /usr/lib/jvm/java-11-openjdk-amd64/lib/libjimage.so
7ae942485000-7ae942488000 r-xp 00002000 08:02 1841165                    /usr/lib/jvm/java-11-openjdk-amd64/lib/libjimage.so
7ae942488000-7ae942489000 r--p 00005000 08:02 1841165                    /usr/lib/jvm/java-11-openjdk-amd64/lib/libjimage.so
7ae942489000-7ae94248a000 r--p 00006000 08:02 1841165                    /usr/lib/jvm/java-11-openjdk-amd64/lib/libjimage.so
7ae94248a000-7ae94248b000 rw-p 00007000 08:02 1841165                    /usr/lib/jvm/java-11-openjdk-amd64/lib/libjimage.so
7ae94248b000-7ae94248d000 rw-p 00000000 00:00 0 
7ae94248d000-7ae942491000 r--p 00000000 00:00 0                          [vvar]
7ae942491000-7ae942493000 r-xp 00000000 00:00 0                          [vdso]
7ae942493000-7ae942494000 r--p 00000000 08:02 1322015                    /usr/lib/x86_64-linux-gnu/ld-linux-x86-64.so.2
7ae942494000-7ae9424bf000 r-xp 00001000 08:02 1322015                    /usr/lib/x86_64-linux-gnu/ld-linux-x86-64.so.2
7ae9424bf000-7ae9424c9000 r--p 0002c000 08:02 1322015                    /usr/lib/x86_64-linux-gnu/ld-linux-x86-64.so.2
7ae9424c9000-7ae9424cb000 r--p 00036000 08:02 1322015                    /usr/lib/x86_64-linux-gnu/ld-linux-x86-64.so.2
7ae9424cb000-7ae9424cd000 rw-p 00038000 08:02 1322015                    /usr/lib/x86_64-linux-gnu/ld-linux-x86-64.so.2
7ffe35c0f000-7ffe35c30000 rw-p 00000000 00:00 0                          [stack]
ffffffffff600000-ffffffffff601000 --xp 00000000 00:00 0                  [vsyscall]


VM Arguments:
jvm_args: -agentlib:jdwp=transport=dt_socket,address=127.0.0.1:59215,suspend=y,server=n -javaagent:/snap/intellij-idea-ultimate/604/plugins/java/lib/rt/debugger-agent.jar=file:///tmp/capture1187341955932422173.props -Dkotlinx.coroutines.debug.enable.creation.stack.trace=false -Ddebugger.agent.enable.coroutines=true -Dkotlinx.coroutines.debug.enable.flows.stack.trace=true -Dkotlinx.coroutines.debug.enable.mutable.state.flows.stack.trace=true -Dfile.encoding=UTF-8 
java_command: Main tests/test1.sysy tests/test1.out
java_class_path (initial): /home/asus/桌面/Lab/out/production/Lab:/usr/local/lib/antlr-4.9.1-complete.jar:/usr/local/lib/javacpp-1.5.7.jar:/usr/local/lib/javacpp-1.5.7-linux-x86_64.jar:/usr/local/lib/llvm-13.0.1-1.5.7-linux-x86_64.jar:/usr/local/lib/llvm-13.0.1-1.5.7.jar:/usr/local/lib/llvm-platform-13.0.1-1.5.7.jar:/usr/local/lib/llvm4j-0.1.2-SNAPSHOT.jar:/usr/local/lib/kotlin-stdlib-1.9.0.jar:/snap/intellij-idea-ultimate/604/lib/idea_rt.jar
Launcher Type: SUN_STANDARD

[Global flags]
     intx CICompilerCount                          = 3                                         {product} {ergonomic}
     uint ConcGCThreads                            = 1                                         {product} {ergonomic}
     uint G1ConcRefinementThreads                  = 4                                         {product} {ergonomic}
   size_t G1HeapRegionSize                         = 1048576                                   {product} {ergonomic}
    uintx GCDrainStackTargetSize                   = 64                                        {product} {ergonomic}
   size_t InitialHeapSize                          = 130023424                                 {product} {ergonomic}
   size_t MarkStackSize                            = 4194304                                   {product} {ergonomic}
   size_t MaxHeapSize                              = 2069889024                                {product} {ergonomic}
   size_t MaxNewSize                               = 1241513984                                {product} {ergonomic}
   size_t MinHeapDeltaBytes                        = 1048576                                   {product} {ergonomic}
    uintx NonNMethodCodeHeapSize                   = 5830732                                {pd product} {ergonomic}
    uintx NonProfiledCodeHeapSize                  = 122913754                              {pd product} {ergonomic}
    uintx ProfiledCodeHeapSize                     = 122913754                              {pd product} {ergonomic}
    uintx ReservedCodeCacheSize                    = 251658240                              {pd product} {ergonomic}
     bool SegmentedCodeCache                       = true                                      {product} {ergonomic}
     bool UseCompressedClassPointers               = true                                 {lp64_product} {ergonomic}
     bool UseCompressedOops                        = true                                 {lp64_product} {ergonomic}
     bool UseG1GC                                  = true                                      {product} {ergonomic}

Logging:
Log output configuration:
 #0: stdout all=warning uptime,level,tags
 #1: stderr all=off uptime,level,tags

Environment Variables:
PATH=/usr/local/sbin:/usr/local/bin:/usr/sbin:/usr/bin:/sbin:/bin:/usr/games:/usr/local/games:/snap/bin:/snap/bin
USERNAME=asus
SHELL=/bin/bash
DISPLAY=:0
LANG=zh_CN.UTF-8

Signal Handlers:
SIGSEGV: [libjvm.so+0xec3eb0], sa_mask[0]=11111111011111111101111111111110, sa_flags=SA_RESTART|SA_SIGINFO
SIGBUS: [libjvm.so+0xec3eb0], sa_mask[0]=11111111011111111101111111111110, sa_flags=SA_RESTART|SA_SIGINFO
SIGFPE: [libjvm.so+0xec3eb0], sa_mask[0]=11111111011111111101111111111110, sa_flags=SA_RESTART|SA_SIGINFO
SIGPIPE: [libjvm.so+0xbff180], sa_mask[0]=11111111011111111101111111111110, sa_flags=SA_RESTART|SA_SIGINFO
SIGXFSZ: [libjvm.so+0xbff180], sa_mask[0]=11111111011111111101111111111110, sa_flags=SA_RESTART|SA_SIGINFO
SIGILL: [libjvm.so+0xec3eb0], sa_mask[0]=11111111011111111101111111111110, sa_flags=SA_RESTART|SA_SIGINFO
SIGUSR2: [libjvm.so+0xbff030], sa_mask[0]=00000000000000000000000000000000, sa_flags=SA_RESTART|SA_SIGINFO
SIGHUP: [libjvm.so+0xbff7e0], sa_mask[0]=11111111011111111101111111111110, sa_flags=SA_RESTART|SA_SIGINFO
SIGINT: [libjvm.so+0xbff7e0], sa_mask[0]=11111111011111111101111111111110, sa_flags=SA_RESTART|SA_SIGINFO
SIGTERM: [libjvm.so+0xbff7e0], sa_mask[0]=11111111011111111101111111111110, sa_flags=SA_RESTART|SA_SIGINFO
SIGQUIT: [libjvm.so+0xbff7e0], sa_mask[0]=11111111011111111101111111111110, sa_flags=SA_RESTART|SA_SIGINFO


---------------  S Y S T E M  ---------------

OS:DISTRIB_ID=Ubuntu
DISTRIB_RELEASE=24.04
DISTRIB_CODENAME=noble
DISTRIB_DESCRIPTION="Ubuntu 24.04.2 LTS"
uname:Linux 6.11.0-25-generic #25~24.04.1-Ubuntu SMP PREEMPT_DYNAMIC Tue Apr 15 17:20:50 UTC 2 x86_64
OS uptime: 0 days 0:40 hours
libc:glibc 2.39 NPTL 2.39 
rlimit (soft/hard): STACK 8192k/infinity , CORE 0k/infinity , NPROC 31274/31274 , NOFILE 1048576/1048576 , AS infinity/infinity , CPU infinity/infinity , DATA infinity/infinity , FSIZE infinity/infinity , MEMLOCK 1010272k/1010272k
load average:0.44 0.70 0.64

/proc/meminfo:
MemTotal:        8082188 kB
MemFree:          329084 kB
MemAvailable:    2587168 kB
Buffers:           19336 kB
Cached:          2482804 kB
SwapCached:         5360 kB
Active:          4916460 kB
Inactive:        1757684 kB
Active(anon):    3519416 kB
Inactive(anon):   734000 kB
Active(file):    1397044 kB
Inactive(file):  1023684 kB
Unevictable:          32 kB
Mlocked:              32 kB
SwapTotal:       3958780 kB
SwapFree:        3941776 kB
Zswap:                 0 kB
Zswapped:              0 kB
Dirty:             14112 kB
Writeback:             0 kB
AnonPages:       4166792 kB
Mapped:          1444124 kB
Shmem:             81412 kB
KReclaimable:     115948 kB
Slab:             330140 kB
SReclaimable:     115948 kB
SUnreclaim:       214192 kB
KernelStack:       20080 kB
PageTables:        46616 kB
SecPageTables:         0 kB
NFS_Unstable:          0 kB
Bounce:                0 kB
WritebackTmp:          0 kB
CommitLimit:     7999872 kB
Committed_AS:    9906844 kB
VmallocTotal:   34359738367 kB
VmallocUsed:       47444 kB
VmallocChunk:          0 kB
Percpu:            91136 kB
HardwareCorrupted:     0 kB
AnonHugePages:         0 kB
ShmemHugePages:        0 kB
ShmemPmdMapped:        0 kB
FileHugePages:         0 kB
FilePmdMapped:         0 kB
Unaccepted:            0 kB
HugePages_Total:       0
HugePages_Free:        0
HugePages_Rsvd:        0
HugePages_Surp:        0
Hugepagesize:       2048 kB
Hugetlb:               0 kB
DirectMap4k:      147264 kB
DirectMap2M:     5095424 kB
DirectMap1G:     5242880 kB

/sys/kernel/mm/transparent_hugepage/enabled:
always [madvise] never
/sys/kernel/mm/transparent_hugepage/defrag (defrag/compaction efforts parameter):
always defer defer+madvise [madvise] never

Process Memory:
Virtual Size: 5279856K (peak: 13461764K)
Resident Set Size: 114920K (peak: 114920K) (anon: 54964K, file: 59956K, shmem: 0K)
Swapped out: 0K
C-Heap outstanding allocations: 27418K, retained: 3225K
glibc malloc tunables: (default)

/proc/sys/kernel/threads-max (system-wide limit on the number of threads):
62548
/proc/sys/vm/max_map_count (maximum number of memory map areas a process may have):
1048576
/proc/sys/kernel/pid_max (system-wide limit on number of process identifiers):
4194304

container (cgroup) information:
container_type: cgroupv2
cpu_cpuset_cpus: not supported
cpu_memory_nodes: not supported
active_processor_count: 4
cpu_quota: not supported
cpu_period: not supported
cpu_shares: not supported
memory_limit_in_bytes: unlimited
memory_and_swap_limit_in_bytes: unlimited
memory_soft_limit_in_bytes: unlimited
memory_usage_in_bytes: 3591776 k
memory_max_usage_in_bytes: not supported
memory_swap_current_in_bytes: unlimited
memory_swap_max_limit_in_bytes: unlimited
maximum number of tasks: 9382
current number of tasks: 171

VMWare virtualization detected
Steal ticks since vm start: 0
Steal ticks percentage since vm start:  0.000

CPU:total 128 (initial active 4) (2 cores per cpu, 1 threads per core) family 6 model 186 stepping 2 microcode 0x4122, cmov, cx8, fxsr, mmx, sse, sse2, sse3, ssse3, sse4.1, sse4.2, popcnt, avx, avx2, aes, clmul, erms, 3dnowpref, lzcnt, tsc, tscinvbit, bmi1, bmi2, adx, sha, fma
CPU Model and flags from /proc/cpuinfo:
model name	: 13th Gen Intel(R) Core(TM) i9-13900H
flags		: fpu vme de pse tsc msr pae mce cx8 apic sep mtrr pge mca cmov pat pse36 clflush mmx fxsr sse sse2 ss ht syscall nx pdpe1gb rdtscp lm constant_tsc arch_perfmon rep_good nopl xtopology tsc_reliable nonstop_tsc cpuid tsc_known_freq pni pclmulqdq ssse3 fma cx16 sse4_1 sse4_2 x2apic movbe popcnt tsc_deadline_timer aes xsave avx f16c rdrand hypervisor lahf_lm abm 3dnowprefetch ssbd ibrs ibpb stibp ibrs_enhanced fsgsbase tsc_adjust bmi1 avx2 smep bmi2 erms invpcid rdseed adx smap clflushopt clwb sha_ni xsaveopt xsavec xgetbv1 xsaves user_shstk avx_vnni arat umip pku ospke gfni vaes vpclmulqdq rdpid movdiri movdir64b fsrm md_clear serialize flush_l1d arch_capabilities
Online cpus:
0-3
Offline cpus:
4-127
BIOS frequency limitation:
<Not Available>
Frequency switch latency (ns):
<Not Available>
Available cpu frequencies:
<Not Available>
Current governor:
<Not Available>
Core performance/turbo boost:
<Not Available>

Memory: 4k page, physical 8082188k(329084k free), swap 3958780k(3941776k free)

vm_info: OpenJDK 64-Bit Server VM (11.0.27+6-post-Ubuntu-0ubuntu124.04) for linux-amd64 JRE (11.0.27+6-post-Ubuntu-0ubuntu124.04), built on Apr 21 2025 06:05:47 by "unknown" with gcc 13.3.0

END.
