#
# A fatal error has been detected by the Java Runtime Environment:
#
#  SIGSEGV (0xb) at pc=0x00007d3ebc98b75d, pid=7101, tid=7103
#
# JRE version: OpenJDK Runtime Environment (11.0.27+6) (build 11.0.27+6-post-Ubuntu-0ubuntu124.04)
# Java VM: OpenJDK 64-Bit Server VM (11.0.27+6-post-Ubuntu-0ubuntu124.04, mixed mode, sharing, tiered, compressed oops, g1 gc, linux-amd64)
# Problematic frame:
# C  [libc.so.6+0x18b75d]
#
# Core dump will be written. Default location: Core dumps may be processed with "/usr/share/apport/apport -p%p -s%s -c%c -d%d -P%P -u%u -g%g -- %E" (or dumping to /home/asus/桌面/Lab/core.7101)
#
# If you would like to submit a bug report, please visit:
#   https://bugs.launchpad.net/ubuntu/+source/openjdk-lts
# The crash happened outside the Java Virtual Machine in native code.
# See problematic frame for where to report the bug.
#

---------------  S U M M A R Y ------------

Command Line: -agentlib:jdwp=transport=dt_socket,address=127.0.0.1:48603,suspend=y,server=n -javaagent:/snap/intellij-idea-ultimate/604/plugins/java/lib/rt/debugger-agent.jar=file:///tmp/capture755314045099891418.props -Dkotlinx.coroutines.debug.enable.creation.stack.trace=false -Ddebugger.agent.enable.coroutines=true -Dkotlinx.coroutines.debug.enable.flows.stack.trace=true -Dkotlinx.coroutines.debug.enable.mutable.state.flows.stack.trace=true -Dfile.encoding=UTF-8 Main tests/test1.sysy tests/test1.out

Host: 13th Gen Intel(R) Core(TM) i9-13900H, 128 cores, 7G, Ubuntu 24.04.2 LTS
Time: Thu May 22 17:22:20 2025 CST elapsed time: 1.389393 seconds (0d 0h 0m 1s)

---------------  T H R E A D  ---------------

Current thread (0x00007d3eb4019000):  JavaThread "main" [_thread_in_native, id=7103, stack(0x00007d3ebb300000,0x00007d3ebb400000)]

Stack: [0x00007d3ebb300000,0x00007d3ebb400000],  sp=0x00007d3ebb3fdd48,  free space=1015k
Native frames: (J=compiled Java code, A=aot compiled Java code, j=interpreted, Vv=VM code, C=native code)
C  [libc.so.6+0x18b75d]
j  org.bytedeco.javacpp.BytePointer.getStringBytes()[B+17
j  org.bytedeco.javacpp.BytePointer.getString()Ljava/lang/String;+5
j  optimization.cfg.Instruction.toString()Ljava/lang/String;+17
j  com.intellij.rt.debugger.BatchEvaluatorServer.evaluate([Ljava/lang/Object;)Ljava/lang/String;+44
j  com.intellij.rt.debugger.BatchEvaluatorServer.evaluate4(Ljava/lang/Object;Ljava/lang/Object;Ljava/lang/Object;Ljava/lang/Object;)Ljava/lang/String;+20
v  ~StubRoutines::call_stub
V  [libjvm.so+0x87a653]  JavaCalls::call_helper(JavaValue*, methodHandle const&, JavaCallArguments*, Thread*)+0x373
V  [libjvm.so+0x902f67]  jni_invoke_static(JNIEnv_*, JavaValue*, _jobject*, JNICallType, _jmethodID*, JNI_ArgumentPusher*, Thread*) [clone .constprop.0]+0x2d7
V  [libjvm.so+0x903bb4]  jni_CallStaticObjectMethodA+0x134
C  [libjdwp.so+0x1ca95]  invoker_doInvoke+0x5f5
C  [libjdwp.so+0x153f9]  reportEvents.part.0+0xb9
C  [libjdwp.so+0x157db]  event_callback+0x1db
C  [libjdwp.so+0x185c3]  cbBreakpoint+0xc3
V  [libjvm.so+0xa15ec4]  JvmtiExport::post_raw_breakpoint(JavaThread*, Method*, unsigned char*)+0x284
V  [libjvm.so+0x86e203]  InterpreterRuntime::_breakpoint(JavaThread*, Method*, unsigned char*)+0x23
j  optimization.cfg.ControlFlowGraph.runConstantPropagation()V+717
j  optimization.ConstantPropagationPass.run(Lorg/bytedeco/llvm/LLVM/LLVMModuleRef;)Lorg/bytedeco/llvm/LLVM/LLVMModuleRef;+31
j  optimization.IROptimizer.optimize(Lorg/bytedeco/llvm/LLVM/LLVMModuleRef;)Lorg/bytedeco/llvm/LLVM/LLVMModuleRef;+62
j  Main.main([Ljava/lang/String;)V+143
v  ~StubRoutines::call_stub
V  [libjvm.so+0x87a653]  JavaCalls::call_helper(JavaValue*, methodHandle const&, JavaCallArguments*, Thread*)+0x373
V  [libjvm.so+0x8ff69c]  jni_invoke_static(JNIEnv_*, JavaValue*, _jobject*, JNICallType, _jmethodID*, JNI_ArgumentPusher*, Thread*) [clone .constprop.1]+0x31c
V  [libjvm.so+0x902a72]  jni_CallStaticVoidMethod+0x162
C  [libjli.so+0x5a7e]  JavaMain+0xd7e
C  [libjli.so+0x9a6d]  ThreadJavaMain+0xd
C  [libc.so.6+0x9caa4]

Java frames: (J=compiled Java code, j=interpreted, Vv=VM code)
j  org.bytedeco.javacpp.BytePointer.strlen(Lorg/bytedeco/javacpp/BytePointer;)J+0
j  org.bytedeco.javacpp.BytePointer.getStringBytes()[B+17
j  org.bytedeco.javacpp.BytePointer.getString()Ljava/lang/String;+5
j  optimization.cfg.Instruction.toString()Ljava/lang/String;+17
j  com.intellij.rt.debugger.BatchEvaluatorServer.evaluate([Ljava/lang/Object;)Ljava/lang/String;+44
j  com.intellij.rt.debugger.BatchEvaluatorServer.evaluate4(Ljava/lang/Object;Ljava/lang/Object;Ljava/lang/Object;Ljava/lang/Object;)Ljava/lang/String;+20
v  ~StubRoutines::call_stub
j  optimization.cfg.ControlFlowGraph.runConstantPropagation()V+717
j  optimization.ConstantPropagationPass.run(Lorg/bytedeco/llvm/LLVM/LLVMModuleRef;)Lorg/bytedeco/llvm/LLVM/LLVMModuleRef;+31
j  optimization.IROptimizer.optimize(Lorg/bytedeco/llvm/LLVM/LLVMModuleRef;)Lorg/bytedeco/llvm/LLVM/LLVMModuleRef;+62
j  Main.main([Ljava/lang/String;)V+143
v  ~StubRoutines::call_stub

siginfo: si_signo: 11 (SIGSEGV), si_code: 1 (SEGV_MAPERR), si_addr: 0x0000000000000000

Register to memory mapping:

RAX=0x0 is NULL
RBX={method} {0x00007d3e8dcafd78} 'strlen' '(Lorg/bytedeco/javacpp/BytePointer;)J' in 'org/bytedeco/javacpp/BytePointer'
RCX=0x00000008400720f0 is a pointer to class: 
org.bytedeco.javacpp.BytePointer {0x00000008400720f0}
 - instance size:     6
 - klass size:        150
 - access:            public synchronized 
 - state:             fully_initialized
 - name:              'org/bytedeco/javacpp/BytePointer'
 - super:             'org/bytedeco/javacpp/Pointer'
 - sub:               
 - arrays:            NULL
 - methods:           Array<T>(0x00007d3e8dcac530)
 - method ordering:   Array<T>(0x00007d3e8dcb0b60)
 - default_methods:   Array<T>(0x0000000000000000)
 - local interfaces:  Array<T>(0x0000000800525cb0)
 - trans. interfaces: Array<T>(0x00007d3e8dca7160)
 - constants:         constant pool [407] {0x00007d3e8dcab778} for 'org/bytedeco/javacpp/BytePointer' cache=0x00007d3e8ddd41b0
 - class loader data:  loader data: 0x00007d3eb41b80a0 for instance a 'jdk/internal/loader/ClassLoaders$AppClassLoader'{0x000000008b70d6b8}
 - host class:        NULL
 - source file:       'BytePointer.java'
 - class annotations:       Array<T>(0x00007d3e8dcb0b28)
 - class type annotations:  Array<T>(0x0000000000000000)
 - field annotations:       Array<T>(0x0000000000000000)
 - field type annotations:  Array<T>(0x0000000000000000)
 - inner classes:     Array<T>(0x0000000800526280)
 - nest members:     Array<T>(0x0000000800526280)
 - java mirror:       a 'java/lang/Class'{0x000000008b66ab30} = 'org/bytedeco/javacpp/BytePointer'
 - vtable length      86  (start addr: 0x00000008400722c0)
 - itable length      5 (start addr: 0x0000000840072570)
 - ---- static fields (1 words):
 - private static final 'logger' 'Lorg/bytedeco/javacpp/tools/Logger;' @112 
 - ---- non-static fields (9 words):
 - private 'deallocator' 'Lorg/bytedeco/javacpp/Pointer$Deallocator;' @12 
 - protected 'address' 'J' @16 
 - protected 'position' 'J' @24 
 - protected 'limit' 'J' @32 
 - protected 'capacity' 'J' @40 
 - non-static oop maps: 12-12 
RDX=0x0 is NULL
RSP=0x00007d3ebb3fdd48 is pointing into the stack for thread: 0x00007d3eb4019000
RBP=0x00007d3ebb3fdda0 is pointing into the stack for thread: 0x00007d3eb4019000
RSI=0x00007d3ebc676950: <offset 0x0000000001276950> in /usr/lib/jvm/java-11-openjdk-amd64/lib/server/libjvm.so at 0x00007d3ebb400000
RDI=0x0 is NULL
R8 =0x0000000000000004 is an unknown value
R9 =0x0000000000000001 is an unknown value
R10=0x0000000000000018 is an unknown value
R11=0x000000008b66ab30 points into unknown readable memory: 0x00000067117f4409 | 09 44 7f 11 67 00 00 00
R12=0x0 is NULL
R13=0x00007d3e8dcafd68 is pointing into metadata
R14=0x00007d3ebb3fddc0 is pointing into the stack for thread: 0x00007d3eb4019000
R15=0x00007d3eb4019000 is a thread


Registers:
RAX=0x0000000000000000, RBX=0x00007d3e8dcafd78, RCX=0x00000008400720f0, RDX=0x0000000000000000
RSP=0x00007d3ebb3fdd48, RBP=0x00007d3ebb3fdda0, RSI=0x00007d3ebc676950, RDI=0x0000000000000000
R8 =0x0000000000000004, R9 =0x0000000000000001, R10=0x0000000000000018, R11=0x000000008b66ab30
R12=0x0000000000000000, R13=0x00007d3e8dcafd68, R14=0x00007d3ebb3fddc0, R15=0x00007d3eb4019000
RIP=0x00007d3ebc98b75d, EFLAGS=0x0000000000010283, CSGSFS=0x002b000000000033, ERR=0x0000000000000004
  TRAPNO=0x000000000000000e

Top of Stack: (sp=0x00007d3ebb3fdd48)
0x00007d3ebb3fdd48:   00007d3e9c615503 00000000000003d8
0x00007d3ebb3fdd58:   00007d3ebb3fdd58 0000000000000000
0x00007d3ebb3fdd68:   00007d3ebb3fddc0 00007d3e8ddd41b0
0x00007d3ebb3fdd78:   0000000000000000 000000008b66ab30 

Instructions: (pc=0x00007d3ebc98b75d)
0x00007d3ebc98b65d:   f5 da e0 c5 e5 da f2 c5 cd da f4 c5 c5 74 f6 c5
0x00007d3ebc98b66d:   fd d7 d6 48 83 ef 80 85 d2 74 b8 c5 c5 74 f0 c5
0x00007d3ebc98b67d:   fd d7 ce 85 c9 75 3c c5 fe 7f 47 01 c5 c5 74 f1
0x00007d3ebc98b68d:   c5 fd d7 ce 85 c9 75 3e c5 fe 7f 4f 21 c5 c5 74
0x00007d3ebc98b69d:   f2 c5 fd d7 ce 85 c9 75 40 c5 fe 7f 57 41 0f bc
0x00007d3ebc98b6ad:   d2 c5 fe 6f 4c 16 42 c5 fe 7f 4c 17 42 c5 f8 77
0x00007d3ebc98b6bd:   c3 66 90 0f bc c9 c5 fe 6f 4c 0e e2 c5 fe 7f 4c
0x00007d3ebc98b6cd:   0f e2 c5 f8 77 c3 0f bc c9 c5 fe 6f 4c 0e 02 c5
0x00007d3ebc98b6dd:   fe 7f 4c 0f 02 c5 f8 77 c3 0f bc c9 c5 fe 6f 4c
0x00007d3ebc98b6ed:   0e 22 c5 fe 7f 4c 0f 22 c5 f8 77 c3 48 89 f1 48
0x00007d3ebc98b6fd:   83 e1 e0 c5 c5 74 31 c5 fd d7 ce c4 e2 4b f7 c9
0x00007d3ebc98b70d:   d1 e1 0f 84 f5 fd ff ff 0f bc c9 48 89 f8 f3 a4
0x00007d3ebc98b71d:   c5 f8 77 c3 66 2e 0f 1f 84 00 00 00 00 00 66 2e
0x00007d3ebc98b72d:   0f 1f 84 00 00 00 00 00 66 2e 0f 1f 84 00 00 00
0x00007d3ebc98b73d:   00 00 90 f3 0f 1e fa 89 f8 48 89 fa c5 f9 ef c0
0x00007d3ebc98b74d:   25 ff 0f 00 00 3d e0 0f 00 00 0f 87 33 01 00 00
0x00007d3ebc98b75d:   c5 fd 74 0f c5 fd d7 c1 85 c0 74 57 f3 0f bc c0
0x00007d3ebc98b76d:   c5 f8 77 c3 66 66 2e 0f 1f 84 00 00 00 00 00 0f
0x00007d3ebc98b77d:   1f 40 00 f3 0f bc c0 29 d7 ff c7 01 f8 c5 f8 77
0x00007d3ebc98b78d:   c3 66 90 f3 0f bc c0 29 d7 83 c7 21 01 f8 c5 f8
0x00007d3ebc98b79d:   77 c3 90 f3 0f bc c0 29 d7 83 c7 41 01 f8 c5 f8
0x00007d3ebc98b7ad:   77 c3 90 f3 0f bc c0 29 d7 83 c7 61 01 f8 c5 f8
0x00007d3ebc98b7bd:   77 c3 90 48 83 cf 1f c5 fd 74 4f 01 c5 fd d7 c1
0x00007d3ebc98b7cd:   85 c0 75 af c5 fd 74 4f 21 c5 fd d7 c1 85 c0 75
0x00007d3ebc98b7dd:   b2 c5 fd 74 4f 41 c5 fd d7 c1 85 c0 75 b5 c5 fd
0x00007d3ebc98b7ed:   74 4f 61 c5 fd d7 c1 85 c0 75 b8 48 ff c7 48 83
0x00007d3ebc98b7fd:   cf 7f 90 c5 fd 6f 4f 01 c5 f5 da 57 21 c5 fd 6f
0x00007d3ebc98b80d:   5f 41 c5 e5 da 67 61 c5 dd da ea c5 fd 74 ed c5
0x00007d3ebc98b81d:   fd d7 cd 48 83 ef 80 85 c9 74 d8 c5 fd 74 c9 c5
0x00007d3ebc98b82d:   fd d7 c1 48 29 d7 85 c0 75 39 c5 fd 74 d2 c5 fd
0x00007d3ebc98b83d:   d7 c2 85 c0 75 3d c5 fd 74 db c5 fd d7 c3 48 c1
0x00007d3ebc98b84d:   e1 20 48 09 c8 f3 48 0f bc c0 48 83 ef 3f 48 01 


Stack slot to memory mapping:
stack at sp + 0 slots: 0x00007d3e9c615503 is at code_begin+1699 in an Interpreter codelet
method entry point (kind = native)  [0x00007d3e9c614e60, 0x00007d3e9c615e60]  4096 bytes
stack at sp + 1 slots: 0x00000000000003d8 is an unknown value
stack at sp + 2 slots: 0x00007d3ebb3fdd58 is pointing into the stack for thread: 0x00007d3eb4019000
stack at sp + 3 slots: 0x0 is NULL
stack at sp + 4 slots: 0x00007d3ebb3fddc0 is pointing into the stack for thread: 0x00007d3eb4019000
stack at sp + 5 slots: 0x00007d3e8ddd41b0 is pointing into metadata
stack at sp + 6 slots: 0x0 is NULL
stack at sp + 7 slots: 0x000000008b66ab30 points into unknown readable memory: 0x00000067117f4409 | 09 44 7f 11 67 00 00 00


---------------  P R O C E S S  ---------------

Threads class SMR info:
_java_thread_list=0x00007d3e68165c70, length=15, elements={
0x00007d3eb4019000, 0x00007d3eb417c000, 0x00007d3eb417e000, 0x00007d3eb4183000,
0x00007d3eb4185000, 0x00007d3eb4187000, 0x00007d3eb4189000, 0x00007d3eb418b000,
0x00007d3eb41b1000, 0x00007d3eb421a800, 0x00007d3eb4226800, 0x00007d3e54001800,
0x00007d3eb424b800, 0x00007d3eb4531800, 0x00007d3e68164000
}

Java Threads: ( => current thread )
=>0x00007d3eb4019000 JavaThread "main" [_thread_in_native, id=7103, stack(0x00007d3ebb300000,0x00007d3ebb400000)]
  0x00007d3eb417c000 JavaThread "Reference Handler" daemon [_thread_blocked, id=7110, stack(0x00007d3eb84af000,0x00007d3eb85af000)]
  0x00007d3eb417e000 JavaThread "Finalizer" daemon [_thread_blocked, id=7111, stack(0x00007d3eb83af000,0x00007d3eb84af000)]
  0x00007d3eb4183000 JavaThread "Signal Dispatcher" daemon [_thread_blocked, id=7112, stack(0x00007d3eb82af000,0x00007d3eb83af000)]
  0x00007d3eb4185000 JavaThread "Service Thread" daemon [_thread_blocked, id=7113, stack(0x00007d3eb81af000,0x00007d3eb82af000)]
  0x00007d3eb4187000 JavaThread "C2 CompilerThread0" daemon [_thread_blocked, id=7114, stack(0x00007d3eb80af000,0x00007d3eb81af000)]
  0x00007d3eb4189000 JavaThread "C1 CompilerThread0" daemon [_thread_blocked, id=7115, stack(0x00007d3eb3f00000,0x00007d3eb4000000)]
  0x00007d3eb418b000 JavaThread "Sweeper thread" daemon [_thread_blocked, id=7116, stack(0x00007d3e9c500000,0x00007d3e9c600000)]
  0x00007d3eb41b1000 JavaThread "Common-Cleaner" daemon [_thread_blocked, id=7117, stack(0x00007d3e9c400000,0x00007d3e9c500000)]
  0x00007d3eb421a800 JavaThread "JDWP Transport Listener: dt_socket" daemon [_thread_blocked, id=7120, stack(0x00007d3e9c300000,0x00007d3e9c400000)]
  0x00007d3eb4226800 JavaThread "JDWP Event Helper Thread" daemon [_thread_blocked, id=7121, stack(0x00007d3e9c200000,0x00007d3e9c300000)]
  0x00007d3e54001800 JavaThread "JDWP Command Reader" daemon [_thread_in_native, id=7122, stack(0x00007d3e9c100000,0x00007d3e9c200000)]
  0x00007d3eb424b800 JavaThread "IntelliJ Suspend Helper" daemon [_thread_blocked, id=7126, stack(0x00007d3e9c000000,0x00007d3e9c100000)]
  0x00007d3eb4531800 JavaThread "JavaCPP Deallocator" daemon [_thread_blocked, id=7128, stack(0x00007d3e9404f000,0x00007d3e9414f000)]
  0x00007d3e68164000 JavaThread "C2 CompilerThread1" daemon [_thread_blocked, id=7130, stack(0x00007d3e8d700000,0x00007d3e8d800000)]

Other Threads:
  0x00007d3eb4179000 VMThread "VM Thread" [stack: 0x00007d3eb85b0000,0x00007d3eb86b0000] [id=7109]
  0x00007d3eb4274800 WatcherThread [stack: 0x00007d3e94150000,0x00007d3e94250000] [id=7127]
  0x00007d3eb4033800 GCTaskThread "GC Thread#0" [stack: 0x00007d3eb9f2a000,0x00007d3eba02a000] [id=7104]
  0x00007d3e80002000 GCTaskThread "GC Thread#1" [stack: 0x00007d3e8d4fa000,0x00007d3e8d5fa000] [id=7131]
  0x00007d3e80003800 GCTaskThread "GC Thread#2" [stack: 0x00007d3e8d3f9000,0x00007d3e8d4f9000] [id=7132]
  0x00007d3eb4065000 ConcurrentGCThread "G1 Main Marker" [stack: 0x00007d3eb8e94000,0x00007d3eb8f94000] [id=7105]
  0x00007d3eb4066800 ConcurrentGCThread "G1 Conc#0" [stack: 0x00007d3eb8d93000,0x00007d3eb8e93000] [id=7106]
  0x00007d3eb40df000 ConcurrentGCThread "G1 Refine#0" [stack: 0x00007d3eb888e000,0x00007d3eb898e000] [id=7107]
  0x00007d3eb40e0800 ConcurrentGCThread "G1 Young RemSet Sampling" [stack: 0x00007d3eb878d000,0x00007d3eb888d000] [id=7108]

Threads with active compile tasks:

VM state:not at safepoint (normal execution)

VM Mutex/Monitor currently owned by a thread: None

Heap address: 0x0000000084a00000, size: 1974 MB, Compressed Oops mode: 32-bit
Narrow klass base: 0x0000000800000000, Narrow klass shift: 3
Compressed class space size: 1073741824 Address: 0x0000000840000000

Heap:
 garbage-first heap   total 129024K, used 3678K [0x0000000084a00000, 0x0000000100000000)
  region size 1024K, 4 young (4096K), 2 survivors (2048K)
 Metaspace       used 5953K, capacity 6681K, committed 6912K, reserved 1056768K
  class space    used 606K, capacity 694K, committed 768K, reserved 1048576K
Heap Regions: E=young(eden), S=young(survivor), O=old, HS=humongous(starts), HC=humongous(continues), CS=collection set, F=free, A=archive, TAMS=top-at-mark-start (previous, next)
|   0|0x0000000084a00000, 0x0000000084a00000, 0x0000000084b00000|  0%| F|  |TAMS 0x0000000084a00000, 0x0000000084a00000| Untracked 
|   1|0x0000000084b00000, 0x0000000084b00000, 0x0000000084c00000|  0%| F|  |TAMS 0x0000000084b00000, 0x0000000084b00000| Untracked 
|   2|0x0000000084c00000, 0x0000000084c00000, 0x0000000084d00000|  0%| F|  |TAMS 0x0000000084c00000, 0x0000000084c00000| Untracked 
|   3|0x0000000084d00000, 0x0000000084d00000, 0x0000000084e00000|  0%| F|  |TAMS 0x0000000084d00000, 0x0000000084d00000| Untracked 
|   4|0x0000000084e00000, 0x0000000084e00000, 0x0000000084f00000|  0%| F|  |TAMS 0x0000000084e00000, 0x0000000084e00000| Untracked 
|   5|0x0000000084f00000, 0x0000000084f00000, 0x0000000085000000|  0%| F|  |TAMS 0x0000000084f00000, 0x0000000084f00000| Untracked 
|   6|0x0000000085000000, 0x0000000085000000, 0x0000000085100000|  0%| F|  |TAMS 0x0000000085000000, 0x0000000085000000| Untracked 
|   7|0x0000000085100000, 0x0000000085100000, 0x0000000085200000|  0%| F|  |TAMS 0x0000000085100000, 0x0000000085100000| Untracked 
|   8|0x0000000085200000, 0x0000000085200000, 0x0000000085300000|  0%| F|  |TAMS 0x0000000085200000, 0x0000000085200000| Untracked 
|   9|0x0000000085300000, 0x0000000085300000, 0x0000000085400000|  0%| F|  |TAMS 0x0000000085300000, 0x0000000085300000| Untracked 
|  10|0x0000000085400000, 0x0000000085400000, 0x0000000085500000|  0%| F|  |TAMS 0x0000000085400000, 0x0000000085400000| Untracked 
|  11|0x0000000085500000, 0x0000000085500000, 0x0000000085600000|  0%| F|  |TAMS 0x0000000085500000, 0x0000000085500000| Untracked 
|  12|0x0000000085600000, 0x0000000085600000, 0x0000000085700000|  0%| F|  |TAMS 0x0000000085600000, 0x0000000085600000| Untracked 
|  13|0x0000000085700000, 0x0000000085700000, 0x0000000085800000|  0%| F|  |TAMS 0x0000000085700000, 0x0000000085700000| Untracked 
|  14|0x0000000085800000, 0x0000000085800000, 0x0000000085900000|  0%| F|  |TAMS 0x0000000085800000, 0x0000000085800000| Untracked 
|  15|0x0000000085900000, 0x0000000085900000, 0x0000000085a00000|  0%| F|  |TAMS 0x0000000085900000, 0x0000000085900000| Untracked 
|  16|0x0000000085a00000, 0x0000000085a00000, 0x0000000085b00000|  0%| F|  |TAMS 0x0000000085a00000, 0x0000000085a00000| Untracked 
|  17|0x0000000085b00000, 0x0000000085b00000, 0x0000000085c00000|  0%| F|  |TAMS 0x0000000085b00000, 0x0000000085b00000| Untracked 
|  18|0x0000000085c00000, 0x0000000085c00000, 0x0000000085d00000|  0%| F|  |TAMS 0x0000000085c00000, 0x0000000085c00000| Untracked 
|  19|0x0000000085d00000, 0x0000000085d00000, 0x0000000085e00000|  0%| F|  |TAMS 0x0000000085d00000, 0x0000000085d00000| Untracked 
|  20|0x0000000085e00000, 0x0000000085e00000, 0x0000000085f00000|  0%| F|  |TAMS 0x0000000085e00000, 0x0000000085e00000| Untracked 
|  21|0x0000000085f00000, 0x0000000085f00000, 0x0000000086000000|  0%| F|  |TAMS 0x0000000085f00000, 0x0000000085f00000| Untracked 
|  22|0x0000000086000000, 0x0000000086000000, 0x0000000086100000|  0%| F|  |TAMS 0x0000000086000000, 0x0000000086000000| Untracked 
|  23|0x0000000086100000, 0x0000000086100000, 0x0000000086200000|  0%| F|  |TAMS 0x0000000086100000, 0x0000000086100000| Untracked 
|  24|0x0000000086200000, 0x0000000086200000, 0x0000000086300000|  0%| F|  |TAMS 0x0000000086200000, 0x0000000086200000| Untracked 
|  25|0x0000000086300000, 0x0000000086300000, 0x0000000086400000|  0%| F|  |TAMS 0x0000000086300000, 0x0000000086300000| Untracked 
|  26|0x0000000086400000, 0x0000000086400000, 0x0000000086500000|  0%| F|  |TAMS 0x0000000086400000, 0x0000000086400000| Untracked 
|  27|0x0000000086500000, 0x0000000086500000, 0x0000000086600000|  0%| F|  |TAMS 0x0000000086500000, 0x0000000086500000| Untracked 
|  28|0x0000000086600000, 0x0000000086600000, 0x0000000086700000|  0%| F|  |TAMS 0x0000000086600000, 0x0000000086600000| Untracked 
|  29|0x0000000086700000, 0x0000000086700000, 0x0000000086800000|  0%| F|  |TAMS 0x0000000086700000, 0x0000000086700000| Untracked 
|  30|0x0000000086800000, 0x0000000086800000, 0x0000000086900000|  0%| F|  |TAMS 0x0000000086800000, 0x0000000086800000| Untracked 
|  31|0x0000000086900000, 0x0000000086900000, 0x0000000086a00000|  0%| F|  |TAMS 0x0000000086900000, 0x0000000086900000| Untracked 
|  32|0x0000000086a00000, 0x0000000086a00000, 0x0000000086b00000|  0%| F|  |TAMS 0x0000000086a00000, 0x0000000086a00000| Untracked 
|  33|0x0000000086b00000, 0x0000000086b00000, 0x0000000086c00000|  0%| F|  |TAMS 0x0000000086b00000, 0x0000000086b00000| Untracked 
|  34|0x0000000086c00000, 0x0000000086c00000, 0x0000000086d00000|  0%| F|  |TAMS 0x0000000086c00000, 0x0000000086c00000| Untracked 
|  35|0x0000000086d00000, 0x0000000086d00000, 0x0000000086e00000|  0%| F|  |TAMS 0x0000000086d00000, 0x0000000086d00000| Untracked 
|  36|0x0000000086e00000, 0x0000000086e00000, 0x0000000086f00000|  0%| F|  |TAMS 0x0000000086e00000, 0x0000000086e00000| Untracked 
|  37|0x0000000086f00000, 0x0000000086f00000, 0x0000000087000000|  0%| F|  |TAMS 0x0000000086f00000, 0x0000000086f00000| Untracked 
|  38|0x0000000087000000, 0x0000000087000000, 0x0000000087100000|  0%| F|  |TAMS 0x0000000087000000, 0x0000000087000000| Untracked 
|  39|0x0000000087100000, 0x0000000087100000, 0x0000000087200000|  0%| F|  |TAMS 0x0000000087100000, 0x0000000087100000| Untracked 
|  40|0x0000000087200000, 0x0000000087200000, 0x0000000087300000|  0%| F|  |TAMS 0x0000000087200000, 0x0000000087200000| Untracked 
|  41|0x0000000087300000, 0x0000000087300000, 0x0000000087400000|  0%| F|  |TAMS 0x0000000087300000, 0x0000000087300000| Untracked 
|  42|0x0000000087400000, 0x0000000087400000, 0x0000000087500000|  0%| F|  |TAMS 0x0000000087400000, 0x0000000087400000| Untracked 
|  43|0x0000000087500000, 0x0000000087500000, 0x0000000087600000|  0%| F|  |TAMS 0x0000000087500000, 0x0000000087500000| Untracked 
|  44|0x0000000087600000, 0x0000000087600000, 0x0000000087700000|  0%| F|  |TAMS 0x0000000087600000, 0x0000000087600000| Untracked 
|  45|0x0000000087700000, 0x0000000087700000, 0x0000000087800000|  0%| F|  |TAMS 0x0000000087700000, 0x0000000087700000| Untracked 
|  46|0x0000000087800000, 0x0000000087800000, 0x0000000087900000|  0%| F|  |TAMS 0x0000000087800000, 0x0000000087800000| Untracked 
|  47|0x0000000087900000, 0x0000000087900000, 0x0000000087a00000|  0%| F|  |TAMS 0x0000000087900000, 0x0000000087900000| Untracked 
|  48|0x0000000087a00000, 0x0000000087a00000, 0x0000000087b00000|  0%| F|  |TAMS 0x0000000087a00000, 0x0000000087a00000| Untracked 
|  49|0x0000000087b00000, 0x0000000087b00000, 0x0000000087c00000|  0%| F|  |TAMS 0x0000000087b00000, 0x0000000087b00000| Untracked 
|  50|0x0000000087c00000, 0x0000000087c00000, 0x0000000087d00000|  0%| F|  |TAMS 0x0000000087c00000, 0x0000000087c00000| Untracked 
|  51|0x0000000087d00000, 0x0000000087d00000, 0x0000000087e00000|  0%| F|  |TAMS 0x0000000087d00000, 0x0000000087d00000| Untracked 
|  52|0x0000000087e00000, 0x0000000087e00000, 0x0000000087f00000|  0%| F|  |TAMS 0x0000000087e00000, 0x0000000087e00000| Untracked 
|  53|0x0000000087f00000, 0x0000000087f00000, 0x0000000088000000|  0%| F|  |TAMS 0x0000000087f00000, 0x0000000087f00000| Untracked 
|  54|0x0000000088000000, 0x0000000088000000, 0x0000000088100000|  0%| F|  |TAMS 0x0000000088000000, 0x0000000088000000| Untracked 
|  55|0x0000000088100000, 0x0000000088100000, 0x0000000088200000|  0%| F|  |TAMS 0x0000000088100000, 0x0000000088100000| Untracked 
|  56|0x0000000088200000, 0x0000000088200000, 0x0000000088300000|  0%| F|  |TAMS 0x0000000088200000, 0x0000000088200000| Untracked 
|  57|0x0000000088300000, 0x0000000088300000, 0x0000000088400000|  0%| F|  |TAMS 0x0000000088300000, 0x0000000088300000| Untracked 
|  58|0x0000000088400000, 0x0000000088400000, 0x0000000088500000|  0%| F|  |TAMS 0x0000000088400000, 0x0000000088400000| Untracked 
|  59|0x0000000088500000, 0x0000000088500000, 0x0000000088600000|  0%| F|  |TAMS 0x0000000088500000, 0x0000000088500000| Untracked 
|  60|0x0000000088600000, 0x0000000088600000, 0x0000000088700000|  0%| F|  |TAMS 0x0000000088600000, 0x0000000088600000| Untracked 
|  61|0x0000000088700000, 0x0000000088700000, 0x0000000088800000|  0%| F|  |TAMS 0x0000000088700000, 0x0000000088700000| Untracked 
|  62|0x0000000088800000, 0x0000000088800000, 0x0000000088900000|  0%| F|  |TAMS 0x0000000088800000, 0x0000000088800000| Untracked 
|  63|0x0000000088900000, 0x0000000088900000, 0x0000000088a00000|  0%| F|  |TAMS 0x0000000088900000, 0x0000000088900000| Untracked 
|  64|0x0000000088a00000, 0x0000000088a00000, 0x0000000088b00000|  0%| F|  |TAMS 0x0000000088a00000, 0x0000000088a00000| Untracked 
|  65|0x0000000088b00000, 0x0000000088b00000, 0x0000000088c00000|  0%| F|  |TAMS 0x0000000088b00000, 0x0000000088b00000| Untracked 
|  66|0x0000000088c00000, 0x0000000088c00000, 0x0000000088d00000|  0%| F|  |TAMS 0x0000000088c00000, 0x0000000088c00000| Untracked 
|  67|0x0000000088d00000, 0x0000000088d00000, 0x0000000088e00000|  0%| F|  |TAMS 0x0000000088d00000, 0x0000000088d00000| Untracked 
|  68|0x0000000088e00000, 0x0000000088e00000, 0x0000000088f00000|  0%| F|  |TAMS 0x0000000088e00000, 0x0000000088e00000| Untracked 
|  69|0x0000000088f00000, 0x0000000088f00000, 0x0000000089000000|  0%| F|  |TAMS 0x0000000088f00000, 0x0000000088f00000| Untracked 
|  70|0x0000000089000000, 0x0000000089000000, 0x0000000089100000|  0%| F|  |TAMS 0x0000000089000000, 0x0000000089000000| Untracked 
|  71|0x0000000089100000, 0x0000000089100000, 0x0000000089200000|  0%| F|  |TAMS 0x0000000089100000, 0x0000000089100000| Untracked 
|  72|0x0000000089200000, 0x0000000089200000, 0x0000000089300000|  0%| F|  |TAMS 0x0000000089200000, 0x0000000089200000| Untracked 
|  73|0x0000000089300000, 0x0000000089300000, 0x0000000089400000|  0%| F|  |TAMS 0x0000000089300000, 0x0000000089300000| Untracked 
|  74|0x0000000089400000, 0x0000000089400000, 0x0000000089500000|  0%| F|  |TAMS 0x0000000089400000, 0x0000000089400000| Untracked 
|  75|0x0000000089500000, 0x0000000089500000, 0x0000000089600000|  0%| F|  |TAMS 0x0000000089500000, 0x0000000089500000| Untracked 
|  76|0x0000000089600000, 0x0000000089600000, 0x0000000089700000|  0%| F|  |TAMS 0x0000000089600000, 0x0000000089600000| Untracked 
|  77|0x0000000089700000, 0x0000000089700000, 0x0000000089800000|  0%| F|  |TAMS 0x0000000089700000, 0x0000000089700000| Untracked 
|  78|0x0000000089800000, 0x0000000089800000, 0x0000000089900000|  0%| F|  |TAMS 0x0000000089800000, 0x0000000089800000| Untracked 
|  79|0x0000000089900000, 0x0000000089900000, 0x0000000089a00000|  0%| F|  |TAMS 0x0000000089900000, 0x0000000089900000| Untracked 
|  80|0x0000000089a00000, 0x0000000089a00000, 0x0000000089b00000|  0%| F|  |TAMS 0x0000000089a00000, 0x0000000089a00000| Untracked 
|  81|0x0000000089b00000, 0x0000000089b00000, 0x0000000089c00000|  0%| F|  |TAMS 0x0000000089b00000, 0x0000000089b00000| Untracked 
|  82|0x0000000089c00000, 0x0000000089c00000, 0x0000000089d00000|  0%| F|  |TAMS 0x0000000089c00000, 0x0000000089c00000| Untracked 
|  83|0x0000000089d00000, 0x0000000089d00000, 0x0000000089e00000|  0%| F|  |TAMS 0x0000000089d00000, 0x0000000089d00000| Untracked 
|  84|0x0000000089e00000, 0x0000000089e00000, 0x0000000089f00000|  0%| F|  |TAMS 0x0000000089e00000, 0x0000000089e00000| Untracked 
|  85|0x0000000089f00000, 0x0000000089f00000, 0x000000008a000000|  0%| F|  |TAMS 0x0000000089f00000, 0x0000000089f00000| Untracked 
|  86|0x000000008a000000, 0x000000008a000000, 0x000000008a100000|  0%| F|  |TAMS 0x000000008a000000, 0x000000008a000000| Untracked 
|  87|0x000000008a100000, 0x000000008a100000, 0x000000008a200000|  0%| F|  |TAMS 0x000000008a100000, 0x000000008a100000| Untracked 
|  88|0x000000008a200000, 0x000000008a200000, 0x000000008a300000|  0%| F|  |TAMS 0x000000008a200000, 0x000000008a200000| Untracked 
|  89|0x000000008a300000, 0x000000008a300000, 0x000000008a400000|  0%| F|  |TAMS 0x000000008a300000, 0x000000008a300000| Untracked 
|  90|0x000000008a400000, 0x000000008a400000, 0x000000008a500000|  0%| F|  |TAMS 0x000000008a400000, 0x000000008a400000| Untracked 
|  91|0x000000008a500000, 0x000000008a500000, 0x000000008a600000|  0%| F|  |TAMS 0x000000008a500000, 0x000000008a500000| Untracked 
|  92|0x000000008a600000, 0x000000008a600000, 0x000000008a700000|  0%| F|  |TAMS 0x000000008a600000, 0x000000008a600000| Untracked 
|  93|0x000000008a700000, 0x000000008a700000, 0x000000008a800000|  0%| F|  |TAMS 0x000000008a700000, 0x000000008a700000| Untracked 
|  94|0x000000008a800000, 0x000000008a800000, 0x000000008a900000|  0%| F|  |TAMS 0x000000008a800000, 0x000000008a800000| Untracked 
|  95|0x000000008a900000, 0x000000008a900000, 0x000000008aa00000|  0%| F|  |TAMS 0x000000008a900000, 0x000000008a900000| Untracked 
|  96|0x000000008aa00000, 0x000000008aa00000, 0x000000008ab00000|  0%| F|  |TAMS 0x000000008aa00000, 0x000000008aa00000| Untracked 
|  97|0x000000008ab00000, 0x000000008ab00000, 0x000000008ac00000|  0%| F|  |TAMS 0x000000008ab00000, 0x000000008ab00000| Untracked 
|  98|0x000000008ac00000, 0x000000008ac00000, 0x000000008ad00000|  0%| F|  |TAMS 0x000000008ac00000, 0x000000008ac00000| Untracked 
|  99|0x000000008ad00000, 0x000000008ad00000, 0x000000008ae00000|  0%| F|  |TAMS 0x000000008ad00000, 0x000000008ad00000| Untracked 
| 100|0x000000008ae00000, 0x000000008ae00000, 0x000000008af00000|  0%| F|  |TAMS 0x000000008ae00000, 0x000000008ae00000| Untracked 
| 101|0x000000008af00000, 0x000000008af00000, 0x000000008b000000|  0%| F|  |TAMS 0x000000008af00000, 0x000000008af00000| Untracked 
| 102|0x000000008b000000, 0x000000008b000000, 0x000000008b100000|  0%| F|  |TAMS 0x000000008b000000, 0x000000008b000000| Untracked 
| 103|0x000000008b100000, 0x000000008b100000, 0x000000008b200000|  0%| F|  |TAMS 0x000000008b100000, 0x000000008b100000| Untracked 
| 104|0x000000008b200000, 0x000000008b200000, 0x000000008b300000|  0%| F|  |TAMS 0x000000008b200000, 0x000000008b200000| Untracked 
| 105|0x000000008b300000, 0x000000008b300000, 0x000000008b400000|  0%| F|  |TAMS 0x000000008b300000, 0x000000008b300000| Untracked 
| 106|0x000000008b400000, 0x000000008b400000, 0x000000008b500000|  0%| F|  |TAMS 0x000000008b400000, 0x000000008b400000| Untracked 
| 107|0x000000008b500000, 0x000000008b500000, 0x000000008b600000|  0%| F|  |TAMS 0x000000008b500000, 0x000000008b500000| Untracked 
| 108|0x000000008b600000, 0x000000008b6e38b8, 0x000000008b700000| 88%| S|CS|TAMS 0x000000008b600000, 0x000000008b600000| Complete 
| 109|0x000000008b700000, 0x000000008b800000, 0x000000008b800000|100%| S|CS|TAMS 0x000000008b700000, 0x000000008b700000| Complete 
| 110|0x000000008b800000, 0x000000008b800000, 0x000000008b900000|  0%| F|  |TAMS 0x000000008b800000, 0x000000008b800000| Untracked 
| 111|0x000000008b900000, 0x000000008b900000, 0x000000008ba00000|  0%| F|  |TAMS 0x000000008b900000, 0x000000008b900000| Untracked 
| 112|0x000000008ba00000, 0x000000008ba00000, 0x000000008bb00000|  0%| F|  |TAMS 0x000000008ba00000, 0x000000008ba00000| Untracked 
| 113|0x000000008bb00000, 0x000000008bb00000, 0x000000008bc00000|  0%| F|  |TAMS 0x000000008bb00000, 0x000000008bb00000| Untracked 
| 114|0x000000008bc00000, 0x000000008bc00000, 0x000000008bd00000|  0%| F|  |TAMS 0x000000008bc00000, 0x000000008bc00000| Untracked 
| 115|0x000000008bd00000, 0x000000008bd00000, 0x000000008be00000|  0%| F|  |TAMS 0x000000008bd00000, 0x000000008bd00000| Untracked 
| 116|0x000000008be00000, 0x000000008be00000, 0x000000008bf00000|  0%| F|  |TAMS 0x000000008be00000, 0x000000008be00000| Untracked 
| 117|0x000000008bf00000, 0x000000008bf00000, 0x000000008c000000|  0%| F|  |TAMS 0x000000008bf00000, 0x000000008bf00000| Untracked 
| 118|0x000000008c000000, 0x000000008c000000, 0x000000008c100000|  0%| F|  |TAMS 0x000000008c000000, 0x000000008c000000| Untracked 
| 119|0x000000008c100000, 0x000000008c100000, 0x000000008c200000|  0%| F|  |TAMS 0x000000008c100000, 0x000000008c100000| Untracked 
| 120|0x000000008c200000, 0x000000008c200000, 0x000000008c300000|  0%| F|  |TAMS 0x000000008c200000, 0x000000008c200000| Untracked 
| 121|0x000000008c300000, 0x000000008c300000, 0x000000008c400000|  0%| F|  |TAMS 0x000000008c300000, 0x000000008c300000| Untracked 
| 122|0x000000008c400000, 0x000000008c500000, 0x000000008c500000|100%| E|  |TAMS 0x000000008c400000, 0x000000008c400000| Complete 
| 123|0x000000008c500000, 0x000000008c600000, 0x000000008c600000|100%| E|CS|TAMS 0x000000008c500000, 0x000000008c500000| Complete 
|1972|0x00000000ffe00000, 0x00000000ffe48000, 0x00000000fff00000| 28%|OA|  |TAMS 0x00000000ffe00000, 0x00000000ffe00000| Untracked 
|1973|0x00000000fff00000, 0x00000000fff6c000, 0x0000000100000000| 42%|CA|  |TAMS 0x00000000fff00000, 0x00000000fff00000| Untracked 

Card table byte_map: [0x00007d3eb936f000,0x00007d3eb974a000] _byte_map_base: 0x00007d3eb8f4a000

Marking Bits (Prev, Next): (CMBitMap*) 0x00007d3eb405c3b8, (CMBitMap*) 0x00007d3eb405c3f0
 Prev Bits: [0x00007d3e96128000, 0x00007d3e98000000)
 Next Bits: [0x00007d3e94250000, 0x00007d3e96128000)

Polling page: 0x00007d3ebcb2a000

Metaspace:

Usage:
  Non-class:      5.85 MB capacity,     5.22 MB ( 89%) used,   632.59 KB ( 11%) free+waste,     7.25 KB ( <1%) overhead. 
      Class:    694.00 KB capacity,   606.27 KB ( 87%) used,    84.05 KB ( 12%) free+waste,     3.69 KB ( <1%) overhead. 
       Both:      6.52 MB capacity,     5.81 MB ( 89%) used,   716.64 KB ( 11%) free+waste,    10.94 KB ( <1%) overhead. 

Virtual space:
  Non-class space:        8.00 MB reserved,       6.00 MB ( 75%) committed 
      Class space:        1.00 GB reserved,     768.00 KB ( <1%) committed 
             Both:        1.01 GB reserved,       6.75 MB ( <1%) committed 

Chunk freelists:
   Non-Class:  29.00 KB
       Class:  10.00 KB
        Both:  39.00 KB

MaxMetaspaceSize: unlimited
CompressedClassSpaceSize: 1.00 GB
Initial GC threshold: 20.80 MB
Current GC threshold: 20.80 MB
CDS: on

CodeHeap 'non-profiled nmethods': size=120032Kb used=259Kb max_used=259Kb free=119773Kb
 bounds [0x00007d3ea40c8000, 0x00007d3ea4338000, 0x00007d3eab600000]
CodeHeap 'profiled nmethods': size=120032Kb used=1508Kb max_used=1508Kb free=118523Kb
 bounds [0x00007d3e9cb90000, 0x00007d3e9ce00000, 0x00007d3ea40c8000]
CodeHeap 'non-nmethods': size=5696Kb used=1211Kb max_used=1223Kb free=4484Kb
 bounds [0x00007d3e9c600000, 0x00007d3e9c870000, 0x00007d3e9cb90000]
 total_blobs=1233 nmethods=828 adapters=327
 compilation: enabled
              stopped_count=0, restarted_count=0
 full_count=0

Compilation events (20 events):
Event: 0.622 Thread 0x00007d3eb4189000  819       3       java.lang.invoke.LambdaForm::uncustomize (57 bytes)
Event: 0.622 Thread 0x00007d3eb4189000 nmethod 819 0x00007d3e9cd05b10 code [0x00007d3e9cd05ce0, 0x00007d3e9cd06000]
Event: 0.622 Thread 0x00007d3eb4189000  821       3       java.util.LinkedList$ListItr::hasNext (20 bytes)
Event: 0.622 Thread 0x00007d3eb4189000 nmethod 821 0x00007d3e9cd06110 code [0x00007d3e9cd062c0, 0x00007d3e9cd06450]
Event: 0.622 Thread 0x00007d3eb4189000  820       3       java.lang.reflect.Array::newInstance (6 bytes)
Event: 0.622 Thread 0x00007d3eb4189000 nmethod 820 0x00007d3e9cd06510 code [0x00007d3e9cd066c0, 0x00007d3e9cd067e0]
Event: 0.624 Thread 0x00007d3e68164000 nmethod 818 0x00007d3ea4107790 code [0x00007d3ea4107920, 0x00007d3ea4107998]
Event: 0.631 Thread 0x00007d3eb4189000  823       3       java.util.concurrent.ConcurrentHashMap$EntryIterator::next (5 bytes)
Event: 0.631 Thread 0x00007d3eb4189000 nmethod 823 0x00007d3e9cd06890 code [0x00007d3e9cd06a40, 0x00007d3e9cd06b80]
Event: 0.631 Thread 0x00007d3eb4189000  824       3       java.util.concurrent.ConcurrentHashMap$EntryIterator::next (51 bytes)
Event: 0.631 Thread 0x00007d3eb4189000 nmethod 824 0x00007d3e9cd06c10 code [0x00007d3e9cd06e00, 0x00007d3e9cd072d0]
Event: 0.632 Thread 0x00007d3eb4187000 nmethod 789 0x00007d3ea4107a90 code [0x00007d3ea4107c60, 0x00007d3ea41088b8]
Event: 0.632 Thread 0x00007d3eb4189000  825       3       java.util.Arrays$ArrayItr::hasNext (18 bytes)
Event: 0.632 Thread 0x00007d3eb4189000 nmethod 825 0x00007d3e9cd07490 code [0x00007d3e9cd07640, 0x00007d3e9cd077d0]
Event: 0.632 Thread 0x00007d3eb4189000  826       3       org.bytedeco.javacpp.ClassProperties::get (30 bytes)
Event: 0.632 Thread 0x00007d3eb4189000 nmethod 826 0x00007d3e9cd07890 code [0x00007d3e9cd07ae0, 0x00007d3e9cd08410]
Event: 0.634 Thread 0x00007d3eb4189000  828       3       java.lang.Number::<init> (5 bytes)
Event: 0.634 Thread 0x00007d3eb4189000 nmethod 828 0x00007d3e9cd08790 code [0x00007d3e9cd08940, 0x00007d3e9cd08ab0]
Event: 0.634 Thread 0x00007d3eb4189000  827       3       java.util.ArrayList::contains (14 bytes)
Event: 0.635 Thread 0x00007d3eb4189000 nmethod 827 0x00007d3e9cd08b90 code [0x00007d3e9cd08d60, 0x00007d3e9cd08fa0]

GC Heap History (2 events):
Event: 0.580 GC heap before
{Heap before GC invocations=0 (full 0):
 garbage-first heap   total 129024K, used 14032K [0x0000000084a00000, 0x0000000100000000)
  region size 1024K, 14 young (14336K), 0 survivors (0K)
 Metaspace       used 5592K, capacity 6393K, committed 6656K, reserved 1056768K
  class space    used 573K, capacity 662K, committed 768K, reserved 1048576K
}
Event: 0.588 GC heap after
{Heap after GC invocations=1 (full 0):
 garbage-first heap   total 129024K, used 2654K [0x0000000084a00000, 0x0000000100000000)
  region size 1024K, 2 young (2048K), 2 survivors (2048K)
 Metaspace       used 5592K, capacity 6393K, committed 6656K, reserved 1056768K
  class space    used 573K, capacity 662K, committed 768K, reserved 1048576K
}

Deoptimization events (20 events):
Event: 0.600 Thread 0x00007d3eb4019000 Uncommon trap: trap_request=0xffffffc6 fr.pc=0x00007d3ea40f1090 relative=0x00000000000004b0
Event: 0.600 Thread 0x00007d3eb4019000 Uncommon trap: reason=bimorphic_or_optimized_type_check action=maybe_recompile pc=0x00007d3ea40f1090 method=java.util.HashMap.getNode(ILjava/lang/Object;)Ljava/util/HashMap$Node; @ 126 c2
Event: 0.600 Thread 0x00007d3eb4019000 DEOPT PACKING pc=0x00007d3ea40f1090 sp=0x00007d3ebb3fdfe0
Event: 0.600 Thread 0x00007d3eb4019000 DEOPT UNPACKING pc=0x00007d3e9c649ea5 sp=0x00007d3ebb3fdf48 mode 2
Event: 0.605 Thread 0x00007d3eb4019000 Uncommon trap: trap_request=0xffffffc6 fr.pc=0x00007d3ea40f1090 relative=0x00000000000004b0
Event: 0.605 Thread 0x00007d3eb4019000 Uncommon trap: reason=bimorphic_or_optimized_type_check action=maybe_recompile pc=0x00007d3ea40f1090 method=java.util.HashMap.getNode(ILjava/lang/Object;)Ljava/util/HashMap$Node; @ 126 c2
Event: 0.605 Thread 0x00007d3eb4019000 DEOPT PACKING pc=0x00007d3ea40f1090 sp=0x00007d3ebb3fddc0
Event: 0.605 Thread 0x00007d3eb4019000 DEOPT UNPACKING pc=0x00007d3e9c649ea5 sp=0x00007d3ebb3fdd28 mode 2
Event: 0.606 Thread 0x00007d3eb4019000 Uncommon trap: trap_request=0xffffffc6 fr.pc=0x00007d3ea40f1090 relative=0x00000000000004b0
Event: 0.606 Thread 0x00007d3eb4019000 Uncommon trap: reason=bimorphic_or_optimized_type_check action=maybe_recompile pc=0x00007d3ea40f1090 method=java.util.HashMap.getNode(ILjava/lang/Object;)Ljava/util/HashMap$Node; @ 126 c2
Event: 0.606 Thread 0x00007d3eb4019000 DEOPT PACKING pc=0x00007d3ea40f1090 sp=0x00007d3ebb3fe220
Event: 0.606 Thread 0x00007d3eb4019000 DEOPT UNPACKING pc=0x00007d3e9c649ea5 sp=0x00007d3ebb3fe188 mode 2
Event: 0.608 Thread 0x00007d3eb4019000 Uncommon trap: trap_request=0xffffffc6 fr.pc=0x00007d3ea40f1090 relative=0x00000000000004b0
Event: 0.608 Thread 0x00007d3eb4019000 Uncommon trap: reason=bimorphic_or_optimized_type_check action=maybe_recompile pc=0x00007d3ea40f1090 method=java.util.HashMap.getNode(ILjava/lang/Object;)Ljava/util/HashMap$Node; @ 126 c2
Event: 0.608 Thread 0x00007d3eb4019000 DEOPT PACKING pc=0x00007d3ea40f1090 sp=0x00007d3ebb3fddf0
Event: 0.608 Thread 0x00007d3eb4019000 DEOPT UNPACKING pc=0x00007d3e9c649ea5 sp=0x00007d3ebb3fdd58 mode 2
Event: 0.608 Thread 0x00007d3eb4019000 Uncommon trap: trap_request=0xffffffc6 fr.pc=0x00007d3ea40e99f4 relative=0x0000000000000414
Event: 0.608 Thread 0x00007d3eb4019000 Uncommon trap: reason=bimorphic_or_optimized_type_check action=maybe_recompile pc=0x00007d3ea40e99f4 method=java.util.HashMap.getNode(ILjava/lang/Object;)Ljava/util/HashMap$Node; @ 126 c2
Event: 0.608 Thread 0x00007d3eb4019000 DEOPT PACKING pc=0x00007d3ea40e99f4 sp=0x00007d3ebb3fe120
Event: 0.608 Thread 0x00007d3eb4019000 DEOPT UNPACKING pc=0x00007d3e9c649ea5 sp=0x00007d3ebb3fe0f0 mode 2

Classes redefined (1 events):
Event: 0.202 Thread 0x00007d3eb4179000 redefined class name=java.lang.Throwable, count=1

Internal exceptions (20 events):
Event: 0.353 Thread 0x00007d3eb4019000 Exception <a 'java/security/PrivilegedActionException'{0x000000008be97c58}> (0x000000008be97c58) thrown at [./src/hotspot/share/prims/jvm.cpp, line 1304]
Event: 0.353 Thread 0x00007d3eb4019000 Exception <a 'java/security/PrivilegedActionException'{0x000000008be97f48}> (0x000000008be97f48) thrown at [./src/hotspot/share/prims/jvm.cpp, line 1304]
Event: 0.353 Thread 0x00007d3eb4019000 Exception <a 'java/security/PrivilegedActionException'{0x000000008be988d8}> (0x000000008be988d8) thrown at [./src/hotspot/share/prims/jvm.cpp, line 1304]
Event: 0.353 Thread 0x00007d3eb4019000 Exception <a 'java/security/PrivilegedActionException'{0x000000008be98bc8}> (0x000000008be98bc8) thrown at [./src/hotspot/share/prims/jvm.cpp, line 1304]
Event: 0.353 Thread 0x00007d3eb4019000 Exception <a 'java/security/PrivilegedActionException'{0x000000008be99590}> (0x000000008be99590) thrown at [./src/hotspot/share/prims/jvm.cpp, line 1304]
Event: 0.353 Thread 0x00007d3eb4019000 Exception <a 'java/security/PrivilegedActionException'{0x000000008be99880}> (0x000000008be99880) thrown at [./src/hotspot/share/prims/jvm.cpp, line 1304]
Event: 0.353 Thread 0x00007d3eb4019000 Exception <a 'java/security/PrivilegedActionException'{0x000000008be9a230}> (0x000000008be9a230) thrown at [./src/hotspot/share/prims/jvm.cpp, line 1304]
Event: 0.353 Thread 0x00007d3eb4019000 Exception <a 'java/security/PrivilegedActionException'{0x000000008be9a520}> (0x000000008be9a520) thrown at [./src/hotspot/share/prims/jvm.cpp, line 1304]
Event: 0.353 Thread 0x00007d3eb4019000 Exception <a 'java/security/PrivilegedActionException'{0x000000008be9aed0}> (0x000000008be9aed0) thrown at [./src/hotspot/share/prims/jvm.cpp, line 1304]
Event: 0.353 Thread 0x00007d3eb4019000 Exception <a 'java/security/PrivilegedActionException'{0x000000008be9b1c0}> (0x000000008be9b1c0) thrown at [./src/hotspot/share/prims/jvm.cpp, line 1304]
Event: 0.353 Thread 0x00007d3eb4019000 Exception <a 'java/security/PrivilegedActionException'{0x000000008be9bb88}> (0x000000008be9bb88) thrown at [./src/hotspot/share/prims/jvm.cpp, line 1304]
Event: 0.353 Thread 0x00007d3eb4019000 Exception <a 'java/security/PrivilegedActionException'{0x000000008be9be78}> (0x000000008be9be78) thrown at [./src/hotspot/share/prims/jvm.cpp, line 1304]
Event: 0.353 Thread 0x00007d3eb4019000 Exception <a 'java/security/PrivilegedActionException'{0x000000008be9c840}> (0x000000008be9c840) thrown at [./src/hotspot/share/prims/jvm.cpp, line 1304]
Event: 0.353 Thread 0x00007d3eb4019000 Exception <a 'java/security/PrivilegedActionException'{0x000000008be9cb30}> (0x000000008be9cb30) thrown at [./src/hotspot/share/prims/jvm.cpp, line 1304]
Event: 0.353 Thread 0x00007d3eb4019000 Exception <a 'java/security/PrivilegedActionException'{0x000000008be9d4f8}> (0x000000008be9d4f8) thrown at [./src/hotspot/share/prims/jvm.cpp, line 1304]
Event: 0.353 Thread 0x00007d3eb4019000 Exception <a 'java/security/PrivilegedActionException'{0x000000008be9d7e8}> (0x000000008be9d7e8) thrown at [./src/hotspot/share/prims/jvm.cpp, line 1304]
Event: 0.353 Thread 0x00007d3eb4019000 Exception <a 'java/security/PrivilegedActionException'{0x000000008be9e198}> (0x000000008be9e198) thrown at [./src/hotspot/share/prims/jvm.cpp, line 1304]
Event: 0.353 Thread 0x00007d3eb4019000 Exception <a 'java/security/PrivilegedActionException'{0x000000008be9e488}> (0x000000008be9e488) thrown at [./src/hotspot/share/prims/jvm.cpp, line 1304]
Event: 0.353 Thread 0x00007d3eb4019000 Exception <a 'java/security/PrivilegedActionException'{0x000000008be9ee50}> (0x000000008be9ee50) thrown at [./src/hotspot/share/prims/jvm.cpp, line 1304]
Event: 0.353 Thread 0x00007d3eb4019000 Exception <a 'java/security/PrivilegedActionException'{0x000000008be9f140}> (0x000000008be9f140) thrown at [./src/hotspot/share/prims/jvm.cpp, line 1304]

Events (20 events):
Event: 0.676 Executing VM operation: GetOrSetLocal
Event: 0.676 Executing VM operation: GetOrSetLocal done
Event: 0.676 Executing VM operation: GetOrSetLocal
Event: 0.676 Executing VM operation: GetOrSetLocal done
Event: 0.677 Executing VM operation: GetOrSetLocal
Event: 0.677 Executing VM operation: GetOrSetLocal done
Event: 0.677 Executing VM operation: GetOrSetLocal
Event: 0.677 Executing VM operation: GetOrSetLocal done
Event: 0.677 Executing VM operation: GetOrSetLocal
Event: 0.677 Executing VM operation: GetOrSetLocal done
Event: 0.678 Executing VM operation: GetFrameLocation
Event: 0.678 Executing VM operation: GetFrameLocation done
Event: 0.678 Executing VM operation: GetOrSetLocal
Event: 0.679 Executing VM operation: GetOrSetLocal done
Event: 0.780 Executing VM operation: GetFrameCount
Event: 0.780 Executing VM operation: GetFrameCount done
Event: 0.780 Executing VM operation: GetStackTrace
Event: 0.780 Executing VM operation: GetStackTrace done
Event: 1.385 loading class com/intellij/rt/debugger/BatchEvaluatorServer
Event: 1.385 loading class com/intellij/rt/debugger/BatchEvaluatorServer done


Dynamic libraries:
84a00000-8c600000 rw-p 00000000 00:00 0 
8c600000-ffe00000 ---p 00000000 00:00 0 
ffe00000-ffe48000 rw-p 00b14000 08:02 1838210                            /usr/lib/jvm/java-11-openjdk-amd64/lib/server/classes.jsa
ffe48000-fff00000 rw-p 00000000 00:00 0 
fff00000-fff6c000 rw-p 00aa8000 08:02 1838210                            /usr/lib/jvm/java-11-openjdk-amd64/lib/server/classes.jsa
fff6c000-100000000 rw-p 00000000 00:00 0 
800000000-800002000 rwxp 00001000 08:02 1838210                          /usr/lib/jvm/java-11-openjdk-amd64/lib/server/classes.jsa
800002000-800aa7000 rw-p 00003000 08:02 1838210                          /usr/lib/jvm/java-11-openjdk-amd64/lib/server/classes.jsa
840000000-8400c0000 rw-p 00000000 00:00 0 
8400c0000-880000000 ---p 00000000 00:00 0 
632c86096000-632c86097000 r--p 00000000 08:02 1841092                    /usr/lib/jvm/java-11-openjdk-amd64/bin/java
632c86097000-632c86098000 r-xp 00001000 08:02 1841092                    /usr/lib/jvm/java-11-openjdk-amd64/bin/java
632c86098000-632c86099000 r--p 00002000 08:02 1841092                    /usr/lib/jvm/java-11-openjdk-amd64/bin/java
632c86099000-632c8609a000 r--p 00002000 08:02 1841092                    /usr/lib/jvm/java-11-openjdk-amd64/bin/java
632c8609a000-632c8609b000 rw-p 00003000 08:02 1841092                    /usr/lib/jvm/java-11-openjdk-amd64/bin/java
632c91afd000-632c91b1e000 rw-p 00000000 00:00 0                          [heap]
7d3e30000000-7d3e30021000 rw-p 00000000 00:00 0 
7d3e30021000-7d3e34000000 ---p 00000000 00:00 0 
7d3e34000000-7d3e34021000 rw-p 00000000 00:00 0 
7d3e34021000-7d3e38000000 ---p 00000000 00:00 0 
7d3e38000000-7d3e3823a000 rw-p 00000000 00:00 0 
7d3e3823a000-7d3e3c000000 ---p 00000000 00:00 0 
7d3e3d400000-7d3e3dd26000 r--p 00000000 08:02 660167                     /home/asus/.javacpp/cache/llvm-13.0.1-1.5.7-linux-x86_64.jar/org/bytedeco/llvm/linux-x86_64/libLLVM-13.so
7d3e3dd26000-7d3e416e9000 r-xp 00926000 08:02 660167                     /home/asus/.javacpp/cache/llvm-13.0.1-1.5.7-linux-x86_64.jar/org/bytedeco/llvm/linux-x86_64/libLLVM-13.so
7d3e416e9000-7d3e4393e000 r--p 042e9000 08:02 660167                     /home/asus/.javacpp/cache/llvm-13.0.1-1.5.7-linux-x86_64.jar/org/bytedeco/llvm/linux-x86_64/libLLVM-13.so
7d3e4393e000-7d3e43e53000 r--p 0653d000 08:02 660167                     /home/asus/.javacpp/cache/llvm-13.0.1-1.5.7-linux-x86_64.jar/org/bytedeco/llvm/linux-x86_64/libLLVM-13.so
7d3e43e53000-7d3e43e5e000 rw-p 06a52000 08:02 660167                     /home/asus/.javacpp/cache/llvm-13.0.1-1.5.7-linux-x86_64.jar/org/bytedeco/llvm/linux-x86_64/libLLVM-13.so
7d3e43e5e000-7d3e43ed4000 rw-p 00000000 00:00 0 
7d3e44000000-7d3e44021000 rw-p 00000000 00:00 0 
7d3e44021000-7d3e48000000 ---p 00000000 00:00 0 
7d3e48000000-7d3e48021000 rw-p 00000000 00:00 0 
7d3e48021000-7d3e4c000000 ---p 00000000 00:00 0 
7d3e4c000000-7d3e4c021000 rw-p 00000000 00:00 0 
7d3e4c021000-7d3e50000000 ---p 00000000 00:00 0 
7d3e50000000-7d3e50021000 rw-p 00000000 00:00 0 
7d3e50021000-7d3e54000000 ---p 00000000 00:00 0 
7d3e54000000-7d3e54028000 rw-p 00000000 00:00 0 
7d3e54028000-7d3e58000000 ---p 00000000 00:00 0 
7d3e58000000-7d3e58021000 rw-p 00000000 00:00 0 
7d3e58021000-7d3e5c000000 ---p 00000000 00:00 0 
7d3e5c000000-7d3e5c021000 rw-p 00000000 00:00 0 
7d3e5c021000-7d3e60000000 ---p 00000000 00:00 0 
7d3e60000000-7d3e60021000 rw-p 00000000 00:00 0 
7d3e60021000-7d3e64000000 ---p 00000000 00:00 0 
7d3e64000000-7d3e64263000 rw-p 00000000 00:00 0 
7d3e64263000-7d3e68000000 ---p 00000000 00:00 0 
7d3e68000000-7d3e683c2000 rw-p 00000000 00:00 0 
7d3e683c2000-7d3e6c000000 ---p 00000000 00:00 0 
7d3e6c000000-7d3e6c021000 rw-p 00000000 00:00 0 
7d3e6c021000-7d3e70000000 ---p 00000000 00:00 0 
7d3e70000000-7d3e70021000 rw-p 00000000 00:00 0 
7d3e70021000-7d3e74000000 ---p 00000000 00:00 0 
7d3e74000000-7d3e74021000 rw-p 00000000 00:00 0 
7d3e74021000-7d3e78000000 ---p 00000000 00:00 0 
7d3e78000000-7d3e78021000 rw-p 00000000 00:00 0 
7d3e78021000-7d3e7c000000 ---p 00000000 00:00 0 
7d3e7c000000-7d3e7c021000 rw-p 00000000 00:00 0 
7d3e7c021000-7d3e80000000 ---p 00000000 00:00 0 
7d3e80000000-7d3e80021000 rw-p 00000000 00:00 0 
7d3e80021000-7d3e84000000 ---p 00000000 00:00 0 
7d3e84000000-7d3e84021000 rw-p 00000000 00:00 0 
7d3e84021000-7d3e88000000 ---p 00000000 00:00 0 
7d3e88000000-7d3e88021000 rw-p 00000000 00:00 0 
7d3e88021000-7d3e8c000000 ---p 00000000 00:00 0 
7d3e8d045000-7d3e8d3f8000 rw-p 00000000 00:00 0 
7d3e8d3f8000-7d3e8d3f9000 ---p 00000000 00:00 0 
7d3e8d3f9000-7d3e8d4f9000 rw-p 00000000 00:00 0 
7d3e8d4f9000-7d3e8d4fa000 ---p 00000000 00:00 0 
7d3e8d4fa000-7d3e8d5fa000 rw-p 00000000 00:00 0 
7d3e8d5fa000-7d3e8d65f000 r--p 00000000 08:02 660172                     /home/asus/.javacpp/cache/llvm-13.0.1-1.5.7-linux-x86_64.jar/org/bytedeco/llvm/linux-x86_64/libjniLLVM.so
7d3e8d65f000-7d3e8d6cd000 r-xp 00065000 08:02 660172                     /home/asus/.javacpp/cache/llvm-13.0.1-1.5.7-linux-x86_64.jar/org/bytedeco/llvm/linux-x86_64/libjniLLVM.so
7d3e8d6cd000-7d3e8d6f8000 r--p 000d3000 08:02 660172                     /home/asus/.javacpp/cache/llvm-13.0.1-1.5.7-linux-x86_64.jar/org/bytedeco/llvm/linux-x86_64/libjniLLVM.so
7d3e8d6f8000-7d3e8d6fb000 r--p 000fd000 08:02 660172                     /home/asus/.javacpp/cache/llvm-13.0.1-1.5.7-linux-x86_64.jar/org/bytedeco/llvm/linux-x86_64/libjniLLVM.so
7d3e8d6fb000-7d3e8d6fe000 rw-p 00100000 08:02 660172                     /home/asus/.javacpp/cache/llvm-13.0.1-1.5.7-linux-x86_64.jar/org/bytedeco/llvm/linux-x86_64/libjniLLVM.so
7d3e8d6fe000-7d3e8d700000 rw-p 00000000 00:00 0 
7d3e8d700000-7d3e8d704000 ---p 00000000 00:00 0 
7d3e8d704000-7d3e8d800000 rw-p 00000000 00:00 0 
7d3e8d800000-7d3e8de00000 rw-p 00000000 00:00 0 
7d3e8de00000-7d3e8e000000 ---p 00000000 00:00 0 
7d3e8e000000-7d3e90021000 rw-p 00000000 00:00 0 
7d3e90021000-7d3e94000000 ---p 00000000 00:00 0 
7d3e9404f000-7d3e94053000 ---p 00000000 00:00 0 
7d3e94053000-7d3e9414f000 rw-p 00000000 00:00 0 
7d3e9414f000-7d3e94150000 ---p 00000000 00:00 0 
7d3e94150000-7d3e94250000 rw-p 00000000 00:00 0 
7d3e94250000-7d3e94440000 rw-p 00000000 00:00 0 
7d3e94440000-7d3e96120000 ---p 00000000 00:00 0 
7d3e96120000-7d3e96318000 rw-p 00000000 00:00 0 
7d3e96318000-7d3e97ff8000 ---p 00000000 00:00 0 
7d3e97ff8000-7d3e98021000 rw-p 00000000 00:00 0 
7d3e98021000-7d3e9c004000 ---p 00000000 00:00 0 
7d3e9c004000-7d3e9c100000 rw-p 00000000 00:00 0 
7d3e9c100000-7d3e9c104000 ---p 00000000 00:00 0 
7d3e9c104000-7d3e9c200000 rw-p 00000000 00:00 0 
7d3e9c200000-7d3e9c204000 ---p 00000000 00:00 0 
7d3e9c204000-7d3e9c300000 rw-p 00000000 00:00 0 
7d3e9c300000-7d3e9c304000 ---p 00000000 00:00 0 
7d3e9c304000-7d3e9c400000 rw-p 00000000 00:00 0 
7d3e9c400000-7d3e9c404000 ---p 00000000 00:00 0 
7d3e9c404000-7d3e9c500000 rw-p 00000000 00:00 0 
7d3e9c500000-7d3e9c504000 ---p 00000000 00:00 0 
7d3e9c504000-7d3e9c600000 rw-p 00000000 00:00 0 
7d3e9c600000-7d3e9c870000 rwxp 00000000 00:00 0 
7d3e9c870000-7d3e9cb90000 ---p 00000000 00:00 0 
7d3e9cb90000-7d3e9ce00000 rwxp 00000000 00:00 0 
7d3e9ce00000-7d3ea40c8000 ---p 00000000 00:00 0 
7d3ea40c8000-7d3ea4338000 rwxp 00000000 00:00 0 
7d3ea4338000-7d3eab600000 ---p 00000000 00:00 0 
7d3eab600000-7d3eb3e41000 r--s 00000000 08:02 1841183                    /usr/lib/jvm/java-11-openjdk-amd64/lib/modules
7d3eb3f00000-7d3eb3f04000 ---p 00000000 00:00 0 
7d3eb3f04000-7d3eb4000000 rw-p 00000000 00:00 0 
7d3eb4000000-7d3eb4783000 rw-p 00000000 00:00 0 
7d3eb4783000-7d3eb8000000 ---p 00000000 00:00 0 
7d3eb80af000-7d3eb80b3000 ---p 00000000 00:00 0 
7d3eb80b3000-7d3eb81af000 rw-p 00000000 00:00 0 
7d3eb81af000-7d3eb81b3000 ---p 00000000 00:00 0 
7d3eb81b3000-7d3eb82af000 rw-p 00000000 00:00 0 
7d3eb82af000-7d3eb82b3000 ---p 00000000 00:00 0 
7d3eb82b3000-7d3eb83af000 rw-p 00000000 00:00 0 
7d3eb83af000-7d3eb83b3000 ---p 00000000 00:00 0 
7d3eb83b3000-7d3eb84af000 rw-p 00000000 00:00 0 
7d3eb84af000-7d3eb84b3000 ---p 00000000 00:00 0 
7d3eb84b3000-7d3eb85af000 rw-p 00000000 00:00 0 
7d3eb85af000-7d3eb85b0000 ---p 00000000 00:00 0 
7d3eb85b0000-7d3eb86b0000 rw-p 00000000 00:00 0 
7d3eb86b0000-7d3eb878c000 rw-p 00000000 00:00 0 
7d3eb878c000-7d3eb878d000 ---p 00000000 00:00 0 
7d3eb878d000-7d3eb888d000 rw-p 00000000 00:00 0 
7d3eb888d000-7d3eb888e000 ---p 00000000 00:00 0 
7d3eb888e000-7d3eb898e000 rw-p 00000000 00:00 0 
7d3eb898e000-7d3eb8d92000 rw-p 00000000 00:00 0 
7d3eb8d92000-7d3eb8d93000 ---p 00000000 00:00 0 
7d3eb8d93000-7d3eb8e93000 rw-p 00000000 00:00 0 
7d3eb8e93000-7d3eb8e94000 ---p 00000000 00:00 0 
7d3eb8e94000-7d3eb8f94000 rw-p 00000000 00:00 0 
7d3eb8f94000-7d3eb8fd2000 rw-p 00000000 00:00 0 
7d3eb8fd2000-7d3eb936e000 ---p 00000000 00:00 0 
7d3eb936e000-7d3eb93ad000 rw-p 00000000 00:00 0 
7d3eb93ad000-7d3eb9749000 ---p 00000000 00:00 0 
7d3eb9749000-7d3eb9788000 rw-p 00000000 00:00 0 
7d3eb9788000-7d3eb9b24000 ---p 00000000 00:00 0 
7d3eb9b24000-7d3eb9f29000 rw-p 00000000 00:00 0 
7d3eb9f29000-7d3eb9f2a000 ---p 00000000 00:00 0 
7d3eb9f2a000-7d3eba02a000 rw-p 00000000 00:00 0 
7d3eba02a000-7d3eba02f000 rw-p 00000000 00:00 0 
7d3eba02f000-7d3eba115000 ---p 00000000 00:00 0 
7d3eba115000-7d3eba11a000 rw-p 00000000 00:00 0 
7d3eba11a000-7d3eba200000 ---p 00000000 00:00 0 
7d3eba200000-7d3ebafec000 r--p 00000000 08:02 1313419                    /usr/lib/locale/locale-archive
7d3ebaffb000-7d3ebaffc000 r--p 00000000 08:02 660170                     /home/asus/.javacpp/cache/llvm-13.0.1-1.5.7-linux-x86_64.jar/org/bytedeco/llvm/linux-x86_64/libRemarks.so.13
7d3ebaffc000-7d3ebaffd000 r-xp 00001000 08:02 660170                     /home/asus/.javacpp/cache/llvm-13.0.1-1.5.7-linux-x86_64.jar/org/bytedeco/llvm/linux-x86_64/libRemarks.so.13
7d3ebaffd000-7d3ebaffe000 r--p 00002000 08:02 660170                     /home/asus/.javacpp/cache/llvm-13.0.1-1.5.7-linux-x86_64.jar/org/bytedeco/llvm/linux-x86_64/libRemarks.so.13
7d3ebaffe000-7d3ebafff000 r--p 00002000 08:02 660170                     /home/asus/.javacpp/cache/llvm-13.0.1-1.5.7-linux-x86_64.jar/org/bytedeco/llvm/linux-x86_64/libRemarks.so.13
7d3ebafff000-7d3ebb000000 rw-p 00003000 08:02 660170                     /home/asus/.javacpp/cache/llvm-13.0.1-1.5.7-linux-x86_64.jar/org/bytedeco/llvm/linux-x86_64/libRemarks.so.13
7d3ebb000000-7d3ebb09d000 r--p 00000000 08:02 1322725                    /usr/lib/x86_64-linux-gnu/libstdc++.so.6.0.33
7d3ebb09d000-7d3ebb1e5000 r-xp 0009d000 08:02 1322725                    /usr/lib/x86_64-linux-gnu/libstdc++.so.6.0.33
7d3ebb1e5000-7d3ebb26c000 r--p 001e5000 08:02 1322725                    /usr/lib/x86_64-linux-gnu/libstdc++.so.6.0.33
7d3ebb26c000-7d3ebb277000 r--p 0026b000 08:02 1322725                    /usr/lib/x86_64-linux-gnu/libstdc++.so.6.0.33
7d3ebb277000-7d3ebb27a000 rw-p 00276000 08:02 1322725                    /usr/lib/x86_64-linux-gnu/libstdc++.so.6.0.33
7d3ebb27a000-7d3ebb27e000 rw-p 00000000 00:00 0 
7d3ebb282000-7d3ebb289000 r--p 00000000 08:02 660168                     /home/asus/.javacpp/cache/llvm-13.0.1-1.5.7-linux-x86_64.jar/org/bytedeco/llvm/linux-x86_64/libLTO.so.13
7d3ebb289000-7d3ebb291000 r-xp 00007000 08:02 660168                     /home/asus/.javacpp/cache/llvm-13.0.1-1.5.7-linux-x86_64.jar/org/bytedeco/llvm/linux-x86_64/libLTO.so.13
7d3ebb291000-7d3ebb293000 r--p 0000f000 08:02 660168                     /home/asus/.javacpp/cache/llvm-13.0.1-1.5.7-linux-x86_64.jar/org/bytedeco/llvm/linux-x86_64/libLTO.so.13
7d3ebb293000-7d3ebb294000 r--p 00010000 08:02 660168                     /home/asus/.javacpp/cache/llvm-13.0.1-1.5.7-linux-x86_64.jar/org/bytedeco/llvm/linux-x86_64/libLTO.so.13
7d3ebb294000-7d3ebb295000 rw-p 00011000 08:02 660168                     /home/asus/.javacpp/cache/llvm-13.0.1-1.5.7-linux-x86_64.jar/org/bytedeco/llvm/linux-x86_64/libLTO.so.13
7d3ebb295000-7d3ebb299000 r--p 00000000 08:02 660161                     /home/asus/.javacpp/cache/javacpp-1.5.7-linux-x86_64.jar/org/bytedeco/javacpp/linux-x86_64/libjnijavacpp.so
7d3ebb299000-7d3ebb2a0000 r-xp 00004000 08:02 660161                     /home/asus/.javacpp/cache/javacpp-1.5.7-linux-x86_64.jar/org/bytedeco/javacpp/linux-x86_64/libjnijavacpp.so
7d3ebb2a0000-7d3ebb2a4000 r--p 0000b000 08:02 660161                     /home/asus/.javacpp/cache/javacpp-1.5.7-linux-x86_64.jar/org/bytedeco/javacpp/linux-x86_64/libjnijavacpp.so
7d3ebb2a4000-7d3ebb2a5000 r--p 0000e000 08:02 660161                     /home/asus/.javacpp/cache/javacpp-1.5.7-linux-x86_64.jar/org/bytedeco/javacpp/linux-x86_64/libjnijavacpp.so
7d3ebb2a5000-7d3ebb2a6000 rw-p 0000f000 08:02 660161                     /home/asus/.javacpp/cache/javacpp-1.5.7-linux-x86_64.jar/org/bytedeco/javacpp/linux-x86_64/libjnijavacpp.so
7d3ebb2a6000-7d3ebb2aa000 r--p 00000000 08:02 1841173                    /usr/lib/jvm/java-11-openjdk-amd64/lib/libnet.so
7d3ebb2aa000-7d3ebb2b8000 r-xp 00004000 08:02 1841173                    /usr/lib/jvm/java-11-openjdk-amd64/lib/libnet.so
7d3ebb2b8000-7d3ebb2bc000 r--p 00012000 08:02 1841173                    /usr/lib/jvm/java-11-openjdk-amd64/lib/libnet.so
7d3ebb2bc000-7d3ebb2bd000 r--p 00015000 08:02 1841173                    /usr/lib/jvm/java-11-openjdk-amd64/lib/libnet.so
7d3ebb2bd000-7d3ebb2be000 rw-p 00016000 08:02 1841173                    /usr/lib/jvm/java-11-openjdk-amd64/lib/libnet.so
7d3ebb2be000-7d3ebb300000 rw-p 00000000 00:00 0 
7d3ebb300000-7d3ebb304000 ---p 00000000 00:00 0 
7d3ebb304000-7d3ebb400000 rw-p 00000000 00:00 0 
7d3ebb400000-7d3ebb683000 r--p 00000000 08:02 1841186                    /usr/lib/jvm/java-11-openjdk-amd64/lib/server/libjvm.so
7d3ebb683000-7d3ebc337000 r-xp 00283000 08:02 1841186                    /usr/lib/jvm/java-11-openjdk-amd64/lib/server/libjvm.so
7d3ebc337000-7d3ebc591000 r--p 00f37000 08:02 1841186                    /usr/lib/jvm/java-11-openjdk-amd64/lib/server/libjvm.so
7d3ebc591000-7d3ebc655000 r--p 01191000 08:02 1841186                    /usr/lib/jvm/java-11-openjdk-amd64/lib/server/libjvm.so
7d3ebc655000-7d3ebc690000 rw-p 01255000 08:02 1841186                    /usr/lib/jvm/java-11-openjdk-amd64/lib/server/libjvm.so
7d3ebc690000-7d3ebc6e7000 rw-p 00000000 00:00 0 
7d3ebc6ea000-7d3ebc6eb000 r--p 00000000 08:02 1322256                    /usr/lib/x86_64-linux-gnu/libdl.so.2
7d3ebc6eb000-7d3ebc6ec000 r-xp 00001000 08:02 1322256                    /usr/lib/x86_64-linux-gnu/libdl.so.2
7d3ebc6ec000-7d3ebc6ed000 r--p 00002000 08:02 1322256                    /usr/lib/x86_64-linux-gnu/libdl.so.2
7d3ebc6ed000-7d3ebc6ee000 r--p 00002000 08:02 1322256                    /usr/lib/x86_64-linux-gnu/libdl.so.2
7d3ebc6ee000-7d3ebc6ef000 rw-p 00003000 08:02 1322256                    /usr/lib/x86_64-linux-gnu/libdl.so.2
7d3ebc6ef000-7d3ebc6f6000 r--p 00000000 08:02 1841174                    /usr/lib/jvm/java-11-openjdk-amd64/lib/libnio.so
7d3ebc6f6000-7d3ebc6fe000 r-xp 00007000 08:02 1841174                    /usr/lib/jvm/java-11-openjdk-amd64/lib/libnio.so
7d3ebc6fe000-7d3ebc701000 r--p 0000f000 08:02 1841174                    /usr/lib/jvm/java-11-openjdk-amd64/lib/libnio.so
7d3ebc701000-7d3ebc702000 r--p 00011000 08:02 1841174                    /usr/lib/jvm/java-11-openjdk-amd64/lib/libnio.so
7d3ebc702000-7d3ebc703000 rw-p 00012000 08:02 1841174                    /usr/lib/jvm/java-11-openjdk-amd64/lib/libnio.so
7d3ebc703000-7d3ebc705000 r--p 00000000 08:02 1841154                    /usr/lib/jvm/java-11-openjdk-amd64/lib/libdt_socket.so
7d3ebc705000-7d3ebc708000 r-xp 00002000 08:02 1841154                    /usr/lib/jvm/java-11-openjdk-amd64/lib/libdt_socket.so
7d3ebc708000-7d3ebc709000 r--p 00005000 08:02 1841154                    /usr/lib/jvm/java-11-openjdk-amd64/lib/libdt_socket.so
7d3ebc709000-7d3ebc70a000 r--p 00006000 08:02 1841154                    /usr/lib/jvm/java-11-openjdk-amd64/lib/libdt_socket.so
7d3ebc70a000-7d3ebc70b000 rw-p 00007000 08:02 1841154                    /usr/lib/jvm/java-11-openjdk-amd64/lib/libdt_socket.so
7d3ebc70b000-7d3ebc710000 rw-p 00000000 00:00 0 
7d3ebc710000-7d3ebc717000 ---p 00000000 00:00 0 
7d3ebc717000-7d3ebc727000 r--p 00000000 08:02 1322503                    /usr/lib/x86_64-linux-gnu/libm.so.6
7d3ebc727000-7d3ebc7a6000 r-xp 00010000 08:02 1322503                    /usr/lib/x86_64-linux-gnu/libm.so.6
7d3ebc7a6000-7d3ebc7fe000 r--p 0008f000 08:02 1322503                    /usr/lib/x86_64-linux-gnu/libm.so.6
7d3ebc7fe000-7d3ebc7ff000 r--p 000e7000 08:02 1322503                    /usr/lib/x86_64-linux-gnu/libm.so.6
7d3ebc7ff000-7d3ebc800000 rw-p 000e8000 08:02 1322503                    /usr/lib/x86_64-linux-gnu/libm.so.6
7d3ebc800000-7d3ebc828000 r--p 00000000 08:02 1322197                    /usr/lib/x86_64-linux-gnu/libc.so.6
7d3ebc828000-7d3ebc9b0000 r-xp 00028000 08:02 1322197                    /usr/lib/x86_64-linux-gnu/libc.so.6
7d3ebc9b0000-7d3ebc9ff000 r--p 001b0000 08:02 1322197                    /usr/lib/x86_64-linux-gnu/libc.so.6
7d3ebc9ff000-7d3ebca03000 r--p 001fe000 08:02 1322197                    /usr/lib/x86_64-linux-gnu/libc.so.6
7d3ebca03000-7d3ebca05000 rw-p 00202000 08:02 1322197                    /usr/lib/x86_64-linux-gnu/libc.so.6
7d3ebca05000-7d3ebca12000 rw-p 00000000 00:00 0 
7d3ebca16000-7d3ebca1d000 r--s 00000000 08:02 1323877                    /usr/lib/x86_64-linux-gnu/gconv/gconv-modules.cache
7d3ebca1d000-7d3ebca24000 r--s 00111000 07:0f 1559                       /snap/intellij-idea-ultimate/604/plugins/java/lib/rt/debugger-agent.jar
7d3ebca24000-7d3ebca26000 r--p 00000000 08:02 1841182                    /usr/lib/jvm/java-11-openjdk-amd64/lib/libzip.so
7d3ebca26000-7d3ebca2b000 r-xp 00002000 08:02 1841182                    /usr/lib/jvm/java-11-openjdk-amd64/lib/libzip.so
7d3ebca2b000-7d3ebca2d000 r--p 00007000 08:02 1841182                    /usr/lib/jvm/java-11-openjdk-amd64/lib/libzip.so
7d3ebca2d000-7d3ebca2e000 r--p 00008000 08:02 1841182                    /usr/lib/jvm/java-11-openjdk-amd64/lib/libzip.so
7d3ebca2e000-7d3ebca2f000 rw-p 00009000 08:02 1841182                    /usr/lib/jvm/java-11-openjdk-amd64/lib/libzip.so
7d3ebca2f000-7d3ebca37000 rw-s 00000000 08:02 1711759                    /tmp/hsperfdata_asus/7101
7d3ebca37000-7d3ebca39000 r--p 00000000 08:02 1841157                    /usr/lib/jvm/java-11-openjdk-amd64/lib/libinstrument.so
7d3ebca39000-7d3ebca3f000 r-xp 00002000 08:02 1841157                    /usr/lib/jvm/java-11-openjdk-amd64/lib/libinstrument.so
7d3ebca3f000-7d3ebca42000 r--p 00008000 08:02 1841157                    /usr/lib/jvm/java-11-openjdk-amd64/lib/libinstrument.so
7d3ebca42000-7d3ebca43000 r--p 0000a000 08:02 1841157                    /usr/lib/jvm/java-11-openjdk-amd64/lib/libinstrument.so
7d3ebca43000-7d3ebca44000 rw-p 0000b000 08:02 1841157                    /usr/lib/jvm/java-11-openjdk-amd64/lib/libinstrument.so
7d3ebca44000-7d3ebca46000 r--p 00000000 08:02 1841164                    /usr/lib/jvm/java-11-openjdk-amd64/lib/libjdwp.so
7d3ebca46000-7d3ebca72000 r-xp 00002000 08:02 1841164                    /usr/lib/jvm/java-11-openjdk-amd64/lib/libjdwp.so
7d3ebca72000-7d3ebca80000 r--p 0002e000 08:02 1841164                    /usr/lib/jvm/java-11-openjdk-amd64/lib/libjdwp.so
7d3ebca80000-7d3ebca81000 r--p 0003b000 08:02 1841164                    /usr/lib/jvm/java-11-openjdk-amd64/lib/libjdwp.so
7d3ebca81000-7d3ebca82000 rw-p 0003c000 08:02 1841164                    /usr/lib/jvm/java-11-openjdk-amd64/lib/libjdwp.so
7d3ebca82000-7d3ebca90000 r--p 00000000 08:02 1841162                    /usr/lib/jvm/java-11-openjdk-amd64/lib/libjava.so
7d3ebca90000-7d3ebcaa7000 r-xp 0000e000 08:02 1841162                    /usr/lib/jvm/java-11-openjdk-amd64/lib/libjava.so
7d3ebcaa7000-7d3ebcaae000 r--p 00025000 08:02 1841162                    /usr/lib/jvm/java-11-openjdk-amd64/lib/libjava.so
7d3ebcaae000-7d3ebcaaf000 r--p 0002b000 08:02 1841162                    /usr/lib/jvm/java-11-openjdk-amd64/lib/libjava.so
7d3ebcaaf000-7d3ebcab0000 rw-p 0002c000 08:02 1841162                    /usr/lib/jvm/java-11-openjdk-amd64/lib/libjava.so
7d3ebcab0000-7d3ebcab1000 rw-p 00000000 00:00 0 
7d3ebcab1000-7d3ebcab6000 r--p 00000000 08:02 1841181                    /usr/lib/jvm/java-11-openjdk-amd64/lib/libverify.so
7d3ebcab6000-7d3ebcabd000 r-xp 00005000 08:02 1841181                    /usr/lib/jvm/java-11-openjdk-amd64/lib/libverify.so
7d3ebcabd000-7d3ebcabf000 r--p 0000c000 08:02 1841181                    /usr/lib/jvm/java-11-openjdk-amd64/lib/libverify.so
7d3ebcabf000-7d3ebcac1000 r--p 0000d000 08:02 1841181                    /usr/lib/jvm/java-11-openjdk-amd64/lib/libverify.so
7d3ebcac1000-7d3ebcac2000 rw-p 0000f000 08:02 1841181                    /usr/lib/jvm/java-11-openjdk-amd64/lib/libverify.so
7d3ebcac2000-7d3ebcac3000 r--p 00000000 08:02 1322672                    /usr/lib/x86_64-linux-gnu/librt.so.1
7d3ebcac3000-7d3ebcac4000 r-xp 00001000 08:02 1322672                    /usr/lib/x86_64-linux-gnu/librt.so.1
7d3ebcac4000-7d3ebcac5000 r--p 00002000 08:02 1322672                    /usr/lib/x86_64-linux-gnu/librt.so.1
7d3ebcac5000-7d3ebcac6000 r--p 00002000 08:02 1322672                    /usr/lib/x86_64-linux-gnu/librt.so.1
7d3ebcac6000-7d3ebcac7000 rw-p 00003000 08:02 1322672                    /usr/lib/x86_64-linux-gnu/librt.so.1
7d3ebcac7000-7d3ebcacb000 r--p 00000000 08:02 1322331                    /usr/lib/x86_64-linux-gnu/libgcc_s.so.1
7d3ebcacb000-7d3ebcaef000 r-xp 00004000 08:02 1322331                    /usr/lib/x86_64-linux-gnu/libgcc_s.so.1
7d3ebcaef000-7d3ebcaf3000 r--p 00028000 08:02 1322331                    /usr/lib/x86_64-linux-gnu/libgcc_s.so.1
7d3ebcaf3000-7d3ebcaf4000 r--p 0002b000 08:02 1322331                    /usr/lib/x86_64-linux-gnu/libgcc_s.so.1
7d3ebcaf4000-7d3ebcaf5000 rw-p 0002c000 08:02 1322331                    /usr/lib/x86_64-linux-gnu/libgcc_s.so.1
7d3ebcaf5000-7d3ebcaf7000 rw-p 00000000 00:00 0 
7d3ebcaf7000-7d3ebcafa000 r--p 00000000 08:02 1841147                    /usr/lib/jvm/java-11-openjdk-amd64/lib/jli/libjli.so
7d3ebcafa000-7d3ebcb04000 r-xp 00003000 08:02 1841147                    /usr/lib/jvm/java-11-openjdk-amd64/lib/jli/libjli.so
7d3ebcb04000-7d3ebcb07000 r--p 0000d000 08:02 1841147                    /usr/lib/jvm/java-11-openjdk-amd64/lib/jli/libjli.so
7d3ebcb07000-7d3ebcb08000 r--p 00010000 08:02 1841147                    /usr/lib/jvm/java-11-openjdk-amd64/lib/jli/libjli.so
7d3ebcb08000-7d3ebcb09000 rw-p 00011000 08:02 1841147                    /usr/lib/jvm/java-11-openjdk-amd64/lib/jli/libjli.so
7d3ebcb09000-7d3ebcb0b000 r--p 00000000 08:02 1322857                    /usr/lib/x86_64-linux-gnu/libz.so.1.3
7d3ebcb0b000-7d3ebcb1d000 r-xp 00002000 08:02 1322857                    /usr/lib/x86_64-linux-gnu/libz.so.1.3
7d3ebcb1d000-7d3ebcb23000 r--p 00014000 08:02 1322857                    /usr/lib/x86_64-linux-gnu/libz.so.1.3
7d3ebcb23000-7d3ebcb24000 r--p 0001a000 08:02 1322857                    /usr/lib/x86_64-linux-gnu/libz.so.1.3
7d3ebcb24000-7d3ebcb25000 rw-p 0001b000 08:02 1322857                    /usr/lib/x86_64-linux-gnu/libz.so.1.3
7d3ebcb25000-7d3ebcb26000 r--p 00000000 08:02 1322654                    /usr/lib/x86_64-linux-gnu/libpthread.so.0
7d3ebcb26000-7d3ebcb27000 r-xp 00001000 08:02 1322654                    /usr/lib/x86_64-linux-gnu/libpthread.so.0
7d3ebcb27000-7d3ebcb28000 r--p 00002000 08:02 1322654                    /usr/lib/x86_64-linux-gnu/libpthread.so.0
7d3ebcb28000-7d3ebcb29000 r--p 00002000 08:02 1322654                    /usr/lib/x86_64-linux-gnu/libpthread.so.0
7d3ebcb29000-7d3ebcb2a000 rw-p 00003000 08:02 1322654                    /usr/lib/x86_64-linux-gnu/libpthread.so.0
7d3ebcb2a000-7d3ebcb2b000 ---p 00000000 00:00 0 
7d3ebcb2b000-7d3ebcb2c000 r--p 00000000 00:00 0 
7d3ebcb2c000-7d3ebcb2e000 r--p 00000000 08:02 1841165                    /usr/lib/jvm/java-11-openjdk-amd64/lib/libjimage.so
7d3ebcb2e000-7d3ebcb31000 r-xp 00002000 08:02 1841165                    /usr/lib/jvm/java-11-openjdk-amd64/lib/libjimage.so
7d3ebcb31000-7d3ebcb32000 r--p 00005000 08:02 1841165                    /usr/lib/jvm/java-11-openjdk-amd64/lib/libjimage.so
7d3ebcb32000-7d3ebcb33000 r--p 00006000 08:02 1841165                    /usr/lib/jvm/java-11-openjdk-amd64/lib/libjimage.so
7d3ebcb33000-7d3ebcb34000 rw-p 00007000 08:02 1841165                    /usr/lib/jvm/java-11-openjdk-amd64/lib/libjimage.so
7d3ebcb34000-7d3ebcb36000 rw-p 00000000 00:00 0 
7d3ebcb36000-7d3ebcb3a000 r--p 00000000 00:00 0                          [vvar]
7d3ebcb3a000-7d3ebcb3c000 r-xp 00000000 00:00 0                          [vdso]
7d3ebcb3c000-7d3ebcb3d000 r--p 00000000 08:02 1322015                    /usr/lib/x86_64-linux-gnu/ld-linux-x86-64.so.2
7d3ebcb3d000-7d3ebcb68000 r-xp 00001000 08:02 1322015                    /usr/lib/x86_64-linux-gnu/ld-linux-x86-64.so.2
7d3ebcb68000-7d3ebcb72000 r--p 0002c000 08:02 1322015                    /usr/lib/x86_64-linux-gnu/ld-linux-x86-64.so.2
7d3ebcb72000-7d3ebcb74000 r--p 00036000 08:02 1322015                    /usr/lib/x86_64-linux-gnu/ld-linux-x86-64.so.2
7d3ebcb74000-7d3ebcb76000 rw-p 00038000 08:02 1322015                    /usr/lib/x86_64-linux-gnu/ld-linux-x86-64.so.2
7ffd8f3c5000-7ffd8f3e6000 rw-p 00000000 00:00 0                          [stack]
ffffffffff600000-ffffffffff601000 --xp 00000000 00:00 0                  [vsyscall]


VM Arguments:
jvm_args: -agentlib:jdwp=transport=dt_socket,address=127.0.0.1:48603,suspend=y,server=n -javaagent:/snap/intellij-idea-ultimate/604/plugins/java/lib/rt/debugger-agent.jar=file:///tmp/capture755314045099891418.props -Dkotlinx.coroutines.debug.enable.creation.stack.trace=false -Ddebugger.agent.enable.coroutines=true -Dkotlinx.coroutines.debug.enable.flows.stack.trace=true -Dkotlinx.coroutines.debug.enable.mutable.state.flows.stack.trace=true -Dfile.encoding=UTF-8 
java_command: Main tests/test1.sysy tests/test1.out
java_class_path (initial): /home/asus/桌面/Lab/out/production/Lab:/usr/local/lib/antlr-4.9.1-complete.jar:/usr/local/lib/javacpp-1.5.7.jar:/usr/local/lib/javacpp-1.5.7-linux-x86_64.jar:/usr/local/lib/llvm-13.0.1-1.5.7-linux-x86_64.jar:/usr/local/lib/llvm-13.0.1-1.5.7.jar:/usr/local/lib/llvm-platform-13.0.1-1.5.7.jar:/usr/local/lib/llvm4j-0.1.2-SNAPSHOT.jar:/usr/local/lib/kotlin-stdlib-1.9.0.jar:/snap/intellij-idea-ultimate/604/lib/idea_rt.jar
Launcher Type: SUN_STANDARD

[Global flags]
     intx CICompilerCount                          = 3                                         {product} {ergonomic}
     uint ConcGCThreads                            = 1                                         {product} {ergonomic}
     uint G1ConcRefinementThreads                  = 4                                         {product} {ergonomic}
   size_t G1HeapRegionSize                         = 1048576                                   {product} {ergonomic}
    uintx GCDrainStackTargetSize                   = 64                                        {product} {ergonomic}
   size_t InitialHeapSize                          = 130023424                                 {product} {ergonomic}
   size_t MarkStackSize                            = 4194304                                   {product} {ergonomic}
   size_t MaxHeapSize                              = 2069889024                                {product} {ergonomic}
   size_t MaxNewSize                               = 1241513984                                {product} {ergonomic}
   size_t MinHeapDeltaBytes                        = 1048576                                   {product} {ergonomic}
    uintx NonNMethodCodeHeapSize                   = 5830732                                {pd product} {ergonomic}
    uintx NonProfiledCodeHeapSize                  = 122913754                              {pd product} {ergonomic}
    uintx ProfiledCodeHeapSize                     = 122913754                              {pd product} {ergonomic}
    uintx ReservedCodeCacheSize                    = 251658240                              {pd product} {ergonomic}
     bool SegmentedCodeCache                       = true                                      {product} {ergonomic}
     bool UseCompressedClassPointers               = true                                 {lp64_product} {ergonomic}
     bool UseCompressedOops                        = true                                 {lp64_product} {ergonomic}
     bool UseG1GC                                  = true                                      {product} {ergonomic}

Logging:
Log output configuration:
 #0: stdout all=warning uptime,level,tags
 #1: stderr all=off uptime,level,tags

Environment Variables:
PATH=/usr/local/sbin:/usr/local/bin:/usr/sbin:/usr/bin:/sbin:/bin:/usr/games:/usr/local/games:/snap/bin:/snap/bin
USERNAME=asus
SHELL=/bin/bash
DISPLAY=:0
LANG=zh_CN.UTF-8

Signal Handlers:
SIGSEGV: [libjvm.so+0xec3eb0], sa_mask[0]=11111111011111111101111111111110, sa_flags=SA_RESTART|SA_SIGINFO
SIGBUS: [libjvm.so+0xec3eb0], sa_mask[0]=11111111011111111101111111111110, sa_flags=SA_RESTART|SA_SIGINFO
SIGFPE: [libjvm.so+0xec3eb0], sa_mask[0]=11111111011111111101111111111110, sa_flags=SA_RESTART|SA_SIGINFO
SIGPIPE: [libjvm.so+0xbff180], sa_mask[0]=11111111011111111101111111111110, sa_flags=SA_RESTART|SA_SIGINFO
SIGXFSZ: [libjvm.so+0xbff180], sa_mask[0]=11111111011111111101111111111110, sa_flags=SA_RESTART|SA_SIGINFO
SIGILL: [libjvm.so+0xec3eb0], sa_mask[0]=11111111011111111101111111111110, sa_flags=SA_RESTART|SA_SIGINFO
SIGUSR2: [libjvm.so+0xbff030], sa_mask[0]=00000000000000000000000000000000, sa_flags=SA_RESTART|SA_SIGINFO
SIGHUP: [libjvm.so+0xbff7e0], sa_mask[0]=11111111011111111101111111111110, sa_flags=SA_RESTART|SA_SIGINFO
SIGINT: [libjvm.so+0xbff7e0], sa_mask[0]=11111111011111111101111111111110, sa_flags=SA_RESTART|SA_SIGINFO
SIGTERM: [libjvm.so+0xbff7e0], sa_mask[0]=11111111011111111101111111111110, sa_flags=SA_RESTART|SA_SIGINFO
SIGQUIT: [libjvm.so+0xbff7e0], sa_mask[0]=11111111011111111101111111111110, sa_flags=SA_RESTART|SA_SIGINFO


---------------  S Y S T E M  ---------------

OS:DISTRIB_ID=Ubuntu
DISTRIB_RELEASE=24.04
DISTRIB_CODENAME=noble
DISTRIB_DESCRIPTION="Ubuntu 24.04.2 LTS"
uname:Linux 6.11.0-25-generic #25~24.04.1-Ubuntu SMP PREEMPT_DYNAMIC Tue Apr 15 17:20:50 UTC 2 x86_64
OS uptime: 0 days 0:34 hours
libc:glibc 2.39 NPTL 2.39 
rlimit (soft/hard): STACK 8192k/infinity , CORE 0k/infinity , NPROC 31274/31274 , NOFILE 1048576/1048576 , AS infinity/infinity , CPU infinity/infinity , DATA infinity/infinity , FSIZE infinity/infinity , MEMLOCK 1010272k/1010272k
load average:3.79 1.28 0.74

/proc/meminfo:
MemTotal:        8082188 kB
MemFree:          373944 kB
MemAvailable:    2618552 kB
Buffers:           18156 kB
Cached:          2482388 kB
SwapCached:         5360 kB
Active:          4884120 kB
Inactive:        1748840 kB
Active(anon):    3491440 kB
Inactive(anon):   734000 kB
Active(file):    1392680 kB
Inactive(file):  1014840 kB
Unevictable:          32 kB
Mlocked:              32 kB
SwapTotal:       3958780 kB
SwapFree:        3941776 kB
Zswap:                 0 kB
Zswapped:              0 kB
Dirty:            106100 kB
Writeback:             0 kB
AnonPages:       4127120 kB
Mapped:          1454096 kB
Shmem:             93012 kB
KReclaimable:     115412 kB
Slab:             329096 kB
SReclaimable:     115412 kB
SUnreclaim:       213684 kB
KernelStack:       20384 kB
PageTables:        46548 kB
SecPageTables:         0 kB
NFS_Unstable:          0 kB
Bounce:                0 kB
WritebackTmp:          0 kB
CommitLimit:     7999872 kB
Committed_AS:   10016244 kB
VmallocTotal:   34359738367 kB
VmallocUsed:       47732 kB
VmallocChunk:          0 kB
Percpu:            91136 kB
HardwareCorrupted:     0 kB
AnonHugePages:         0 kB
ShmemHugePages:        0 kB
ShmemPmdMapped:        0 kB
FileHugePages:         0 kB
FilePmdMapped:         0 kB
Unaccepted:            0 kB
HugePages_Total:       0
HugePages_Free:        0
HugePages_Rsvd:        0
HugePages_Surp:        0
Hugepagesize:       2048 kB
Hugetlb:               0 kB
DirectMap4k:      147264 kB
DirectMap2M:     5095424 kB
DirectMap1G:     5242880 kB

/sys/kernel/mm/transparent_hugepage/enabled:
always [madvise] never
/sys/kernel/mm/transparent_hugepage/defrag (defrag/compaction efforts parameter):
always defer defer+madvise [madvise] never

Process Memory:
Virtual Size: 5346416K (peak: 13461764K)
Resident Set Size: 115892K (peak: 115892K) (anon: 56260K, file: 59632K, shmem: 0K)
Swapped out: 0K
C-Heap outstanding allocations: 27930K, retained: 3865K
glibc malloc tunables: (default)

/proc/sys/kernel/threads-max (system-wide limit on the number of threads):
62548
/proc/sys/vm/max_map_count (maximum number of memory map areas a process may have):
1048576
/proc/sys/kernel/pid_max (system-wide limit on number of process identifiers):
4194304

container (cgroup) information:
container_type: cgroupv2
cpu_cpuset_cpus: not supported
cpu_memory_nodes: not supported
active_processor_count: 4
cpu_quota: not supported
cpu_period: not supported
cpu_shares: not supported
memory_limit_in_bytes: unlimited
memory_and_swap_limit_in_bytes: unlimited
memory_soft_limit_in_bytes: unlimited
memory_usage_in_bytes: 3552880 k
memory_max_usage_in_bytes: not supported
memory_swap_current_in_bytes: unlimited
memory_swap_max_limit_in_bytes: unlimited
maximum number of tasks: 9382
current number of tasks: 178

VMWare virtualization detected
Steal ticks since vm start: 0
Steal ticks percentage since vm start:  0.000

CPU:total 128 (initial active 4) (2 cores per cpu, 1 threads per core) family 6 model 186 stepping 2 microcode 0x4122, cmov, cx8, fxsr, mmx, sse, sse2, sse3, ssse3, sse4.1, sse4.2, popcnt, avx, avx2, aes, clmul, erms, 3dnowpref, lzcnt, tsc, tscinvbit, bmi1, bmi2, adx, sha, fma
CPU Model and flags from /proc/cpuinfo:
model name	: 13th Gen Intel(R) Core(TM) i9-13900H
flags		: fpu vme de pse tsc msr pae mce cx8 apic sep mtrr pge mca cmov pat pse36 clflush mmx fxsr sse sse2 ss ht syscall nx pdpe1gb rdtscp lm constant_tsc arch_perfmon rep_good nopl xtopology tsc_reliable nonstop_tsc cpuid tsc_known_freq pni pclmulqdq ssse3 fma cx16 sse4_1 sse4_2 x2apic movbe popcnt tsc_deadline_timer aes xsave avx f16c rdrand hypervisor lahf_lm abm 3dnowprefetch ssbd ibrs ibpb stibp ibrs_enhanced fsgsbase tsc_adjust bmi1 avx2 smep bmi2 erms invpcid rdseed adx smap clflushopt clwb sha_ni xsaveopt xsavec xgetbv1 xsaves user_shstk avx_vnni arat umip pku ospke gfni vaes vpclmulqdq rdpid movdiri movdir64b fsrm md_clear serialize flush_l1d arch_capabilities
Online cpus:
0-3
Offline cpus:
4-127
BIOS frequency limitation:
<Not Available>
Frequency switch latency (ns):
<Not Available>
Available cpu frequencies:
<Not Available>
Current governor:
<Not Available>
Core performance/turbo boost:
<Not Available>

Memory: 4k page, physical 8082188k(373944k free), swap 3958780k(3941776k free)

vm_info: OpenJDK 64-Bit Server VM (11.0.27+6-post-Ubuntu-0ubuntu124.04) for linux-amd64 JRE (11.0.27+6-post-Ubuntu-0ubuntu124.04), built on Apr 21 2025 06:05:47 by "unknown" with gcc 13.3.0

END.
