Exception in thread "main" java.lang.NullPointerException
	at org.antlr.v4.runtime.tree.AbstractParseTreeVisitor.visit(AbstractParseTreeVisitor.java:18)
	at IRGenerator.visitAddExp(IRGenerator.java:385)
	at IRGenerator.visitAddExp(IRGenerator.java:12)
	at SysYParser$AddExpContext.accept(SysYParser.java:2174)
	at org.antlr.v4.runtime.tree.AbstractParseTreeVisitor.visit(AbstractParseTreeVisitor.java:18)
	at IRGenerator.visitExp(IRGenerator.java:378)
	at IRGenerator.visitExp(IRGenerator.java:12)
	at SysYParser$ExpContext.accept(SysYParser.java:1576)
	at org.antlr.v4.runtime.tree.AbstractParseTreeVisitor.visit(AbstractParseTreeVisitor.java:18)
	at IRGenerator.visitInitVal(IRGenerator.java:150)
	at IRGenerator.visitInitVal(IRGenerator.java:12)
	at SysYParser$InitValContext.accept(SysYParser.java:873)
	at org.antlr.v4.runtime.tree.AbstractParseTreeVisitor.visit(AbstractParseTreeVisitor.java:18)
	at IRGenerator.visitVarDecl(IRGenerator.java:95)
	at IRGenerator.visitVarDecl(IRGenerator.java:12)
	at SysYParser$VarDeclContext.accept(SysYParser.java:682)
	at org.antlr.v4.runtime.tree.AbstractParseTreeVisitor.visit(AbstractParseTreeVisitor.java:18)
	at IRGenerator.visitDecl(IRGenerator.java:62)
	at IRGenerator.visitDecl(IRGenerator.java:12)
	at SysYParser$DeclContext.accept(SysYParser.java:259)
	at org.antlr.v4.runtime.tree.AbstractParseTreeVisitor.visit(AbstractParseTreeVisitor.java:18)
	at IRGenerator.visitBlockItem(IRGenerator.java:245)
	at IRGenerator.visitBlockItem(IRGenerator.java:12)
	at SysYParser$BlockItemContext.accept(SysYParser.java:1319)
	at org.antlr.v4.runtime.tree.AbstractParseTreeVisitor.visit(AbstractParseTreeVisitor.java:18)
	at IRGenerator.visitBlock(IRGenerator.java:227)
	at IRGenerator.visitBlock(IRGenerator.java:12)
	at SysYParser$BlockContext.accept(SysYParser.java:1255)
	at org.antlr.v4.runtime.tree.AbstractParseTreeVisitor.visit(AbstractParseTreeVisitor.java:18)
	at IRGenerator.visitFuncDef(IRGenerator.java:195)
	at IRGenerator.visitFuncDef(IRGenerator.java:12)
	at SysYParser$FuncDefContext.accept(SysYParser.java:975)
	at org.antlr.v4.runtime.tree.AbstractParseTreeVisitor.visit(AbstractParseTreeVisitor.java:18)
	at IRGenerator.visitCompUnit(IRGenerator.java:54)
	at IRGenerator.visitCompUnit(IRGenerator.java:12)
	at SysYParser$CompUnitContext.accept(SysYParser.java:185)
	at org.antlr.v4.runtime.tree.AbstractParseTreeVisitor.visit(AbstractParseTreeVisitor.java:18)
	at IRGenerator.visitProgram(IRGenerator.java:46)
	at IRGenerator.visitProgram(IRGenerator.java:12)
	at SysYParser$ProgramContext.accept(SysYParser.java:131)
	at org.antlr.v4.runtime.tree.AbstractParseTreeVisitor.visit(AbstractParseTreeVisitor.java:18)
	at Main.main(Main.java:40)
